Archive member included to satisfy reference by file (symbol)

c:/program files (x86)/atmel/studio/7.0/toolchain/arm/arm-gnu-toolchain/bin/../lib/gcc/arm-none-eabi/6.3.1/thumb/v6-m\libgcc.a(_udivsi3.o)
                              src/ASF/sam0/drivers/system/clock/clock_saml21/clock.o (__aeabi_uidiv)
c:/program files (x86)/atmel/studio/7.0/toolchain/arm/arm-gnu-toolchain/bin/../lib/gcc/arm-none-eabi/6.3.1/thumb/v6-m\libgcc.a(_divsi3.o)
                              src/ASF/sam0/drivers/usb/stack_interface/usb_device_udd.o (__aeabi_idivmod)
c:/program files (x86)/atmel/studio/7.0/toolchain/arm/arm-gnu-toolchain/bin/../lib/gcc/arm-none-eabi/6.3.1/thumb/v6-m\libgcc.a(_dvmd_tls.o)
                              c:/program files (x86)/atmel/studio/7.0/toolchain/arm/arm-gnu-toolchain/bin/../lib/gcc/arm-none-eabi/6.3.1/thumb/v6-m\libgcc.a(_udivsi3.o) (__aeabi_idiv0)
c:/program files (x86)/atmel/studio/7.0/toolchain/arm/arm-gnu-toolchain/bin/../lib/gcc/arm-none-eabi/6.3.1/thumb/v6-m\libgcc.a(_clzsi2.o)
                              src/ASF/sam0/drivers/usb/usb_sam_l/usb.o (__clzsi2)
c:/program files (x86)/atmel/studio/7.0/toolchain/arm/arm-gnu-toolchain/bin/../lib/gcc/arm-none-eabi/6.3.1/thumb/v6-m\libgcc.a(_ctzsi2.o)
                              src/ASF/sam0/drivers/usb/usb_sam_l/usb.o (__ctzsi2)
c:/program files (x86)/atmel/studio/7.0/toolchain/arm/arm-gnu-toolchain/bin/../lib/gcc/arm-none-eabi/6.3.1/thumb/v6-m\libgcc.a(_muldi3.o)
                              src/ASF/sam0/drivers/sercom/sercom.o (__aeabi_lmul)
c:/program files (x86)/atmel/studio/7.0/toolchain/arm/arm-gnu-toolchain/bin/../lib/gcc/arm-none-eabi/6.3.1/../../../../arm-none-eabi/lib/thumb/v6-m\libc_nano.a(lib_a-exit.o)
                              c:/program files (x86)/atmel/studio/7.0/toolchain/arm/arm-gnu-toolchain/bin/../lib/gcc/arm-none-eabi/6.3.1/../../../../arm-none-eabi/lib/thumb/v6-m/crt0.o (exit)
c:/program files (x86)/atmel/studio/7.0/toolchain/arm/arm-gnu-toolchain/bin/../lib/gcc/arm-none-eabi/6.3.1/../../../../arm-none-eabi/lib/thumb/v6-m\libc_nano.a(lib_a-impure.o)
                              c:/program files (x86)/atmel/studio/7.0/toolchain/arm/arm-gnu-toolchain/bin/../lib/gcc/arm-none-eabi/6.3.1/../../../../arm-none-eabi/lib/thumb/v6-m\libc_nano.a(lib_a-exit.o) (_global_impure_ptr)
c:/program files (x86)/atmel/studio/7.0/toolchain/arm/arm-gnu-toolchain/bin/../lib/gcc/arm-none-eabi/6.3.1/../../../../arm-none-eabi/lib/thumb/v6-m\libc_nano.a(lib_a-init.o)
                              c:/program files (x86)/atmel/studio/7.0/toolchain/arm/arm-gnu-toolchain/bin/../lib/gcc/arm-none-eabi/6.3.1/../../../../arm-none-eabi/lib/thumb/v6-m/crt0.o (__libc_init_array)
c:/program files (x86)/atmel/studio/7.0/toolchain/arm/arm-gnu-toolchain/bin/../lib/gcc/arm-none-eabi/6.3.1/../../../../arm-none-eabi/lib/thumb/v6-m\libc_nano.a(lib_a-memcpy-stub.o)
                              src/ASF/common/services/usb/class/cdc/device/udi_cdc.o (memcpy)
c:/program files (x86)/atmel/studio/7.0/toolchain/arm/arm-gnu-toolchain/bin/../lib/gcc/arm-none-eabi/6.3.1/../../../../arm-none-eabi/lib/thumb/v6-m\libc_nano.a(lib_a-memset.o)
                              c:/program files (x86)/atmel/studio/7.0/toolchain/arm/arm-gnu-toolchain/bin/../lib/gcc/arm-none-eabi/6.3.1/../../../../arm-none-eabi/lib/thumb/v6-m/crt0.o (memset)

Allocating common symbols
Common symbol       size              file

b_sharp_received    0x1               src/usart_sam_ba.o
udd_ep_out_cache_buffer
                    0xc0              src/ASF/sam0/drivers/usb/stack_interface/usb_device_udd.o
usb_descriptor_table
                    0x100             src/ASF/sam0/drivers/usb/usb_sam_l/usb.o
j                   0x1               src/sam_ba_monitor.o
usb_device          0x168             src/ASF/sam0/drivers/usb/stack_interface/usb_device_udd.o
idx_rx_write        0x1               src/usart_sam_ba.o
size_of_data        0x2               src/usart_sam_ba.o
length              0x4               src/sam_ba_monitor.o
ptr                 0x4               src/sam_ba_monitor.o
command             0x1               src/sam_ba_monitor.o
_sercom_instances   0x18              src/ASF/sam0/drivers/sercom/sercom_interrupt.o
idx_tx_read         0x1               src/usart_sam_ba.o
i                   0x4               src/sam_ba_monitor.o
usart_sam_ba        0x34              src/usart_sam_ba.o
buffer_tx_usart     0x80              src/usart_sam_ba.o
error_timeout       0x1               src/usart_sam_ba.o
_extint_dev         0x40              src/ASF/sam0/drivers/extint/extint_sam_l_c/extint.o
udd_g_ctrlreq       0x18              src/ASF/sam0/drivers/usb/stack_interface/usb_device_udd.o
_current_channel    0x1               src/ASF/sam0/drivers/extint/extint_callback.o
data                0x40              src/sam_ba_monitor.o
mode_of_transfer    0x1               src/usart_sam_ba.o
ptr_data            0x4               src/sam_ba_monitor.o
idx_rx_read         0x1               src/usart_sam_ba.o
[...]
Memory Configuration

Name             Origin             Length             Attributes
rom              0x00000000         0x00040000         xr
ram              0x20000000         0x00008000         xrw
lpram            0x30000000         0x00002000         xrw
*default*        0x00000000         0xffffffff

Linker script and memory map

LOAD c:/program files (x86)/atmel/studio/7.0/toolchain/arm/arm-gnu-toolchain/bin/../lib/gcc/arm-none-eabi/6.3.1/thumb/v6-m/crti.o
LOAD c:/program files (x86)/atmel/studio/7.0/toolchain/arm/arm-gnu-toolchain/bin/../lib/gcc/arm-none-eabi/6.3.1/thumb/v6-m/crtbegin.o
LOAD c:/program files (x86)/atmel/studio/7.0/toolchain/arm/arm-gnu-toolchain/bin/../lib/gcc/arm-none-eabi/6.3.1/../../../../arm-none-eabi/lib/thumb/v6-m/crt0.o
LOAD src/ASF/common/services/sleepmgr/saml/sleepmgr.o
LOAD src/ASF/common/services/usb/class/cdc/device/udi_cdc.o
LOAD src/ASF/common/services/usb/class/cdc/device/udi_cdc_desc.o
LOAD src/ASF/common/services/usb/udc/udc.o
LOAD src/ASF/common/utils/interrupt/interrupt_sam_nvic.o
LOAD src/ASF/sam0/boards/saml21_xplained_pro_b/board_init.o
LOAD src/ASF/sam0/drivers/extint/extint_callback.o
LOAD src/ASF/sam0/drivers/extint/extint_sam_l_c/extint.o
LOAD src/ASF/sam0/drivers/port/port.o
LOAD src/ASF/sam0/drivers/sercom/sercom.o
LOAD src/ASF/sam0/drivers/sercom/sercom_interrupt.o
LOAD src/ASF/sam0/drivers/sercom/usart/usart.o
LOAD src/ASF/sam0/drivers/sercom/usart/usart_interrupt.o
LOAD src/ASF/sam0/drivers/system/clock/clock_saml21/clock.o
LOAD src/ASF/sam0/drivers/system/clock/clock_saml21/gclk.o
LOAD src/ASF/sam0/drivers/system/interrupt/system_interrupt.o
LOAD src/ASF/sam0/drivers/system/pinmux/pinmux.o
LOAD src/ASF/sam0/drivers/system/system.o
LOAD src/ASF/sam0/drivers/usb/stack_interface/usb_device_udd.o
LOAD src/ASF/sam0/drivers/usb/stack_interface/usb_dual.o
LOAD src/ASF/sam0/drivers/usb/usb_sam_l/usb.o
LOAD src/ASF/sam0/utils/cmsis/saml21/source/gcc/startup_saml21.o
LOAD src/ASF/sam0/utils/cmsis/saml21/source/system_saml21.o
LOAD src/ASF/sam0/utils/syscalls/gcc/syscalls.o
LOAD src/main.o
LOAD src/sam_ba_monitor.o
LOAD src/usart_sam_ba.o
START GROUP
LOAD ../src/ASF/thirdparty/CMSIS/Lib/GCC\libarm_cortexM0l_math.a
LOAD c:/program files (x86)/atmel/studio/7.0/toolchain/arm/arm-gnu-toolchain/bin/../lib/gcc/arm-none-eabi/6.3.1/../../../../arm-none-eabi/lib/thumb/v6-m\libm.a
END GROUP
                0x00000400                STACK_SIZE = 0x400
START GROUP
LOAD c:/program files (x86)/atmel/studio/7.0/toolchain/arm/arm-gnu-toolchain/bin/../lib/gcc/arm-none-eabi/6.3.1/thumb/v6-m\libgcc.a
LOAD c:/program files (x86)/atmel/studio/7.0/toolchain/arm/arm-gnu-toolchain/bin/../lib/gcc/arm-none-eabi/6.3.1/../../../../arm-none-eabi/lib/thumb/v6-m\libc_nano.a
END GROUP
START GROUP
LOAD c:/program files (x86)/atmel/studio/7.0/toolchain/arm/arm-gnu-toolchain/bin/../lib/gcc/arm-none-eabi/6.3.1/thumb/v6-m\libgcc.a
LOAD c:/program files (x86)/atmel/studio/7.0/toolchain/arm/arm-gnu-toolchain/bin/../lib/gcc/arm-none-eabi/6.3.1/../../../../arm-none-eabi/lib/thumb/v6-m\libc_nano.a
END GROUP
LOAD c:/program files (x86)/atmel/studio/7.0/toolchain/arm/arm-gnu-toolchain/bin/../lib/gcc/arm-none-eabi/6.3.1/thumb/v6-m/crtend.o
LOAD c:/program files (x86)/atmel/studio/7.0/toolchain/arm/arm-gnu-toolchain/bin/../lib/gcc/arm-none-eabi/6.3.1/thumb/v6-m/crtn.o
                0x00002000                STACK_SIZE = DEFINED (STACK_SIZE)?STACK_SIZE:DEFINED (__stack_size__)?__stack_size__:0x2000

.text           0x00000000     0x52b4
                0x00000000                . = ALIGN (0x4)
                0x00000000                _sfixed = .
 *(.vectors .vectors.*)
 .vectors       0x00000000       0xb4 src/ASF/sam0/utils/cmsis/saml21/source/gcc/startup_saml21.o
                0x00000000                exception_table
 *(.text .text.* .gnu.linkonce.t.*)
 .text          0x000000b4       0x60 c:/program files (x86)/atmel/studio/7.0/toolchain/arm/arm-gnu-toolchain/bin/../lib/gcc/arm-none-eabi/6.3.1/thumb/v6-m/crtbegin.o
 .text.udi_cdc_comm_disable
                0x00000114       0x10 src/ASF/common/services/usb/class/cdc/device/udi_cdc.o
                0x00000114                udi_cdc_comm_disable
 .text.udi_cdc_data_setup
                0x00000124        0x4 src/ASF/common/services/usb/class/cdc/device/udi_cdc.o
                0x00000124                udi_cdc_data_setup
 .text.udi_cdc_getsetting
                0x00000128        0x4 src/ASF/common/services/usb/class/cdc/device/udi_cdc.o
                0x00000128                udi_cdc_getsetting
 .text.udi_cdc_line_coding_received
                0x0000012c       0x14 src/ASF/common/services/usb/class/cdc/device/udi_cdc.o
 .text.udi_cdc_comm_enable
                0x00000140       0x68 src/ASF/common/services/usb/class/cdc/device/udi_cdc.o
                0x00000140                udi_cdc_comm_enable
 .text.udi_cdc_tx_send
                0x000001a8      0x160 src/ASF/common/services/usb/class/cdc/device/udi_cdc.o
 .text.udi_cdc_data_sent
                0x00000308       0x3c src/ASF/common/services/usb/class/cdc/device/udi_cdc.o
 .text.udi_cdc_data_sof_notify
                0x00000344       0x10 src/ASF/common/services/usb/class/cdc/device/udi_cdc.o
                0x00000344                udi_cdc_data_sof_notify
 .text.udi_cdc_data_disable
                0x00000354       0x28 src/ASF/common/services/usb/class/cdc/device/udi_cdc.o
                0x00000354                udi_cdc_data_disable
 .text.udi_cdc_comm_setup
                0x0000037c       0x94 src/ASF/common/services/usb/class/cdc/device/udi_cdc.o
                0x0000037c                udi_cdc_comm_setup
 .text.udi_cdc_multi_get_nb_received_data
                0x00000410       0x50 src/ASF/common/services/usb/class/cdc/device/udi_cdc.o
                0x00000410                udi_cdc_multi_get_nb_received_data
 .text.udi_cdc_multi_is_rx_ready
                0x00000460       0x14 src/ASF/common/services/usb/class/cdc/device/udi_cdc.o
                0x00000460                udi_cdc_multi_is_rx_ready
 .text.udi_cdc_rx_start
                0x00000474       0xcc src/ASF/common/services/usb/class/cdc/device/udi_cdc.o
 .text.udi_cdc_data_enable
                0x00000540       0x90 src/ASF/common/services/usb/class/cdc/device/udi_cdc.o
                0x00000540                udi_cdc_data_enable
 .text.udi_cdc_data_received
                0x000005d0       0x68 src/ASF/common/services/usb/class/cdc/device/udi_cdc.o
 .text.udi_cdc_is_rx_ready
                0x00000638       0x10 src/ASF/common/services/usb/class/cdc/device/udi_cdc.o
                0x00000638                udi_cdc_is_rx_ready
 .text.udi_cdc_multi_getc
                0x00000648       0xd0 src/ASF/common/services/usb/class/cdc/device/udi_cdc.o
                0x00000648                udi_cdc_multi_getc
 .text.udi_cdc_getc
                0x00000718       0x10 src/ASF/common/services/usb/class/cdc/device/udi_cdc.o
                0x00000718                udi_cdc_getc
 .text.udi_cdc_multi_read_buf
                0x00000728       0xd0 src/ASF/common/services/usb/class/cdc/device/udi_cdc.o
                0x00000728                udi_cdc_multi_read_buf
 .text.udi_cdc_multi_read_no_polling
                0x000007f8       0xcc src/ASF/common/services/usb/class/cdc/device/udi_cdc.o
                0x000007f8                udi_cdc_multi_read_no_polling
 .text.udi_cdc_read_no_polling
                0x000008c4       0x14 src/ASF/common/services/usb/class/cdc/device/udi_cdc.o
                0x000008c4                udi_cdc_read_no_polling
 .text.udi_cdc_read_buf
                0x000008d8       0x14 src/ASF/common/services/usb/class/cdc/device/udi_cdc.o
                0x000008d8                udi_cdc_read_buf
 .text.udi_cdc_multi_get_free_tx_buffer
                0x000008ec       0x80 src/ASF/common/services/usb/class/cdc/device/udi_cdc.o
                0x000008ec                udi_cdc_multi_get_free_tx_buffer
 .text.udi_cdc_multi_is_tx_ready
                0x0000096c       0x14 src/ASF/common/services/usb/class/cdc/device/udi_cdc.o
                0x0000096c                udi_cdc_multi_is_tx_ready
 .text.udi_cdc_multi_putc
                0x00000980       0xbc src/ASF/common/services/usb/class/cdc/device/udi_cdc.o
                0x00000980                udi_cdc_multi_putc
 .text.udi_cdc_putc
                0x00000a3c       0x10 src/ASF/common/services/usb/class/cdc/device/udi_cdc.o
                0x00000a3c                udi_cdc_putc
 .text.udi_cdc_multi_write_buf
                0x00000a4c       0xd0 src/ASF/common/services/usb/class/cdc/device/udi_cdc.o
                0x00000a4c                udi_cdc_multi_write_buf
 .text.udi_cdc_write_buf
                0x00000b1c       0x14 src/ASF/common/services/usb/class/cdc/device/udi_cdc.o
                0x00000b1c                udi_cdc_write_buf
 .text.udc_next_desc_in_iface
                0x00000b30       0x4c src/ASF/common/services/usb/udc/udc.o
 .text.udc_valid_address
                0x00000b7c       0x18 src/ASF/common/services/usb/udc/udc.o
 .text.udc_update_iface_desc
                0x00000b94       0x74 src/ASF/common/services/usb/udc/udc.o
 .text.udc_iface_disable
                0x00000c08       0x6c src/ASF/common/services/usb/udc/udc.o
 .text.udc_iface_enable
                0x00000c74       0x58 src/ASF/common/services/usb/udc/udc.o
 .text.udc_start
                0x00000ccc        0xc src/ASF/common/services/usb/udc/udc.o
                0x00000ccc                udc_start
 .text.udc_reset
                0x00000cd8       0x4c src/ASF/common/services/usb/udc/udc.o
                0x00000cd8                udc_reset
 .text.udc_sof_notify
                0x00000d24       0x44 src/ASF/common/services/usb/udc/udc.o
                0x00000d24                udc_sof_notify
 .text.udc_process_setup
                0x00000d68      0x444 src/ASF/common/services/usb/udc/udc.o
                0x00000d68                udc_process_setup
 .text.cpu_irq_enter_critical
                0x000011ac       0x40 src/ASF/common/utils/interrupt/interrupt_sam_nvic.o
                0x000011ac                cpu_irq_enter_critical
 .text.cpu_irq_leave_critical
                0x000011ec       0x30 src/ASF/common/utils/interrupt/interrupt_sam_nvic.o
                0x000011ec                cpu_irq_leave_critical
 .text.system_board_init
                0x0000121c       0x38 src/ASF/sam0/boards/saml21_xplained_pro_b/board_init.o
                0x0000121c                board_init
                0x0000121c                system_board_init
 .text.EIC_Handler
                0x00001254       0x54 src/ASF/sam0/drivers/extint/extint_callback.o
                0x00001254                EIC_Handler
 .text._extint_enable
                0x000012a8       0x20 src/ASF/sam0/drivers/extint/extint_sam_l_c/extint.o
 .text._system_extint_init
                0x000012c8       0x80 src/ASF/sam0/drivers/extint/extint_sam_l_c/extint.o
                0x000012c8                _system_extint_init
 .text.port_pin_set_config
                0x00001348       0x24 src/ASF/sam0/drivers/port/port.o
                0x00001348                port_pin_set_config
 .text.long_division
                0x0000136c       0xba src/ASF/sam0/drivers/sercom/sercom.o
 .text._sercom_get_sync_baud_val
                0x00001426       0x28 src/ASF/sam0/drivers/sercom/sercom.o
                0x00001426                _sercom_get_sync_baud_val
 *fill*         0x0000144e        0x2 
 .text._sercom_get_async_baud_val
                0x00001450       0x94 src/ASF/sam0/drivers/sercom/sercom.o
                0x00001450                _sercom_get_async_baud_val
 .text.sercom_set_gclk_generator
                0x000014e4       0x4c src/ASF/sam0/drivers/sercom/sercom.o
                0x000014e4                sercom_set_gclk_generator
 .text._sercom_get_default_pad
                0x00001530      0x174 src/ASF/sam0/drivers/sercom/sercom.o
                0x00001530                _sercom_get_default_pad
 .text._sercom_get_sercom_inst_index
                0x000016a4       0x38 src/ASF/sam0/drivers/sercom/sercom.o
                0x000016a4                _sercom_get_sercom_inst_index
 .text._sercom_default_handler
                0x000016dc        0x2 src/ASF/sam0/drivers/sercom/sercom_interrupt.o
 *fill*         0x000016de        0x2 
 .text._sercom_set_handler
                0x000016e0       0x3c src/ASF/sam0/drivers/sercom/sercom_interrupt.o
                0x000016e0                _sercom_set_handler
 .text._sercom_get_interrupt_vector
                0x0000171c       0x30 src/ASF/sam0/drivers/sercom/sercom_interrupt.o
                0x0000171c                _sercom_get_interrupt_vector
 .text.SERCOM0_Handler
                0x0000174c       0x10 src/ASF/sam0/drivers/sercom/sercom_interrupt.o
                0x0000174c                SERCOM0_Handler
 .text.SERCOM1_Handler
                0x0000175c       0x10 src/ASF/sam0/drivers/sercom/sercom_interrupt.o
                0x0000175c                SERCOM1_Handler
 .text.SERCOM2_Handler
                0x0000176c       0x10 src/ASF/sam0/drivers/sercom/sercom_interrupt.o
                0x0000176c                SERCOM2_Handler
 .text.SERCOM3_Handler
                0x0000177c       0x10 src/ASF/sam0/drivers/sercom/sercom_interrupt.o
                0x0000177c                SERCOM3_Handler
 .text.SERCOM4_Handler
                0x0000178c       0x10 src/ASF/sam0/drivers/sercom/sercom_interrupt.o
                0x0000178c                SERCOM4_Handler
 .text.SERCOM5_Handler
                0x0000179c       0x10 src/ASF/sam0/drivers/sercom/sercom_interrupt.o
                0x0000179c                SERCOM5_Handler
 .text.usart_init
                0x000017ac      0x364 src/ASF/sam0/drivers/sercom/usart/usart.o
                0x000017ac                usart_init
 .text.usart_write_wait
                0x00001b10       0x26 src/ASF/sam0/drivers/sercom/usart/usart.o
                0x00001b10                usart_write_wait
 .text.usart_read_wait
                0x00001b36       0x6a src/ASF/sam0/drivers/sercom/usart/usart.o
                0x00001b36                usart_read_wait
 .text._usart_interrupt_handler
                0x00001ba0      0x194 src/ASF/sam0/drivers/sercom/usart/usart_interrupt.o
                0x00001ba0                _usart_interrupt_handler
 .text.system_clock_source_get_hz
                0x00001d34       0x98 src/ASF/sam0/drivers/system/clock/clock_saml21/clock.o
                0x00001d34                system_clock_source_get_hz
 .text.system_clock_source_osc16m_set_config
                0x00001dcc       0x34 src/ASF/sam0/drivers/system/clock/clock_saml21/clock.o
                0x00001dcc                system_clock_source_osc16m_set_config
 .text.system_clock_source_xosc32k_set_config
                0x00001e00       0x9c src/ASF/sam0/drivers/system/clock/clock_saml21/clock.o
                0x00001e00                system_clock_source_xosc32k_set_config
 .text.system_clock_source_dfll_set_config
                0x00001e9c       0x88 src/ASF/sam0/drivers/system/clock/clock_saml21/clock.o
                0x00001e9c                system_clock_source_dfll_set_config
 .text.system_clock_source_enable
                0x00001f24       0xcc src/ASF/sam0/drivers/system/clock/clock_saml21/clock.o
                0x00001f24                system_clock_source_enable
 .text.system_clock_source_disable
                0x00001ff0       0x80 src/ASF/sam0/drivers/system/clock/clock_saml21/clock.o
                0x00001ff0                system_clock_source_disable
 .text.system_clock_init
                0x00002070      0x248 src/ASF/sam0/drivers/system/clock/clock_saml21/clock.o
                0x00002070                system_clock_init
 .text.system_gclk_init
                0x000022b8       0x24 src/ASF/sam0/drivers/system/clock/clock_saml21/gclk.o
                0x000022b8                system_gclk_init
 .text.system_gclk_gen_set_config
                0x000022dc       0xac src/ASF/sam0/drivers/system/clock/clock_saml21/gclk.o
                0x000022dc                system_gclk_gen_set_config
 .text.system_gclk_gen_enable
                0x00002388       0x40 src/ASF/sam0/drivers/system/clock/clock_saml21/gclk.o
                0x00002388                system_gclk_gen_enable
 .text.system_gclk_gen_get_hz
                0x000023c8       0x6c src/ASF/sam0/drivers/system/clock/clock_saml21/gclk.o
                0x000023c8                system_gclk_gen_get_hz
 .text.system_gclk_chan_enable
                0x00002434       0x38 src/ASF/sam0/drivers/system/clock/clock_saml21/gclk.o
                0x00002434                system_gclk_chan_enable
 .text.system_gclk_chan_disable
                0x0000246c       0x38 src/ASF/sam0/drivers/system/clock/clock_saml21/gclk.o
                0x0000246c                system_gclk_chan_disable
 .text.system_gclk_chan_set_config
                0x000024a4       0x24 src/ASF/sam0/drivers/system/clock/clock_saml21/gclk.o
                0x000024a4                system_gclk_chan_set_config
 .text.system_gclk_chan_get_hz
                0x000024c8       0x30 src/ASF/sam0/drivers/system/clock/clock_saml21/gclk.o
                0x000024c8                system_gclk_chan_get_hz
 .text._system_pinmux_config
                0x000024f8       0xa8 src/ASF/sam0/drivers/system/pinmux/pinmux.o
 .text.system_pinmux_pin_set_config
                0x000025a0       0x30 src/ASF/sam0/drivers/system/pinmux/pinmux.o
                0x000025a0                system_pinmux_pin_set_config
 .text._system_dummy_init
                0x000025d0        0x2 src/ASF/sam0/drivers/system/system.o
                0x000025d0                _system_events_init
                0x000025d0                _system_dummy_init
                0x000025d0                _system_divas_init
 *fill*         0x000025d2        0x2 
 .text.system_init
                0x000025d4       0x2c src/ASF/sam0/drivers/system/system.o
                0x000025d4                system_init
 .text.udd_sleep_mode
                0x00002600       0xbc src/ASF/sam0/drivers/usb/stack_interface/usb_device_udd.o
 .text.udd_ep_get_job
                0x000026bc       0x24 src/ASF/sam0/drivers/usb/stack_interface/usb_device_udd.o
 .text.udd_ep_transfer_process
                0x000026e0      0x1b4 src/ASF/sam0/drivers/usb/stack_interface/usb_device_udd.o
 .text.udd_ctrl_stall_data
                0x00002894       0x2c src/ASF/sam0/drivers/usb/stack_interface/usb_device_udd.o
 .text._usb_on_wakeup
                0x000028c0       0x6c src/ASF/sam0/drivers/usb/stack_interface/usb_device_udd.o
 .text._usb_on_suspend
                0x0000292c       0x2c src/ASF/sam0/drivers/usb/stack_interface/usb_device_udd.o
 .text._usb_device_lpm_suspend
                0x00002958       0x5c src/ASF/sam0/drivers/usb/stack_interface/usb_device_udd.o
 .text._usb_on_bus_reset
                0x000029b4       0xb0 src/ASF/sam0/drivers/usb/stack_interface/usb_device_udd.o
 .text.udd_ctrl_send_zlp_in
                0x00002a64       0x3c src/ASF/sam0/drivers/usb/stack_interface/usb_device_udd.o
 .text._usb_ep0_on_tansfer_fail
                0x00002aa0       0x54 src/ASF/sam0/drivers/usb/stack_interface/usb_device_udd.o
 .text.udd_ctrl_in_sent
                0x00002af4       0xa8 src/ASF/sam0/drivers/usb/stack_interface/usb_device_udd.o
 .text._usb_ep0_on_setup
                0x00002b9c       0xe4 src/ASF/sam0/drivers/usb/stack_interface/usb_device_udd.o
 .text._usb_on_sof_notify
                0x00002c80        0xc src/ASF/sam0/drivers/usb/stack_interface/usb_device_udd.o
 .text.udd_ep_abort
                0x00002c8c       0x3c src/ASF/sam0/drivers/usb/stack_interface/usb_device_udd.o
                0x00002c8c                udd_ep_abort
 .text.udd_is_high_speed
                0x00002cc8        0x4 src/ASF/sam0/drivers/usb/stack_interface/usb_device_udd.o
                0x00002cc8                udd_is_high_speed
 .text.udd_get_frame_number
                0x00002ccc       0x10 src/ASF/sam0/drivers/usb/stack_interface/usb_device_udd.o
                0x00002ccc                udd_get_frame_number
 .text.udd_get_micro_frame_number
                0x00002cdc       0x10 src/ASF/sam0/drivers/usb/stack_interface/usb_device_udd.o
                0x00002cdc                udd_get_micro_frame_number
 .text.udd_ep_free
                0x00002cec       0x58 src/ASF/sam0/drivers/usb/stack_interface/usb_device_udd.o
                0x00002cec                udd_ep_free
 .text.udd_ep_alloc
                0x00002d44      0x108 src/ASF/sam0/drivers/usb/stack_interface/usb_device_udd.o
                0x00002d44                udd_ep_alloc
 .text.udd_ep_is_halted
                0x00002e4c       0x14 src/ASF/sam0/drivers/usb/stack_interface/usb_device_udd.o
                0x00002e4c                udd_ep_is_halted
 .text.udd_ep_set_halt
                0x00002e60       0x30 src/ASF/sam0/drivers/usb/stack_interface/usb_device_udd.o
                0x00002e60                udd_ep_set_halt
 .text._usb_ep0_on_tansfer_ok
                0x00002e90      0x100 src/ASF/sam0/drivers/usb/stack_interface/usb_device_udd.o
 .text.udd_ep_clear_halt
                0x00002f90       0x44 src/ASF/sam0/drivers/usb/stack_interface/usb_device_udd.o
                0x00002f90                udd_ep_clear_halt
 .text.udd_ep_run
                0x00002fd4      0x1d8 src/ASF/sam0/drivers/usb/stack_interface/usb_device_udd.o
                0x00002fd4                udd_ep_run
 .text.udd_set_address
                0x000031ac       0x10 src/ASF/sam0/drivers/usb/stack_interface/usb_device_udd.o
                0x000031ac                udd_set_address
 .text.udd_getaddress
                0x000031bc       0x10 src/ASF/sam0/drivers/usb/stack_interface/usb_device_udd.o
                0x000031bc                udd_getaddress
 .text.udd_set_setup_payload
                0x000031cc        0xc src/ASF/sam0/drivers/usb/stack_interface/usb_device_udd.o
                0x000031cc                udd_set_setup_payload
 .text.udd_attach
                0x000031d8       0x84 src/ASF/sam0/drivers/usb/stack_interface/usb_device_udd.o
                0x000031d8                udd_attach
 .text.udd_enable
                0x0000325c       0xa0 src/ASF/sam0/drivers/usb/stack_interface/usb_device_udd.o
                0x0000325c                udd_enable
 .text.usb_device_register_callback
                0x000032fc       0x24 src/ASF/sam0/drivers/usb/usb_sam_l/usb.o
                0x000032fc                usb_device_register_callback
 .text.usb_device_enable_callback
                0x00003320       0x20 src/ASF/sam0/drivers/usb/usb_sam_l/usb.o
                0x00003320                usb_device_enable_callback
 .text.usb_device_disable_callback
                0x00003340       0x1c src/ASF/sam0/drivers/usb/usb_sam_l/usb.o
                0x00003340                usb_device_disable_callback
 .text.usb_device_endpoint_register_callback
                0x0000335c       0x28 src/ASF/sam0/drivers/usb/usb_sam_l/usb.o
                0x0000335c                usb_device_endpoint_register_callback
 .text.usb_device_endpoint_unregister_callback
                0x00003384       0x28 src/ASF/sam0/drivers/usb/usb_sam_l/usb.o
                0x00003384                usb_device_endpoint_unregister_callback
 .text.usb_device_endpoint_enable_callback
                0x000033ac       0xd0 src/ASF/sam0/drivers/usb/usb_sam_l/usb.o
                0x000033ac                usb_device_endpoint_enable_callback
 .text.usb_device_endpoint_disable_callback
                0x0000347c       0xd0 src/ASF/sam0/drivers/usb/usb_sam_l/usb.o
                0x0000347c                usb_device_endpoint_disable_callback
 .text.usb_device_endpoint_get_config_defaults
                0x0000354c        0xe src/ASF/sam0/drivers/usb/usb_sam_l/usb.o
                0x0000354c                usb_device_endpoint_get_config_defaults
 *fill*         0x0000355a        0x2 
 .text.usb_device_endpoint_set_config
                0x0000355c      0x244 src/ASF/sam0/drivers/usb/usb_sam_l/usb.o
                0x0000355c                usb_device_endpoint_set_config
 .text.usb_device_endpoint_abort_job
                0x000037a0       0x36 src/ASF/sam0/drivers/usb/usb_sam_l/usb.o
                0x000037a0                usb_device_endpoint_abort_job
 .text.usb_device_endpoint_is_halted
                0x000037d6       0x2a src/ASF/sam0/drivers/usb/usb_sam_l/usb.o
                0x000037d6                usb_device_endpoint_is_halted
 .text.usb_device_endpoint_set_halt
                0x00003800       0x26 src/ASF/sam0/drivers/usb/usb_sam_l/usb.o
                0x00003800                usb_device_endpoint_set_halt
 .text.usb_device_endpoint_clear_halt
                0x00003826       0x84 src/ASF/sam0/drivers/usb/usb_sam_l/usb.o
                0x00003826                usb_device_endpoint_clear_halt
 *fill*         0x000038aa        0x2 
 .text.usb_device_endpoint_write_buffer_job
                0x000038ac       0x54 src/ASF/sam0/drivers/usb/usb_sam_l/usb.o
                0x000038ac                usb_device_endpoint_write_buffer_job
 .text.usb_device_endpoint_read_buffer_job
                0x00003900       0x50 src/ASF/sam0/drivers/usb/usb_sam_l/usb.o
                0x00003900                usb_device_endpoint_read_buffer_job
 .text.usb_device_endpoint_setup_buffer_job
                0x00003950       0x30 src/ASF/sam0/drivers/usb/usb_sam_l/usb.o
                0x00003950                usb_device_endpoint_setup_buffer_job
 .text.usb_enable
                0x00003980       0x14 src/ASF/sam0/drivers/usb/usb_sam_l/usb.o
                0x00003980                usb_enable
 .text.USB_Handler
                0x00003994      0x6e0 src/ASF/sam0/drivers/usb/usb_sam_l/usb.o
                0x00003994                USB_Handler
 .text.usb_get_config_defaults
                0x00004074       0x10 src/ASF/sam0/drivers/usb/usb_sam_l/usb.o
                0x00004074                usb_get_config_defaults
 .text.usb_init
                0x00004084      0x1e0 src/ASF/sam0/drivers/usb/usb_sam_l/usb.o
                0x00004084                usb_init
 .text.Dummy_Handler
                0x00004264        0x2 src/ASF/sam0/utils/cmsis/saml21/source/gcc/startup_saml21.o
                0x00004264                DMAC_Handler
                0x00004264                TRNG_Handler
                0x00004264                HardFault_Handler
                0x00004264                TC2_Handler
                0x00004264                AC_Handler
                0x00004264                SysTick_Handler
                0x00004264                PendSV_Handler
                0x00004264                NMI_Handler
                0x00004264                ADC_Handler
                0x00004264                TCC1_Handler
                0x00004264                TCC0_Handler
                0x00004264                RTC_Handler
                0x00004264                WDT_Handler
                0x00004264                TC4_Handler
                0x00004264                TC1_Handler
                0x00004264                TC3_Handler
                0x00004264                Dummy_Handler
                0x00004264                SVC_Handler
                0x00004264                TCC2_Handler
                0x00004264                EVSYS_Handler
                0x00004264                NVMCTRL_Handler
                0x00004264                SYSTEM_Handler
                0x00004264                DAC_Handler
                0x00004264                PTC_Handler
                0x00004264                TC0_Handler
                0x00004264                AES_Handler
 *fill*         0x00004266        0x2 
 .text.Reset_Handler
                0x00004268       0x98 src/ASF/sam0/utils/cmsis/saml21/source/gcc/startup_saml21.o
                0x00004268                Reset_Handler
 .text.main     0x00004300       0x98 src/main.o
                0x00004300                main
 .text.main_suspend_lpm_action
                0x00004398        0x2 src/main.o
                0x00004398                main_suspend_lpm_action
 .text.main_remotewakeup_lpm_disable
                0x0000439a        0x2 src/main.o
                0x0000439a                main_remotewakeup_lpm_disable
 .text.main_remotewakeup_lpm_enable
                0x0000439c        0x2 src/main.o
                0x0000439c                main_remotewakeup_lpm_enable
 *fill*         0x0000439e        0x2 
 .text.main_cdc_enable
                0x000043a0       0x10 src/main.o
                0x000043a0                main_cdc_enable
 .text.main_cdc_disable
                0x000043b0        0xc src/main.o
                0x000043b0                main_cdc_disable
 .text.main_cdc_set_dtr
                0x000043bc        0x2 src/main.o
                0x000043bc                main_cdc_set_dtr
 .text.main_cdc_rx_notify
                0x000043be        0x2 src/main.o
                0x000043be                main_cdc_rx_notify
 .text.main_cdc_set_coding
                0x000043c0        0x2 src/main.o
                0x000043c0                main_cdc_set_coding
 *fill*         0x000043c2        0x2 
 .text.sam_ba_monitor_init
                0x000043c4       0x24 src/sam_ba_monitor.o
                0x000043c4                sam_ba_monitor_init
 .text.sam_ba_putdata_term
                0x000043e8       0x8c src/sam_ba_monitor.o
                0x000043e8                sam_ba_putdata_term
 .text.call_applet
                0x00004474       0x28 src/sam_ba_monitor.o
                0x00004474                call_applet
 .text.sam_ba_monitor_run
                0x0000449c      0x3a0 src/sam_ba_monitor.o
                0x0000449c                sam_ba_monitor_run
 .text.usart_open
                0x0000483c      0x128 src/usart_sam_ba.o
                0x0000483c                usart_open
 .text.usart_putc
                0x00004964       0x18 src/usart_sam_ba.o
                0x00004964                usart_putc
 .text.usart_is_rx_ready
                0x0000497c       0x10 src/usart_sam_ba.o
                0x0000497c                usart_is_rx_ready
 .text.usart_getc
                0x0000498c       0x2c src/usart_sam_ba.o
                0x0000498c                usart_getc
 .text.usart_sharp_received
                0x000049b8       0x24 src/usart_sam_ba.o
                0x000049b8                usart_sharp_received
 .text.usart_putdata
                0x000049dc       0x20 src/usart_sam_ba.o
                0x000049dc                usart_putdata
 .text.usart_getdata
                0x000049fc       0x14 src/usart_sam_ba.o
                0x000049fc                usart_getdata
 .text.add_crc  0x00004a10       0x2c src/usart_sam_ba.o
                0x00004a10                add_crc
 .text.getbytes
                0x00004a3c       0x94 src/usart_sam_ba.o
 .text.getPacket
                0x00004ad0       0x7c src/usart_sam_ba.o
                0x00004ad0                getPacket
 .text.usart_putdata_xmd
                0x00004b4c      0x158 src/usart_sam_ba.o
                0x00004b4c                usart_putdata_xmd
 .text.usart_getdata_xmd
                0x00004ca4       0xf0 src/usart_sam_ba.o
                0x00004ca4                usart_getdata_xmd
 .text          0x00004d94      0x114 c:/program files (x86)/atmel/studio/7.0/toolchain/arm/arm-gnu-toolchain/bin/../lib/gcc/arm-none-eabi/6.3.1/thumb/v6-m\libgcc.a(_udivsi3.o)
                0x00004d94                __aeabi_uidiv
                0x00004d94                __udivsi3
                0x00004ea0                __aeabi_uidivmod
 .text          0x00004ea8      0x1d4 c:/program files (x86)/atmel/studio/7.0/toolchain/arm/arm-gnu-toolchain/bin/../lib/gcc/arm-none-eabi/6.3.1/thumb/v6-m\libgcc.a(_divsi3.o)
                0x00004ea8                __divsi3
                0x00004ea8                __aeabi_idiv
                0x00005074                __aeabi_idivmod
 .text          0x0000507c        0x4 c:/program files (x86)/atmel/studio/7.0/toolchain/arm/arm-gnu-toolchain/bin/../lib/gcc/arm-none-eabi/6.3.1/thumb/v6-m\libgcc.a(_dvmd_tls.o)
                0x0000507c                __aeabi_idiv0
                0x0000507c                __aeabi_ldiv0
 .text          0x00005080       0x40 c:/program files (x86)/atmel/studio/7.0/toolchain/arm/arm-gnu-toolchain/bin/../lib/gcc/arm-none-eabi/6.3.1/thumb/v6-m\libgcc.a(_ctzsi2.o)
                0x00005080                __ctzsi2
 .text          0x000050c0       0x54 c:/program files (x86)/atmel/studio/7.0/toolchain/arm/arm-gnu-toolchain/bin/../lib/gcc/arm-none-eabi/6.3.1/thumb/v6-m\libgcc.a(_muldi3.o)
                0x000050c0                __muldi3
                0x000050c0                __aeabi_lmul
 .text.__libc_init_array
                0x00005114       0x48 c:/program files (x86)/atmel/studio/7.0/toolchain/arm/arm-gnu-toolchain/bin/../lib/gcc/arm-none-eabi/6.3.1/../../../../arm-none-eabi/lib/thumb/v6-m\libc_nano.a(lib_a-init.o)
                0x00005114                __libc_init_array
 .text.memcpy   0x0000515c       0x12 c:/program files (x86)/atmel/studio/7.0/toolchain/arm/arm-gnu-toolchain/bin/../lib/gcc/arm-none-eabi/6.3.1/../../../../arm-none-eabi/lib/thumb/v6-m\libc_nano.a(lib_a-memcpy-stub.o)
                0x0000515c                memcpy
 .text.memset   0x0000516e       0x10 c:/program files (x86)/atmel/studio/7.0/toolchain/arm/arm-gnu-toolchain/bin/../lib/gcc/arm-none-eabi/6.3.1/../../../../arm-none-eabi/lib/thumb/v6-m\libc_nano.a(lib_a-memset.o)
                0x0000516e                memset
 *(.glue_7t)
 .glue_7t       0x0000517e        0x0 linker stubs
 *(.glue_7)
 .glue_7        0x0000517e        0x0 linker stubs
 *(.rodata .rodata* .gnu.linkonce.r.*)
 *fill*         0x0000517e        0x2 
 .rodata        0x00005180       0x18 src/ASF/sam0/drivers/sercom/sercom.o
 .rodata.system_clock_source_get_hz
                0x00005198       0x24 src/ASF/sam0/drivers/system/clock/clock_saml21/clock.o
 .rodata.system_clock_source_enable
                0x000051bc       0x24 src/ASF/sam0/drivers/system/clock/clock_saml21/clock.o
 .rodata.system_clock_source_disable
                0x000051e0       0x24 src/ASF/sam0/drivers/system/clock/clock_saml21/clock.o
 .rodata.usb_device_endpoint_set_config
                0x00005204       0x14 src/ASF/sam0/drivers/usb/usb_sam_l/usb.o
 .rodata._usb_device_irq_bits
                0x00005218        0xe src/ASF/sam0/drivers/usb/usb_sam_l/usb.o
 *fill*         0x00005226        0x2 
 .rodata._usb_endpoint_irq_bits
                0x00005228        0x4 src/ASF/sam0/drivers/usb/usb_sam_l/usb.o
 .rodata.RomBOOT_Version
                0x0000522c        0x5 src/sam_ba_monitor.o
                0x0000522c                RomBOOT_Version
 *fill*         0x00005231        0x3 
 .rodata.sam_ba_monitor_run.str1.4
                0x00005234       0x28 src/sam_ba_monitor.o
                                 0x26 (size before relaxing)
 .rodata.uart_if
                0x0000525c       0x1c src/sam_ba_monitor.o
                0x0000525c                uart_if
 .rodata.usbcdc_if
                0x00005278       0x1c src/sam_ba_monitor.o
                0x00005278                usbcdc_if
 *(.ARM.extab* .gnu.linkonce.armextab.*)
                0x00005294                . = ALIGN (0x4)
 *(.init)
 .init          0x00005294        0x4 c:/program files (x86)/atmel/studio/7.0/toolchain/arm/arm-gnu-toolchain/bin/../lib/gcc/arm-none-eabi/6.3.1/thumb/v6-m/crti.o
                0x00005294                _init
 .init          0x00005298        0x8 c:/program files (x86)/atmel/studio/7.0/toolchain/arm/arm-gnu-toolchain/bin/../lib/gcc/arm-none-eabi/6.3.1/thumb/v6-m/crtn.o
                0x000052a0                . = ALIGN (0x4)
                0x000052a0                __preinit_array_start = .
 *(.preinit_array)
                0x000052a0                __preinit_array_end = .
                0x000052a0                . = ALIGN (0x4)
                0x000052a0                __init_array_start = .
 *(SORT(.init_array.*))
 *(.init_array)
 .init_array    0x000052a0        0x4 c:/program files (x86)/atmel/studio/7.0/toolchain/arm/arm-gnu-toolchain/bin/../lib/gcc/arm-none-eabi/6.3.1/thumb/v6-m/crtbegin.o
                0x000052a4                __init_array_end = .
                0x000052a4                . = ALIGN (0x4)
 *crtbegin.o(.ctors)
 *(EXCLUDE_FILE(*crtend.o) .ctors)
 *(SORT(.ctors.*))
 *crtend.o(.ctors)
                0x000052a4                . = ALIGN (0x4)
 *(.fini)
 .fini          0x000052a4        0x4 c:/program files (x86)/atmel/studio/7.0/toolchain/arm/arm-gnu-toolchain/bin/../lib/gcc/arm-none-eabi/6.3.1/thumb/v6-m/crti.o
                0x000052a4                _fini
 .fini          0x000052a8        0x8 c:/program files (x86)/atmel/studio/7.0/toolchain/arm/arm-gnu-toolchain/bin/../lib/gcc/arm-none-eabi/6.3.1/thumb/v6-m/crtn.o
                0x000052b0                . = ALIGN (0x4)
                0x000052b0                __fini_array_start = .
 *(.fini_array)
 .fini_array    0x000052b0        0x4 c:/program files (x86)/atmel/studio/7.0/toolchain/arm/arm-gnu-toolchain/bin/../lib/gcc/arm-none-eabi/6.3.1/thumb/v6-m/crtbegin.o
 *(SORT(.fini_array.*))
                0x000052b4                __fini_array_end = .
 *crtbegin.o(.dtors)
 *(EXCLUDE_FILE(*crtend.o) .dtors)
 *(SORT(.dtors.*))
 *crtend.o(.dtors)
                0x000052b4                . = ALIGN (0x4)
                0x000052b4                _efixed = .
                [!provide]                PROVIDE (__exidx_start, .)

.vfp11_veneer   0x000052b4        0x0
 .vfp11_veneer  0x000052b4        0x0 linker stubs

.v4_bx          0x000052b4        0x0
 .v4_bx         0x000052b4        0x0 linker stubs

.iplt           0x000052b4        0x0
 .iplt          0x000052b4        0x0 c:/program files (x86)/atmel/studio/7.0/toolchain/arm/arm-gnu-toolchain/bin/../lib/gcc/arm-none-eabi/6.3.1/thumb/v6-m/crtbegin.o

.eh_frame       0x000052b4        0x0
 .eh_frame      0x000052b4        0x0 c:/program files (x86)/atmel/studio/7.0/toolchain/arm/arm-gnu-toolchain/bin/../lib/gcc/arm-none-eabi/6.3.1/thumb/v6-m/crtbegin.o

.rel.dyn        0x000052b4        0x0
 .rel.iplt      0x000052b4        0x0 c:/program files (x86)/atmel/studio/7.0/toolchain/arm/arm-gnu-toolchain/bin/../lib/gcc/arm-none-eabi/6.3.1/thumb/v6-m/crtbegin.o

.jcr            0x000052b4        0x0
 .jcr           0x000052b4        0x0 c:/program files (x86)/atmel/studio/7.0/toolchain/arm/arm-gnu-toolchain/bin/../lib/gcc/arm-none-eabi/6.3.1/thumb/v6-m/crtbegin.o

.igot.plt       0x000052b4        0x0
 .igot.plt      0x000052b4        0x0 c:/program files (x86)/atmel/studio/7.0/toolchain/arm/arm-gnu-toolchain/bin/../lib/gcc/arm-none-eabi/6.3.1/thumb/v6-m/crtbegin.o

.ARM.exidx
 *(.ARM.exidx* .gnu.linkonce.armexidx.*)
                [!provide]                PROVIDE (__exidx_end, .)
                0x000052b4                . = ALIGN (0x4)
                0x000052b4                _etext = .

.relocate       0x20000000      0x114 load address 0x000052b4
                0x20000000                . = ALIGN (0x4)
                0x20000000                _srelocate = .
 *(.ramfunc .ramfunc.*)
 *(.data .data.*)
 .data.udi_api_cdc_comm
                0x20000000       0x14 src/ASF/common/services/usb/class/cdc/device/udi_cdc.o
                0x20000000                udi_api_cdc_comm
 .data.udi_api_cdc_data
                0x20000014       0x14 src/ASF/common/services/usb/class/cdc/device/udi_cdc.o
                0x20000014                udi_api_cdc_data
 .data.udc_config
                0x20000028        0xc src/ASF/common/services/usb/class/cdc/device/udi_cdc_desc.o
                0x20000028                udc_config
 .data.udc_config_fs
                0x20000034        0x8 src/ASF/common/services/usb/class/cdc/device/udi_cdc_desc.o
                0x20000034                udc_config_fs
 .data.udc_desc_fs
                0x2000003c       0x43 src/ASF/common/services/usb/class/cdc/device/udi_cdc_desc.o
                0x2000003c                udc_desc_fs
 *fill*         0x2000007f        0x1 
 .data.udc_device_desc
                0x20000080       0x12 src/ASF/common/services/usb/class/cdc/device/udi_cdc_desc.o
                0x20000080                udc_device_desc
 *fill*         0x20000092        0x2 
 .data.udc_device_lpm
                0x20000094        0xc src/ASF/common/services/usb/class/cdc/device/udi_cdc_desc.o
                0x20000094                udc_device_lpm
 .data.udi_apis
                0x200000a0        0x8 src/ASF/common/services/usb/class/cdc/device/udi_cdc_desc.o
                0x200000a0                udi_apis
 .data.udc_string_desc
                0x200000a8       0x3c src/ASF/common/services/usb/udc/udc.o
 .data.udc_string_desc_languageid
                0x200000e4        0x4 src/ASF/common/services/usb/udc/udc.o
 .data.udc_string_manufacturer_name
                0x200000e8        0xa src/ASF/common/services/usb/udc/udc.o
 *fill*         0x200000f2        0x2 
 .data.udc_string_product_name
                0x200000f4       0x1e src/ASF/common/services/usb/udc/udc.o
 .data.g_interrupt_enabled
                0x20000112        0x1 src/ASF/common/utils/interrupt/interrupt_sam_nvic.o
                0x20000112                g_interrupt_enabled
                0x20000114                . = ALIGN (0x4)
 *fill*         0x20000113        0x1 
                0x20000114                _erelocate = .

.lpram          0x30000000        0x0
                0x30000000                . = ALIGN (0x8)
                0x30000000                _slpram = .
 *(.lpram .lpram.*)
                0x30000000                . = ALIGN (0x8)
                0x30000000                _elpram = .

.bss            0x20000114      0xbd8 load address 0x000053c8
                0x20000114                . = ALIGN (0x4)
                0x20000114                _sbss = .
                0x20000114                _szero = .
 *(.bss .bss.*)
 .bss           0x20000114       0x1c c:/program files (x86)/atmel/studio/7.0/toolchain/arm/arm-gnu-toolchain/bin/../lib/gcc/arm-none-eabi/6.3.1/thumb/v6-m/crtbegin.o
 .bss.sof_zlp_counter.13653
                0x20000130        0x2 src/ASF/common/services/usb/class/cdc/device/udi_cdc.o
 .bss.udi_cdc_data_running
                0x20000132        0x1 src/ASF/common/services/usb/class/cdc/device/udi_cdc.o
 *fill*         0x20000133        0x1 
 .bss.udi_cdc_line_coding
                0x20000134        0x7 src/ASF/common/services/usb/class/cdc/device/udi_cdc.o
 .bss.udi_cdc_nb_comm_enabled
                0x2000013b        0x1 src/ASF/common/services/usb/class/cdc/device/udi_cdc.o
 .bss.udi_cdc_nb_data_enabled
                0x2000013c        0x1 src/ASF/common/services/usb/class/cdc/device/udi_cdc.o
 *fill*         0x2000013d        0x3 
 .bss.udi_cdc_rx_buf
                0x20000140      0x280 src/ASF/common/services/usb/class/cdc/device/udi_cdc.o
 .bss.udi_cdc_rx_buf_nb
                0x200003c0        0x4 src/ASF/common/services/usb/class/cdc/device/udi_cdc.o
 .bss.udi_cdc_rx_buf_sel
                0x200003c4        0x1 src/ASF/common/services/usb/class/cdc/device/udi_cdc.o
 *fill*         0x200003c5        0x3 
 .bss.udi_cdc_rx_pos
                0x200003c8        0x2 src/ASF/common/services/usb/class/cdc/device/udi_cdc.o
 *fill*         0x200003ca        0x2 
 .bss.udi_cdc_rx_trans_ongoing
                0x200003cc        0x1 src/ASF/common/services/usb/class/cdc/device/udi_cdc.o
 *fill*         0x200003cd        0x3 
 .bss.udi_cdc_state
                0x200003d0        0x2 src/ASF/common/services/usb/class/cdc/device/udi_cdc.o
 *fill*         0x200003d2        0x2 
 .bss.udi_cdc_tx_both_buf_to_send
                0x200003d4        0x1 src/ASF/common/services/usb/class/cdc/device/udi_cdc.o
 *fill*         0x200003d5        0x3 
 .bss.udi_cdc_tx_buf
                0x200003d8      0x280 src/ASF/common/services/usb/class/cdc/device/udi_cdc.o
 .bss.udi_cdc_tx_buf_nb
                0x20000658        0x4 src/ASF/common/services/usb/class/cdc/device/udi_cdc.o
 .bss.udi_cdc_tx_buf_sel
                0x2000065c        0x1 src/ASF/common/services/usb/class/cdc/device/udi_cdc.o
 *fill*         0x2000065d        0x3 
 .bss.udi_cdc_tx_sof_num
                0x20000660        0x2 src/ASF/common/services/usb/class/cdc/device/udi_cdc.o
 *fill*         0x20000662        0x2 
 .bss.udi_cdc_tx_trans_ongoing
                0x20000664        0x1 src/ASF/common/services/usb/class/cdc/device/udi_cdc.o
 *fill*         0x20000665        0x3 
 .bss.uid_cdc_state_msg
                0x20000668        0xa src/ASF/common/services/usb/class/cdc/device/udi_cdc.o
 .bss.udc_device_status
                0x20000672        0x2 src/ASF/common/services/usb/udc/udc.o
 .bss.udc_ep_status.13296
                0x20000674        0x2 src/ASF/common/services/usb/udc/udc.o
 *fill*         0x20000676        0x2 
 .bss.udc_iface_setting
                0x20000678        0x1 src/ASF/common/services/usb/udc/udc.o
 *fill*         0x20000679        0x3 
 .bss.udc_num_configuration
                0x2000067c        0x1 src/ASF/common/services/usb/udc/udc.o
 *fill*         0x2000067d        0x3 
 .bss.udc_ptr_conf
                0x20000680        0x4 src/ASF/common/services/usb/udc/udc.o
 .bss.udc_ptr_iface
                0x20000684        0x4 src/ASF/common/services/usb/udc/udc.o
 .bss.cpu_irq_critical_section_counter
                0x20000688        0x4 src/ASF/common/utils/interrupt/interrupt_sam_nvic.o
 .bss.cpu_irq_prev_interrupt_state
                0x2000068c        0x1 src/ASF/common/utils/interrupt/interrupt_sam_nvic.o
 *fill*         0x2000068d        0x3 
 .bss._sercom_config
                0x20000690        0x2 src/ASF/sam0/drivers/sercom/sercom.o
 .bss._handler_table_initialized
                0x20000692        0x1 src/ASF/sam0/drivers/sercom/sercom_interrupt.o
 *fill*         0x20000693        0x1 
 .bss._sercom_interrupt_handlers
                0x20000694       0x18 src/ASF/sam0/drivers/sercom/sercom_interrupt.o
 .bss._system_clock_inst
                0x200006ac       0x18 src/ASF/sam0/drivers/system/clock/clock_saml21/clock.o
 .bss.b_shortpacket.14830
                0x200006c4        0x1 src/ASF/sam0/drivers/usb/stack_interface/usb_device_udd.o
 *fill*         0x200006c5        0x1 
 .bss.udd_ctrl_payload_nb_trans
                0x200006c6        0x2 src/ASF/sam0/drivers/usb/stack_interface/usb_device_udd.o
 .bss.udd_ctrl_prev_payload_nb_trans
                0x200006c8        0x2 src/ASF/sam0/drivers/usb/stack_interface/usb_device_udd.o
 .bss.udd_ep_control_state
                0x200006ca        0x1 src/ASF/sam0/drivers/usb/stack_interface/usb_device_udd.o
 *fill*         0x200006cb        0x1 
 .bss.udd_ep_job
                0x200006cc       0x78 src/ASF/sam0/drivers/usb/stack_interface/usb_device_udd.o
 .bss.udd_state.14687
                0x20000744        0x1 src/ASF/sam0/drivers/usb/stack_interface/usb_device_udd.o
 *fill*         0x20000745        0x3 
 .bss._usb_instances
                0x20000748        0x4 src/ASF/sam0/drivers/usb/usb_sam_l/usb.o
 .bss.device_callback_lpm_wakeup_enable
                0x2000074c        0x4 src/ASF/sam0/drivers/usb/usb_sam_l/usb.o
 .bss.ep_callback_para
                0x20000750        0x8 src/ASF/sam0/drivers/usb/usb_sam_l/usb.o
 .bss.host_pipe_job_busy_status
                0x20000758        0x4 src/ASF/sam0/drivers/usb/usb_sam_l/usb.o
                0x20000758                host_pipe_job_busy_status
 .bss.pipe_callback_para
                0x2000075c        0x6 src/ASF/sam0/drivers/usb/usb_sam_l/usb.o
 .bss.main_b_cdc_enable
                0x20000762        0x1 src/main.o
 .bss.b_terminal_mode
                0x20000763        0x1 src/sam_ba_monitor.o
                0x20000763                b_terminal_mode
 *(COMMON)
 COMMON         0x20000764        0x5 src/ASF/common/services/sleepmgr/saml/sleepmgr.o
                0x20000764                sleepmgr_locks
 COMMON         0x20000769        0x1 src/ASF/sam0/drivers/extint/extint_callback.o
                0x20000769                _current_channel
 *fill*         0x2000076a        0x2 
 COMMON         0x2000076c       0x40 src/ASF/sam0/drivers/extint/extint_sam_l_c/extint.o
                0x2000076c                _extint_dev
 COMMON         0x200007ac       0x18 src/ASF/sam0/drivers/sercom/sercom_interrupt.o
                0x200007ac                _sercom_instances
 COMMON         0x200007c4      0x280 src/ASF/sam0/drivers/usb/stack_interface/usb_device_udd.o
                0x200007c4                udd_ep_out_cache_buffer
                0x20000884                usb_device
                0x200009ec                udd_g_ctrlreq
                0x20000a04                udd_ctrl_buffer
 COMMON         0x20000a44      0x100 src/ASF/sam0/drivers/usb/usb_sam_l/usb.o
                0x20000a44                usb_descriptor_table
 COMMON         0x20000b44       0x68 src/sam_ba_monitor.o
                0x20000b44                j
                0x20000b48                length
                0x20000b4c                ptr
                0x20000b50                command
                0x20000b54                i
                0x20000b58                data
                0x20000b98                ptr_data
                0x20000b9c                ptr_monitor_if
                0x20000ba0                sp
                0x20000ba4                current_number
                0x20000ba8                u32tmp
 COMMON         0x20000bac      0x140 src/usart_sam_ba.o
                0x20000bac                b_sharp_received
                0x20000bad                idx_rx_write
                0x20000bae                size_of_data
                0x20000bb0                idx_tx_read
                0x20000bb4                usart_sam_ba
                0x20000be8                buffer_tx_usart
                0x20000c68                error_timeout
                0x20000c69                mode_of_transfer
                0x20000c6a                idx_rx_read
                0x20000c6b                idx_tx_write
                0x20000c6c                buffer_rx_usart
                0x20000cec                . = ALIGN (0x4)
                0x20000cec                _ebss = .
                0x20000cec                _ezero = .

.stack          0x20000cec      0x404 load address 0x00005fa0
                0x20000cf0                . = ALIGN (0x8)
 *fill*         0x20000cec        0x4 
                0x20000cf0                _sstack = .
                0x200010f0                . = (. + STACK_SIZE)
 *fill*         0x20000cf0      0x400 
                0x200010f0                . = ALIGN (0x8)
                0x200010f0                _estack = .
                0x200010f0                . = ALIGN (0x4)
                0x200010f0                _end = .
OUTPUT(SAMBA_BOOTLOADER1.elf elf32-littlearm)

.ARM.attributes
                0x00000000       0x28
 .ARM.attributes
                0x00000000       0x1e c:/program files (x86)/atmel/studio/7.0/toolchain/arm/arm-gnu-toolchain/bin/../lib/gcc/arm-none-eabi/6.3.1/thumb/v6-m/crti.o
 .ARM.attributes
                0x0000001e       0x2c c:/program files (x86)/atmel/studio/7.0/toolchain/arm/arm-gnu-toolchain/bin/../lib/gcc/arm-none-eabi/6.3.1/thumb/v6-m/crtbegin.o
 .ARM.attributes
                0x0000004a       0x32 src/ASF/common/services/sleepmgr/saml/sleepmgr.o
 .ARM.attributes
                0x0000007c       0x32 src/ASF/common/services/usb/class/cdc/device/udi_cdc.o
 .ARM.attributes
                0x000000ae       0x32 src/ASF/common/services/usb/class/cdc/device/udi_cdc_desc.o
 .ARM.attributes
                0x000000e0       0x32 src/ASF/common/services/usb/udc/udc.o
 .ARM.attributes
                0x00000112       0x32 src/ASF/common/utils/interrupt/interrupt_sam_nvic.o
 .ARM.attributes
                0x00000144       0x32 src/ASF/sam0/boards/saml21_xplained_pro_b/board_init.o
 .ARM.attributes
                0x00000176       0x32 src/ASF/sam0/drivers/extint/extint_callback.o
 .ARM.attributes
                0x000001a8       0x32 src/ASF/sam0/drivers/extint/extint_sam_l_c/extint.o
 .ARM.attributes
                0x000001da       0x32 src/ASF/sam0/drivers/port/port.o
 .ARM.attributes
                0x0000020c       0x32 src/ASF/sam0/drivers/sercom/sercom.o
 .ARM.attributes
                0x0000023e       0x32 src/ASF/sam0/drivers/sercom/sercom_interrupt.o
 .ARM.attributes
                0x00000270       0x32 src/ASF/sam0/drivers/sercom/usart/usart.o
 .ARM.attributes
                0x000002a2       0x32 src/ASF/sam0/drivers/sercom/usart/usart_interrupt.o
 .ARM.attributes
                0x000002d4       0x32 src/ASF/sam0/drivers/system/clock/clock_saml21/clock.o
 .ARM.attributes
                0x00000306       0x32 src/ASF/sam0/drivers/system/clock/clock_saml21/gclk.o
 .ARM.attributes
                0x00000338       0x32 src/ASF/sam0/drivers/system/pinmux/pinmux.o
 .ARM.attributes
                0x0000036a       0x32 src/ASF/sam0/drivers/system/system.o
 .ARM.attributes
                0x0000039c       0x32 src/ASF/sam0/drivers/usb/stack_interface/usb_device_udd.o
 .ARM.attributes
                0x000003ce       0x32 src/ASF/sam0/drivers/usb/usb_sam_l/usb.o
 .ARM.attributes
                0x00000400       0x32 src/ASF/sam0/utils/cmsis/saml21/source/gcc/startup_saml21.o
 .ARM.attributes
                0x00000432       0x32 src/main.o
 .ARM.attributes
                0x00000464       0x32 src/sam_ba_monitor.o
 .ARM.attributes
                0x00000496       0x32 src/usart_sam_ba.o
 .ARM.attributes
                0x000004c8       0x1e c:/program files (x86)/atmel/studio/7.0/toolchain/arm/arm-gnu-toolchain/bin/../lib/gcc/arm-none-eabi/6.3.1/thumb/v6-m\libgcc.a(_udivsi3.o)
 .ARM.attributes
                0x000004e6       0x1e c:/program files (x86)/atmel/studio/7.0/toolchain/arm/arm-gnu-toolchain/bin/../lib/gcc/arm-none-eabi/6.3.1/thumb/v6-m\libgcc.a(_divsi3.o)
 .ARM.attributes
                0x00000504       0x1e c:/program files (x86)/atmel/studio/7.0/toolchain/arm/arm-gnu-toolchain/bin/../lib/gcc/arm-none-eabi/6.3.1/thumb/v6-m\libgcc.a(_dvmd_tls.o)
 .ARM.attributes
                0x00000522       0x1e c:/program files (x86)/atmel/studio/7.0/toolchain/arm/arm-gnu-toolchain/bin/../lib/gcc/arm-none-eabi/6.3.1/thumb/v6-m\libgcc.a(_ctzsi2.o)
 .ARM.attributes
                0x00000540       0x2c c:/program files (x86)/atmel/studio/7.0/toolchain/arm/arm-gnu-toolchain/bin/../lib/gcc/arm-none-eabi/6.3.1/thumb/v6-m\libgcc.a(_muldi3.o)
 .ARM.attributes
                0x0000056c       0x2c c:/program files (x86)/atmel/studio/7.0/toolchain/arm/arm-gnu-toolchain/bin/../lib/gcc/arm-none-eabi/6.3.1/../../../../arm-none-eabi/lib/thumb/v6-m\libc_nano.a(lib_a-init.o)
 .ARM.attributes
                0x00000598       0x2c c:/program files (x86)/atmel/studio/7.0/toolchain/arm/arm-gnu-toolchain/bin/../lib/gcc/arm-none-eabi/6.3.1/../../../../arm-none-eabi/lib/thumb/v6-m\libc_nano.a(lib_a-memcpy-stub.o)
 .ARM.attributes
                0x000005c4       0x2c c:/program files (x86)/atmel/studio/7.0/toolchain/arm/arm-gnu-toolchain/bin/../lib/gcc/arm-none-eabi/6.3.1/../../../../arm-none-eabi/lib/thumb/v6-m\libc_nano.a(lib_a-memset.o)
 .ARM.attributes
                0x000005f0       0x1e c:/program files (x86)/atmel/studio/7.0/toolchain/arm/arm-gnu-toolchain/bin/../lib/gcc/arm-none-eabi/6.3.1/thumb/v6-m/crtn.o

.comment        0x00000000       0x59
 .comment       0x00000000       0x59 src/ASF/common/services/sleepmgr/saml/sleepmgr.o
                                 0x5a (size before relaxing)
 .comment       0x00000059       0x5a src/ASF/common/services/usb/class/cdc/device/udi_cdc.o
 .comment       0x00000059       0x5a src/ASF/common/services/usb/class/cdc/device/udi_cdc_desc.o
 .comment       0x00000059       0x5a src/ASF/common/services/usb/udc/udc.o
 .comment       0x00000059       0x5a src/ASF/common/utils/interrupt/interrupt_sam_nvic.o
 .comment       0x00000059       0x5a src/ASF/sam0/boards/saml21_xplained_pro_b/board_init.o
 .comment       0x00000059       0x5a src/ASF/sam0/drivers/extint/extint_callback.o
 .comment       0x00000059       0x5a src/ASF/sam0/drivers/extint/extint_sam_l_c/extint.o
 .comment       0x00000059       0x5a src/ASF/sam0/drivers/port/port.o
 .comment       0x00000059       0x5a src/ASF/sam0/drivers/sercom/sercom.o
 .comment       0x00000059       0x5a src/ASF/sam0/drivers/sercom/sercom_interrupt.o
 .comment       0x00000059       0x5a src/ASF/sam0/drivers/sercom/usart/usart.o
 .comment       0x00000059       0x5a src/ASF/sam0/drivers/sercom/usart/usart_interrupt.o
 .comment       0x00000059       0x5a src/ASF/sam0/drivers/system/clock/clock_saml21/clock.o
 .comment       0x00000059       0x5a src/ASF/sam0/drivers/system/clock/clock_saml21/gclk.o
 .comment       0x00000059       0x5a src/ASF/sam0/drivers/system/pinmux/pinmux.o
 .comment       0x00000059       0x5a src/ASF/sam0/drivers/system/system.o
 .comment       0x00000059       0x5a src/ASF/sam0/drivers/usb/stack_interface/usb_device_udd.o
 .comment       0x00000059       0x5a src/ASF/sam0/drivers/usb/usb_sam_l/usb.o
 .comment       0x00000059       0x5a src/ASF/sam0/utils/cmsis/saml21/source/gcc/startup_saml21.o
 .comment       0x00000059       0x5a src/main.o
 .comment       0x00000059       0x5a src/sam_ba_monitor.o
 .comment       0x00000059       0x5a src/usart_sam_ba.o

.debug_info     0x00000000    0x3566b
 .debug_info    0x00000000      0xa8e src/ASF/common/services/sleepmgr/saml/sleepmgr.o
 .debug_info    0x00000a8e     0x29ad src/ASF/common/services/usb/class/cdc/device/udi_cdc.o
 .debug_info    0x0000343b     0x1321 src/ASF/common/services/usb/class/cdc/device/udi_cdc_desc.o
 .debug_info    0x0000475c     0x1a74 src/ASF/common/services/usb/udc/udc.o
 .debug_info    0x000061d0      0xb05 src/ASF/common/utils/interrupt/interrupt_sam_nvic.o
 .debug_info    0x00006cd5     0x13a8 src/ASF/sam0/boards/saml21_xplained_pro_b/board_init.o
 .debug_info    0x0000807d     0x13e8 src/ASF/sam0/drivers/extint/extint_callback.o
 .debug_info    0x00009465     0x2520 src/ASF/sam0/drivers/extint/extint_sam_l_c/extint.o
 .debug_info    0x0000b985     0x13b1 src/ASF/sam0/drivers/port/port.o
 .debug_info    0x0000cd36     0x2dfa src/ASF/sam0/drivers/sercom/sercom.o
 .debug_info    0x0000fb30     0x2c02 src/ASF/sam0/drivers/sercom/sercom_interrupt.o
 .debug_info    0x00012732     0x4a92 src/ASF/sam0/drivers/sercom/usart/usart.o
 .debug_info    0x000171c4     0x3039 src/ASF/sam0/drivers/sercom/usart/usart_interrupt.o
 .debug_info    0x0001a1fd     0x4704 src/ASF/sam0/drivers/system/clock/clock_saml21/clock.o
 .debug_info    0x0001e901     0x1dee src/ASF/sam0/drivers/system/clock/clock_saml21/gclk.o
 .debug_info    0x000206ef     0x14ee src/ASF/sam0/drivers/system/pinmux/pinmux.o
 .debug_info    0x00021bdd      0xa73 src/ASF/sam0/drivers/system/system.o
 .debug_info    0x00022650     0x5f47 src/ASF/sam0/drivers/usb/stack_interface/usb_device_udd.o
 .debug_info    0x00028597     0x5178 src/ASF/sam0/drivers/usb/usb_sam_l/usb.o
 .debug_info    0x0002d70f      0xa28 src/ASF/sam0/utils/cmsis/saml21/source/gcc/startup_saml21.o
 .debug_info    0x0002e137     0x1bb1 src/main.o
 .debug_info    0x0002fce8     0x1647 src/sam_ba_monitor.o
 .debug_info    0x0003132f     0x433c src/usart_sam_ba.o

.debug_abbrev   0x00000000     0x5122
 .debug_abbrev  0x00000000      0x1b2 src/ASF/common/services/sleepmgr/saml/sleepmgr.o
 .debug_abbrev  0x000001b2      0x454 src/ASF/common/services/usb/class/cdc/device/udi_cdc.o
 .debug_abbrev  0x00000606      0x1d6 src/ASF/common/services/usb/class/cdc/device/udi_cdc_desc.o
 .debug_abbrev  0x000007dc      0x3f5 src/ASF/common/services/usb/udc/udc.o
 .debug_abbrev  0x00000bd1      0x23b src/ASF/common/utils/interrupt/interrupt_sam_nvic.o
 .debug_abbrev  0x00000e0c      0x2dc src/ASF/sam0/boards/saml21_xplained_pro_b/board_init.o
 .debug_abbrev  0x000010e8      0x333 src/ASF/sam0/drivers/extint/extint_callback.o
 .debug_abbrev  0x0000141b      0x48b src/ASF/sam0/drivers/extint/extint_sam_l_c/extint.o
 .debug_abbrev  0x000018a6      0x298 src/ASF/sam0/drivers/port/port.o
 .debug_abbrev  0x00001b3e      0x378 src/ASF/sam0/drivers/sercom/sercom.o
 .debug_abbrev  0x00001eb6      0x2d8 src/ASF/sam0/drivers/sercom/sercom_interrupt.o
 .debug_abbrev  0x0000218e      0x467 src/ASF/sam0/drivers/sercom/usart/usart.o
 .debug_abbrev  0x000025f5      0x416 src/ASF/sam0/drivers/sercom/usart/usart_interrupt.o
 .debug_abbrev  0x00002a0b      0x4b3 src/ASF/sam0/drivers/system/clock/clock_saml21/clock.o
 .debug_abbrev  0x00002ebe      0x405 src/ASF/sam0/drivers/system/clock/clock_saml21/gclk.o
 .debug_abbrev  0x000032c3      0x361 src/ASF/sam0/drivers/system/pinmux/pinmux.o
 .debug_abbrev  0x00003624      0x1e1 src/ASF/sam0/drivers/system/system.o
 .debug_abbrev  0x00003805      0x607 src/ASF/sam0/drivers/usb/stack_interface/usb_device_udd.o
 .debug_abbrev  0x00003e0c      0x507 src/ASF/sam0/drivers/usb/usb_sam_l/usb.o
 .debug_abbrev  0x00004313      0x1e4 src/ASF/sam0/utils/cmsis/saml21/source/gcc/startup_saml21.o
 .debug_abbrev  0x000044f7      0x3a2 src/main.o
 .debug_abbrev  0x00004899      0x370 src/sam_ba_monitor.o
 .debug_abbrev  0x00004c09      0x519 src/usart_sam_ba.o

.debug_aranges  0x00000000      0x9b0
 .debug_aranges
                0x00000000       0x18 src/ASF/common/services/sleepmgr/saml/sleepmgr.o
 .debug_aranges
                0x00000018      0x178 src/ASF/common/services/usb/class/cdc/device/udi_cdc.o
 .debug_aranges
                0x00000190       0x18 src/ASF/common/services/usb/class/cdc/device/udi_cdc_desc.o
 .debug_aranges
                0x000001a8       0x70 src/ASF/common/services/usb/udc/udc.o
 .debug_aranges
                0x00000218       0x28 src/ASF/common/utils/interrupt/interrupt_sam_nvic.o
 .debug_aranges
                0x00000240       0x20 src/ASF/sam0/boards/saml21_xplained_pro_b/board_init.o
 .debug_aranges
                0x00000260       0x48 src/ASF/sam0/drivers/extint/extint_callback.o
 .debug_aranges
                0x000002a8       0x58 src/ASF/sam0/drivers/extint/extint_sam_l_c/extint.o
 .debug_aranges
                0x00000300       0x28 src/ASF/sam0/drivers/port/port.o
 .debug_aranges
                0x00000328       0x48 src/ASF/sam0/drivers/sercom/sercom.o
 .debug_aranges
                0x00000370       0x60 src/ASF/sam0/drivers/sercom/sercom_interrupt.o
 .debug_aranges
                0x000003d0       0x40 src/ASF/sam0/drivers/sercom/usart/usart.o
 .debug_aranges
                0x00000410       0x70 src/ASF/sam0/drivers/sercom/usart/usart_interrupt.o
 .debug_aranges
                0x00000480       0x80 src/ASF/sam0/drivers/system/clock/clock_saml21/clock.o
 .debug_aranges
                0x00000500       0x80 src/ASF/sam0/drivers/system/clock/clock_saml21/gclk.o
 .debug_aranges
                0x00000580       0x40 src/ASF/sam0/drivers/system/pinmux/pinmux.o
 .debug_aranges
                0x000005c0       0x28 src/ASF/sam0/drivers/system/system.o
 .debug_aranges
                0x000005e8      0x128 src/ASF/sam0/drivers/usb/stack_interface/usb_device_udd.o
 .debug_aranges
                0x00000710      0x158 src/ASF/sam0/drivers/usb/usb_sam_l/usb.o
 .debug_aranges
                0x00000868       0x28 src/ASF/sam0/utils/cmsis/saml21/source/gcc/startup_saml21.o
 .debug_aranges
                0x00000890       0x60 src/main.o
 .debug_aranges
                0x000008f0       0x38 src/sam_ba_monitor.o
 .debug_aranges
                0x00000928       0x88 src/usart_sam_ba.o

.debug_macro    0x00000000    0x21623
 .debug_macro   0x00000000      0x5ff src/ASF/common/services/sleepmgr/saml/sleepmgr.o
 .debug_macro   0x000005ff      0x8c8 src/ASF/common/services/sleepmgr/saml/sleepmgr.o
 .debug_macro   0x00000ec7      0x16d src/ASF/common/services/sleepmgr/saml/sleepmgr.o
 .debug_macro   0x00001034      0x708 src/ASF/common/services/sleepmgr/saml/sleepmgr.o
 .debug_macro   0x0000173c       0x22 src/ASF/common/services/sleepmgr/saml/sleepmgr.o
 .debug_macro   0x0000175e       0x87 src/ASF/common/services/sleepmgr/saml/sleepmgr.o
 .debug_macro   0x000017e5       0x51 src/ASF/common/services/sleepmgr/saml/sleepmgr.o
 .debug_macro   0x00001836       0xef src/ASF/common/services/sleepmgr/saml/sleepmgr.o
 .debug_macro   0x00001925       0x6a src/ASF/common/services/sleepmgr/saml/sleepmgr.o
 .debug_macro   0x0000198f      0x1df src/ASF/common/services/sleepmgr/saml/sleepmgr.o
 .debug_macro   0x00001b6e       0x10 src/ASF/common/services/sleepmgr/saml/sleepmgr.o
 .debug_macro   0x00001b7e       0x76 src/ASF/common/services/sleepmgr/saml/sleepmgr.o
 .debug_macro   0x00001bf4       0x16 src/ASF/common/services/sleepmgr/saml/sleepmgr.o
 .debug_macro   0x00001c0a      0x6db src/ASF/common/services/sleepmgr/saml/sleepmgr.o
 .debug_macro   0x000022e5      0xdd8 src/ASF/common/services/sleepmgr/saml/sleepmgr.o
 .debug_macro   0x000030bd       0x22 src/ASF/common/services/sleepmgr/saml/sleepmgr.o
 .debug_macro   0x000030df       0x40 src/ASF/common/services/sleepmgr/saml/sleepmgr.o
 .debug_macro   0x0000311f       0x1c src/ASF/common/services/sleepmgr/saml/sleepmgr.o
 .debug_macro   0x0000313b       0x22 src/ASF/common/services/sleepmgr/saml/sleepmgr.o
 .debug_macro   0x0000315d       0xb5 src/ASF/common/services/sleepmgr/saml/sleepmgr.o
 .debug_macro   0x00003212      0x3ad src/ASF/common/services/sleepmgr/saml/sleepmgr.o
 .debug_macro   0x000035bf      0x718 src/ASF/common/services/sleepmgr/saml/sleepmgr.o
 .debug_macro   0x00003cd7      0x972 src/ASF/common/services/sleepmgr/saml/sleepmgr.o
 .debug_macro   0x00004649      0x2b1 src/ASF/common/services/sleepmgr/saml/sleepmgr.o
 .debug_macro   0x000048fa      0x222 src/ASF/common/services/sleepmgr/saml/sleepmgr.o
 .debug_macro   0x00004b1c      0x4d5 src/ASF/common/services/sleepmgr/saml/sleepmgr.o
 .debug_macro   0x00004ff1      0xd1a src/ASF/common/services/sleepmgr/saml/sleepmgr.o
 .debug_macro   0x00005d0b      0x5b8 src/ASF/common/services/sleepmgr/saml/sleepmgr.o
 .debug_macro   0x000062c3      0x5be src/ASF/common/services/sleepmgr/saml/sleepmgr.o
 .debug_macro   0x00006881      0x828 src/ASF/common/services/sleepmgr/saml/sleepmgr.o
 .debug_macro   0x000070a9      0x294 src/ASF/common/services/sleepmgr/saml/sleepmgr.o
 .debug_macro   0x0000733d      0x5d8 src/ASF/common/services/sleepmgr/saml/sleepmgr.o
 .debug_macro   0x00007915      0x21c src/ASF/common/services/sleepmgr/saml/sleepmgr.o
 .debug_macro   0x00007b31      0x79d src/ASF/common/services/sleepmgr/saml/sleepmgr.o
 .debug_macro   0x000082ce      0x172 src/ASF/common/services/sleepmgr/saml/sleepmgr.o
 .debug_macro   0x00008440      0x713 src/ASF/common/services/sleepmgr/saml/sleepmgr.o
 .debug_macro   0x00008b53      0x28d src/ASF/common/services/sleepmgr/saml/sleepmgr.o
 .debug_macro   0x00008de0      0x6ff src/ASF/common/services/sleepmgr/saml/sleepmgr.o
 .debug_macro   0x000094df      0x2de src/ASF/common/services/sleepmgr/saml/sleepmgr.o
 .debug_macro   0x000097bd      0x3cb src/ASF/common/services/sleepmgr/saml/sleepmgr.o
 .debug_macro   0x00009b88      0x1a4 src/ASF/common/services/sleepmgr/saml/sleepmgr.o
 .debug_macro   0x00009d2c     0x122b src/ASF/common/services/sleepmgr/saml/sleepmgr.o
 .debug_macro   0x0000af57      0xf4e src/ASF/common/services/sleepmgr/saml/sleepmgr.o
 .debug_macro   0x0000bea5      0x869 src/ASF/common/services/sleepmgr/saml/sleepmgr.o
 .debug_macro   0x0000c70e      0xa38 src/ASF/common/services/sleepmgr/saml/sleepmgr.o
 .debug_macro   0x0000d146      0x8b2 src/ASF/common/services/sleepmgr/saml/sleepmgr.o
 .debug_macro   0x0000d9f8     0x19c2 src/ASF/common/services/sleepmgr/saml/sleepmgr.o
 .debug_macro   0x0000f3ba       0xe7 src/ASF/common/services/sleepmgr/saml/sleepmgr.o
 .debug_macro   0x0000f4a1     0x13a7 src/ASF/common/services/sleepmgr/saml/sleepmgr.o
 .debug_macro   0x00010848      0x36e src/ASF/common/services/sleepmgr/saml/sleepmgr.o
 .debug_macro   0x00010bb6       0x7c src/ASF/common/services/sleepmgr/saml/sleepmgr.o
 .debug_macro   0x00010c32       0xac src/ASF/common/services/sleepmgr/saml/sleepmgr.o
 .debug_macro   0x00010cde       0xca src/ASF/common/services/sleepmgr/saml/sleepmgr.o
 .debug_macro   0x00010da8       0x4c src/ASF/common/services/sleepmgr/saml/sleepmgr.o
 .debug_macro   0x00010df4       0x94 src/ASF/common/services/sleepmgr/saml/sleepmgr.o
 .debug_macro   0x00010e88       0xd6 src/ASF/common/services/sleepmgr/saml/sleepmgr.o
 .debug_macro   0x00010f5e       0xb2 src/ASF/common/services/sleepmgr/saml/sleepmgr.o
 .debug_macro   0x00011010       0x64 src/ASF/common/services/sleepmgr/saml/sleepmgr.o
 .debug_macro   0x00011074      0x5cb src/ASF/common/services/sleepmgr/saml/sleepmgr.o
 .debug_macro   0x0001163f      0x1a1 src/ASF/common/services/sleepmgr/saml/sleepmgr.o
 .debug_macro   0x000117e0       0x70 src/ASF/common/services/sleepmgr/saml/sleepmgr.o
 .debug_macro   0x00011850       0xa0 src/ASF/common/services/sleepmgr/saml/sleepmgr.o
 .debug_macro   0x000118f0       0xc4 src/ASF/common/services/sleepmgr/saml/sleepmgr.o
 .debug_macro   0x000119b4       0x28 src/ASF/common/services/sleepmgr/saml/sleepmgr.o
 .debug_macro   0x000119dc       0xa0 src/ASF/common/services/sleepmgr/saml/sleepmgr.o
 .debug_macro   0x00011a7c       0x40 src/ASF/common/services/sleepmgr/saml/sleepmgr.o
 .debug_macro   0x00011abc       0x7c src/ASF/common/services/sleepmgr/saml/sleepmgr.o
 .debug_macro   0x00011b38       0x40 src/ASF/common/services/sleepmgr/saml/sleepmgr.o
 .debug_macro   0x00011b78      0x16e src/ASF/common/services/sleepmgr/saml/sleepmgr.o
 .debug_macro   0x00011ce6       0x34 src/ASF/common/services/sleepmgr/saml/sleepmgr.o
 .debug_macro   0x00011d1a       0xee src/ASF/common/services/sleepmgr/saml/sleepmgr.o
 .debug_macro   0x00011e08      0x12f src/ASF/common/services/sleepmgr/saml/sleepmgr.o
 .debug_macro   0x00011f37      0x12f src/ASF/common/services/sleepmgr/saml/sleepmgr.o
 .debug_macro   0x00012066      0x12f src/ASF/common/services/sleepmgr/saml/sleepmgr.o
 .debug_macro   0x00012195      0x12f src/ASF/common/services/sleepmgr/saml/sleepmgr.o
 .debug_macro   0x000122c4      0x12f src/ASF/common/services/sleepmgr/saml/sleepmgr.o
 .debug_macro   0x000123f3      0x12f src/ASF/common/services/sleepmgr/saml/sleepmgr.o
 .debug_macro   0x00012522       0x5e src/ASF/common/services/sleepmgr/saml/sleepmgr.o
 .debug_macro   0x00012580      0x19c src/ASF/common/services/sleepmgr/saml/sleepmgr.o
 .debug_macro   0x0001271c       0xfa src/ASF/common/services/sleepmgr/saml/sleepmgr.o
 .debug_macro   0x00012816       0xfa src/ASF/common/services/sleepmgr/saml/sleepmgr.o
 .debug_macro   0x00012910       0xfa src/ASF/common/services/sleepmgr/saml/sleepmgr.o
 .debug_macro   0x00012a0a       0xfa src/ASF/common/services/sleepmgr/saml/sleepmgr.o
 .debug_macro   0x00012b04       0xfa src/ASF/common/services/sleepmgr/saml/sleepmgr.o
 .debug_macro   0x00012bfe      0x124 src/ASF/common/services/sleepmgr/saml/sleepmgr.o
 .debug_macro   0x00012d22       0xfa src/ASF/common/services/sleepmgr/saml/sleepmgr.o
 .debug_macro   0x00012e1c       0xee src/ASF/common/services/sleepmgr/saml/sleepmgr.o
 .debug_macro   0x00012f0a       0x2e src/ASF/common/services/sleepmgr/saml/sleepmgr.o
 .debug_macro   0x00012f38      0x408 src/ASF/common/services/sleepmgr/saml/sleepmgr.o
 .debug_macro   0x00013340       0x3a src/ASF/common/services/sleepmgr/saml/sleepmgr.o
 .debug_macro   0x0001337a      0x433 src/ASF/common/services/sleepmgr/saml/sleepmgr.o
 .debug_macro   0x000137ad     0x2349 src/ASF/common/services/sleepmgr/saml/sleepmgr.o
 .debug_macro   0x00015af6       0x90 src/ASF/common/services/sleepmgr/saml/sleepmgr.o
 .debug_macro   0x00015b86       0x58 src/ASF/common/services/sleepmgr/saml/sleepmgr.o
 .debug_macro   0x00015bde       0x35 src/ASF/common/services/sleepmgr/saml/sleepmgr.o
 .debug_macro   0x00015c13       0x9c src/ASF/common/services/sleepmgr/saml/sleepmgr.o
 .debug_macro   0x00015caf       0x16 src/ASF/common/services/sleepmgr/saml/sleepmgr.o
 .debug_macro   0x00015cc5       0x35 src/ASF/common/services/sleepmgr/saml/sleepmgr.o
 .debug_macro   0x00015cfa      0x34d src/ASF/common/services/sleepmgr/saml/sleepmgr.o
 .debug_macro   0x00016047       0x10 src/ASF/common/services/sleepmgr/saml/sleepmgr.o
 .debug_macro   0x00016057       0x58 src/ASF/common/services/sleepmgr/saml/sleepmgr.o
 .debug_macro   0x000160af       0x1f src/ASF/common/services/sleepmgr/saml/sleepmgr.o
 .debug_macro   0x000160ce       0x43 src/ASF/common/services/sleepmgr/saml/sleepmgr.o
 .debug_macro   0x00016111       0x20 src/ASF/common/services/sleepmgr/saml/sleepmgr.o
 .debug_macro   0x00016131      0x187 src/ASF/common/services/sleepmgr/saml/sleepmgr.o
 .debug_macro   0x000162b8       0x10 src/ASF/common/services/sleepmgr/saml/sleepmgr.o
 .debug_macro   0x000162c8       0x1c src/ASF/common/services/sleepmgr/saml/sleepmgr.o
 .debug_macro   0x000162e4       0x52 src/ASF/common/services/sleepmgr/saml/sleepmgr.o
 .debug_macro   0x00016336       0x40 src/ASF/common/services/sleepmgr/saml/sleepmgr.o
 .debug_macro   0x00016376       0x10 src/ASF/common/services/sleepmgr/saml/sleepmgr.o
 .debug_macro   0x00016386       0x40 src/ASF/common/services/sleepmgr/saml/sleepmgr.o
 .debug_macro   0x000163c6       0xd7 src/ASF/common/services/sleepmgr/saml/sleepmgr.o
 .debug_macro   0x0001649d       0x16 src/ASF/common/services/sleepmgr/saml/sleepmgr.o
 .debug_macro   0x000164b3      0x18b src/ASF/common/services/sleepmgr/saml/sleepmgr.o
 .debug_macro   0x0001663e       0x16 src/ASF/common/services/sleepmgr/saml/sleepmgr.o
 .debug_macro   0x00016654       0x16 src/ASF/common/services/sleepmgr/saml/sleepmgr.o
 .debug_macro   0x0001666a       0x29 src/ASF/common/services/sleepmgr/saml/sleepmgr.o
 .debug_macro   0x00016693       0x51 src/ASF/common/services/sleepmgr/saml/sleepmgr.o
 .debug_macro   0x000166e4       0x3e src/ASF/common/services/sleepmgr/saml/sleepmgr.o
 .debug_macro   0x00016722      0x3df src/ASF/common/services/sleepmgr/saml/sleepmgr.o
 .debug_macro   0x00016b01       0x10 src/ASF/common/services/sleepmgr/saml/sleepmgr.o
 .debug_macro   0x00016b11       0x18 src/ASF/common/services/sleepmgr/saml/sleepmgr.o
 .debug_macro   0x00016b29      0x706 src/ASF/common/services/usb/class/cdc/device/udi_cdc.o
 .debug_macro   0x0001722f      0x2d8 src/ASF/common/services/usb/class/cdc/device/udi_cdc.o
 .debug_macro   0x00017507       0x10 src/ASF/common/services/usb/class/cdc/device/udi_cdc.o
 .debug_macro   0x00017517      0xaa5 src/ASF/common/services/usb/class/cdc/device/udi_cdc.o
 .debug_macro   0x00017fbc       0xa9 src/ASF/common/services/usb/class/cdc/device/udi_cdc.o
 .debug_macro   0x00018065      0x21e src/ASF/common/services/usb/class/cdc/device/udi_cdc.o
 .debug_macro   0x00018283       0x99 src/ASF/common/services/usb/class/cdc/device/udi_cdc.o
 .debug_macro   0x0001831c      0x241 src/ASF/common/services/usb/class/cdc/device/udi_cdc.o
 .debug_macro   0x0001855d      0x162 src/ASF/common/services/usb/class/cdc/device/udi_cdc.o
 .debug_macro   0x000186bf       0x16 src/ASF/common/services/usb/class/cdc/device/udi_cdc.o
 .debug_macro   0x000186d5       0x1c src/ASF/common/services/usb/class/cdc/device/udi_cdc.o
 .debug_macro   0x000186f1      0x190 src/ASF/common/services/usb/class/cdc/device/udi_cdc.o
 .debug_macro   0x00018881       0x16 src/ASF/common/services/usb/class/cdc/device/udi_cdc.o
 .debug_macro   0x00018897      0x66a src/ASF/common/services/usb/class/cdc/device/udi_cdc_desc.o
 .debug_macro   0x00018f01      0x656 src/ASF/common/services/usb/udc/udc.o
 .debug_macro   0x00019557      0x597 src/ASF/common/utils/interrupt/interrupt_sam_nvic.o
 .debug_macro   0x00019aee      0x5d3 src/ASF/sam0/boards/saml21_xplained_pro_b/board_init.o
 .debug_macro   0x0001a0c1       0x19 src/ASF/sam0/boards/saml21_xplained_pro_b/board_init.o
 .debug_macro   0x0001a0da      0x5bc src/ASF/sam0/drivers/extint/extint_callback.o
 .debug_macro   0x0001a696       0x12 src/ASF/sam0/drivers/extint/extint_callback.o
 .debug_macro   0x0001a6a8      0x626 src/ASF/sam0/drivers/extint/extint_sam_l_c/extint.o
 .debug_macro   0x0001acce       0x2e src/ASF/sam0/drivers/extint/extint_sam_l_c/extint.o
 .debug_macro   0x0001acfc       0x18 src/ASF/sam0/drivers/extint/extint_sam_l_c/extint.o
 .debug_macro   0x0001ad14       0x10 src/ASF/sam0/drivers/extint/extint_sam_l_c/extint.o
 .debug_macro   0x0001ad24      0x5b1 src/ASF/sam0/drivers/port/port.o
 .debug_macro   0x0001b2d5      0x62d src/ASF/sam0/drivers/sercom/sercom.o
 .debug_macro   0x0001b902       0xb2 src/ASF/sam0/drivers/sercom/sercom.o
 .debug_macro   0x0001b9b4       0x10 src/ASF/sam0/drivers/sercom/sercom.o
 .debug_macro   0x0001b9c4      0x62b src/ASF/sam0/drivers/sercom/sercom_interrupt.o
 .debug_macro   0x0001bfef      0x641 src/ASF/sam0/drivers/sercom/usart/usart.o
 .debug_macro   0x0001c630       0x51 src/ASF/sam0/drivers/sercom/usart/usart.o
 .debug_macro   0x0001c681      0x642 src/ASF/sam0/drivers/sercom/usart/usart_interrupt.o
 .debug_macro   0x0001ccc3      0x611 src/ASF/sam0/drivers/system/clock/clock_saml21/clock.o
 .debug_macro   0x0001d2d4      0x29b src/ASF/sam0/drivers/system/clock/clock_saml21/clock.o
 .debug_macro   0x0001d56f      0x5cf src/ASF/sam0/drivers/system/clock/clock_saml21/gclk.o
 .debug_macro   0x0001db3e      0x5a7 src/ASF/sam0/drivers/system/pinmux/pinmux.o
 .debug_macro   0x0001e0e5       0x12 src/ASF/sam0/drivers/system/pinmux/pinmux.o
 .debug_macro   0x0001e0f7      0x5df src/ASF/sam0/drivers/system/system.o
 .debug_macro   0x0001e6d6      0x73c src/ASF/sam0/drivers/usb/stack_interface/usb_device_udd.o
 .debug_macro   0x0001ee12       0x52 src/ASF/sam0/drivers/usb/stack_interface/usb_device_udd.o
 .debug_macro   0x0001ee64       0x8d src/ASF/sam0/drivers/usb/stack_interface/usb_device_udd.o
 .debug_macro   0x0001eef1       0x57 src/ASF/sam0/drivers/usb/stack_interface/usb_device_udd.o
 .debug_macro   0x0001ef48      0x353 src/ASF/sam0/drivers/usb/stack_interface/usb_device_udd.o
 .debug_macro   0x0001f29b       0x10 src/ASF/sam0/drivers/usb/stack_interface/usb_device_udd.o
 .debug_macro   0x0001f2ab       0xaf src/ASF/sam0/drivers/usb/stack_interface/usb_device_udd.o
 .debug_macro   0x0001f35a       0x1c src/ASF/sam0/drivers/usb/stack_interface/usb_device_udd.o
 .debug_macro   0x0001f376       0x1f src/ASF/sam0/drivers/usb/stack_interface/usb_device_udd.o
 .debug_macro   0x0001f395       0x1c src/ASF/sam0/drivers/usb/stack_interface/usb_device_udd.o
 .debug_macro   0x0001f3b1      0x675 src/ASF/sam0/drivers/usb/usb_sam_l/usb.o
 .debug_macro   0x0001fa26      0x37e src/ASF/sam0/utils/cmsis/saml21/source/gcc/startup_saml21.o
 .debug_macro   0x0001fda4       0x3a src/ASF/sam0/utils/cmsis/saml21/source/gcc/startup_saml21.o
 .debug_macro   0x0001fdde      0x7ce src/main.o
 .debug_macro   0x000205ac       0x22 src/main.o
 .debug_macro   0x000205ce       0x57 src/main.o
 .debug_macro   0x00020625       0x52 src/main.o
 .debug_macro   0x00020677       0x22 src/main.o
 .debug_macro   0x00020699       0x4c src/main.o
 .debug_macro   0x000206e5      0x7ac src/sam_ba_monitor.o
 .debug_macro   0x00020e91      0x792 src/usart_sam_ba.o

.debug_line     0x00000000    0x128b3
 .debug_line    0x00000000      0xae2 src/ASF/common/services/sleepmgr/saml/sleepmgr.o
 .debug_line    0x00000ae2     0x11ca src/ASF/common/services/usb/class/cdc/device/udi_cdc.o
 .debug_line    0x00001cac      0xac0 src/ASF/common/services/usb/class/cdc/device/udi_cdc_desc.o
 .debug_line    0x0000276c      0xcf7 src/ASF/common/services/usb/udc/udc.o
 .debug_line    0x00003463      0x966 src/ASF/common/utils/interrupt/interrupt_sam_nvic.o
 .debug_line    0x00003dc9      0xa15 src/ASF/sam0/boards/saml21_xplained_pro_b/board_init.o
 .debug_line    0x000047de      0xa6e src/ASF/sam0/drivers/extint/extint_callback.o
 .debug_line    0x0000524c      0xceb src/ASF/sam0/drivers/extint/extint_sam_l_c/extint.o
 .debug_line    0x00005f37      0x998 src/ASF/sam0/drivers/port/port.o
 .debug_line    0x000068cf      0xc5e src/ASF/sam0/drivers/sercom/sercom.o
 .debug_line    0x0000752d      0xc02 src/ASF/sam0/drivers/sercom/sercom_interrupt.o
 .debug_line    0x0000812f      0xdac src/ASF/sam0/drivers/sercom/usart/usart.o
 .debug_line    0x00008edb      0xd58 src/ASF/sam0/drivers/sercom/usart/usart_interrupt.o
 .debug_line    0x00009c33      0xdca src/ASF/sam0/drivers/system/clock/clock_saml21/clock.o
 .debug_line    0x0000a9fd      0xc9f src/ASF/sam0/drivers/system/clock/clock_saml21/gclk.o
 .debug_line    0x0000b69c      0x9e5 src/ASF/sam0/drivers/system/pinmux/pinmux.o
 .debug_line    0x0000c081      0xa7c src/ASF/sam0/drivers/system/system.o
 .debug_line    0x0000cafd     0x13ea src/ASF/sam0/drivers/usb/stack_interface/usb_device_udd.o
 .debug_line    0x0000dee7     0x1132 src/ASF/sam0/drivers/usb/usb_sam_l/usb.o
 .debug_line    0x0000f019      0x6e4 src/ASF/sam0/utils/cmsis/saml21/source/gcc/startup_saml21.o
 .debug_line    0x0000f6fd      0xfde src/main.o
 .debug_line    0x000106db     0x1054 src/sam_ba_monitor.o
 .debug_line    0x0001172f     0x1184 src/usart_sam_ba.o

.debug_str      0x00000000    0xa43ee
 .debug_str     0x00000000    0x91b7c src/ASF/common/services/sleepmgr/saml/sleepmgr.o
                              0x92127 (size before relaxing)
 .debug_str     0x00091b7c     0x863e src/ASF/common/services/usb/class/cdc/device/udi_cdc.o
                              0x9a61b (size before relaxing)
 .debug_str     0x0009a1ba      0x4fa src/ASF/common/services/usb/class/cdc/device/udi_cdc_desc.o
                              0x99ce4 (size before relaxing)
 .debug_str     0x0009a6b4      0x7c1 src/ASF/common/services/usb/udc/udc.o
                              0x98ce4 (size before relaxing)
 .debug_str     0x0009ae75       0x65 src/ASF/common/utils/interrupt/interrupt_sam_nvic.o
                              0x91fc5 (size before relaxing)
 .debug_str     0x0009aeda      0x3f9 src/ASF/sam0/boards/saml21_xplained_pro_b/board_init.o
                              0x96003 (size before relaxing)
 .debug_str     0x0009b2d3      0x602 src/ASF/sam0/drivers/extint/extint_callback.o
                              0x92632 (size before relaxing)
 .debug_str     0x0009b8d5     0x10c3 src/ASF/sam0/drivers/extint/extint_sam_l_c/extint.o
                              0x936fc (size before relaxing)
 .debug_str     0x0009c998       0x59 src/ASF/sam0/drivers/port/port.o
                              0x92469 (size before relaxing)
 .debug_str     0x0009c9f1      0xecd src/ASF/sam0/drivers/sercom/sercom.o
                              0x936b7 (size before relaxing)
 .debug_str     0x0009d8be      0x1c7 src/ASF/sam0/drivers/sercom/sercom_interrupt.o
                              0x93553 (size before relaxing)
 .debug_str     0x0009da85      0xc8c src/ASF/sam0/drivers/sercom/usart/usart.o
                              0x94506 (size before relaxing)
 .debug_str     0x0009e711      0x1da src/ASF/sam0/drivers/sercom/usart/usart_interrupt.o
                              0x9366a (size before relaxing)
 .debug_str     0x0009e8eb     0x2ca9 src/ASF/sam0/drivers/system/clock/clock_saml21/clock.o
                              0x956aa (size before relaxing)
 .debug_str     0x000a1594      0x177 src/ASF/sam0/drivers/system/clock/clock_saml21/gclk.o
                              0x92c84 (size before relaxing)
 .debug_str     0x000a170b      0x179 src/ASF/sam0/drivers/system/pinmux/pinmux.o
                              0x924c5 (size before relaxing)
 .debug_str     0x000a1884       0x47 src/ASF/sam0/drivers/system/system.o
                              0x92055 (size before relaxing)
 .debug_str     0x000a18cb     0x1825 src/ASF/sam0/drivers/usb/stack_interface/usb_device_udd.o
                              0x9adb5 (size before relaxing)
 .debug_str     0x000a30f0      0x858 src/ASF/sam0/drivers/usb/usb_sam_l/usb.o
                              0x94b7f (size before relaxing)
 .debug_str     0x000a3948      0x3cc src/ASF/sam0/utils/cmsis/saml21/source/gcc/startup_saml21.o
                              0x7c474 (size before relaxing)
 .debug_str     0x000a3d14      0x3de src/main.o
                              0x9c170 (size before relaxing)
 .debug_str     0x000a40f2       0xda src/sam_ba_monitor.o
                              0x9ac6f (size before relaxing)
 .debug_str     0x000a41cc      0x222 src/usart_sam_ba.o
                              0x9d5eb (size before relaxing)

.debug_loc      0x00000000     0x94a7
 .debug_loc     0x00000000     0x1224 src/ASF/common/services/usb/class/cdc/device/udi_cdc.o
 .debug_loc     0x00001224      0x4d6 src/ASF/common/services/usb/udc/udc.o
 .debug_loc     0x000016fa       0x8b src/ASF/sam0/boards/saml21_xplained_pro_b/board_init.o
 .debug_loc     0x00001785      0x2ac src/ASF/sam0/drivers/extint/extint_callback.o
 .debug_loc     0x00001a31      0x4ca src/ASF/sam0/drivers/extint/extint_sam_l_c/extint.o
 .debug_loc     0x00001efb      0x13d src/ASF/sam0/drivers/port/port.o
 .debug_loc     0x00002038      0x9d5 src/ASF/sam0/drivers/sercom/sercom.o
 .debug_loc     0x00002a0d      0x161 src/ASF/sam0/drivers/sercom/sercom_interrupt.o
 .debug_loc     0x00002b6e      0xde7 src/ASF/sam0/drivers/sercom/usart/usart.o
 .debug_loc     0x00003955      0x711 src/ASF/sam0/drivers/sercom/usart/usart_interrupt.o
 .debug_loc     0x00004066      0xdca src/ASF/sam0/drivers/system/clock/clock_saml21/clock.o
 .debug_loc     0x00004e30      0x4dd src/ASF/sam0/drivers/system/clock/clock_saml21/gclk.o
 .debug_loc     0x0000530d      0x36d src/ASF/sam0/drivers/system/pinmux/pinmux.o
 .debug_loc     0x0000567a       0x20 src/ASF/sam0/drivers/system/system.o
 .debug_loc     0x0000569a     0x1300 src/ASF/sam0/drivers/usb/stack_interface/usb_device_udd.o
 .debug_loc     0x0000699a     0x1b0f src/ASF/sam0/drivers/usb/usb_sam_l/usb.o
 .debug_loc     0x000084a9       0x40 src/ASF/sam0/utils/cmsis/saml21/source/gcc/startup_saml21.o
 .debug_loc     0x000084e9       0x8d src/main.o
 .debug_loc     0x00008576      0x214 src/sam_ba_monitor.o
 .debug_loc     0x0000878a      0xd1d src/usart_sam_ba.o

.debug_ranges   0x00000000      0xba0
 .debug_ranges  0x00000000      0x1c8 src/ASF/common/services/usb/class/cdc/device/udi_cdc.o
 .debug_ranges  0x000001c8       0xc8 src/ASF/common/services/usb/udc/udc.o
 .debug_ranges  0x00000290       0x18 src/ASF/common/utils/interrupt/interrupt_sam_nvic.o
 .debug_ranges  0x000002a8       0x10 src/ASF/sam0/boards/saml21_xplained_pro_b/board_init.o
 .debug_ranges  0x000002b8       0x90 src/ASF/sam0/drivers/extint/extint_callback.o
 .debug_ranges  0x00000348       0x48 src/ASF/sam0/drivers/extint/extint_sam_l_c/extint.o
 .debug_ranges  0x00000390       0x18 src/ASF/sam0/drivers/port/port.o
 .debug_ranges  0x000003a8       0x50 src/ASF/sam0/drivers/sercom/sercom.o
 .debug_ranges  0x000003f8       0x50 src/ASF/sam0/drivers/sercom/sercom_interrupt.o
 .debug_ranges  0x00000448      0x160 src/ASF/sam0/drivers/sercom/usart/usart.o
 .debug_ranges  0x000005a8       0x60 src/ASF/sam0/drivers/sercom/usart/usart_interrupt.o
 .debug_ranges  0x00000608       0x70 src/ASF/sam0/drivers/system/clock/clock_saml21/clock.o
 .debug_ranges  0x00000678       0x88 src/ASF/sam0/drivers/system/clock/clock_saml21/gclk.o
 .debug_ranges  0x00000700       0x30 src/ASF/sam0/drivers/system/pinmux/pinmux.o
 .debug_ranges  0x00000730       0x18 src/ASF/sam0/drivers/system/system.o
 .debug_ranges  0x00000748      0x1a8 src/ASF/sam0/drivers/usb/stack_interface/usb_device_udd.o
 .debug_ranges  0x000008f0      0x190 src/ASF/sam0/drivers/usb/usb_sam_l/usb.o
 .debug_ranges  0x00000a80       0x18 src/ASF/sam0/utils/cmsis/saml21/source/gcc/startup_saml21.o
 .debug_ranges  0x00000a98       0x50 src/main.o
 .debug_ranges  0x00000ae8       0x28 src/sam_ba_monitor.o
 .debug_ranges  0x00000b10       0x90 src/usart_sam_ba.o

.debug_frame    0x00000000     0x1978
 .debug_frame   0x00000000      0x480 src/ASF/common/services/usb/class/cdc/device/udi_cdc.o
 .debug_frame   0x00000480      0x138 src/ASF/common/services/usb/udc/udc.o
 .debug_frame   0x000005b8       0x30 src/ASF/common/utils/interrupt/interrupt_sam_nvic.o
 .debug_frame   0x000005e8       0x30 src/ASF/sam0/boards/saml21_xplained_pro_b/board_init.o
 .debug_frame   0x00000618       0x7c src/ASF/sam0/drivers/extint/extint_callback.o
 .debug_frame   0x00000694       0xc8 src/ASF/sam0/drivers/extint/extint_sam_l_c/extint.o
 .debug_frame   0x0000075c       0x44 src/ASF/sam0/drivers/port/port.o
 .debug_frame   0x000007a0       0xbc src/ASF/sam0/drivers/sercom/sercom.o
 .debug_frame   0x0000085c       0xe8 src/ASF/sam0/drivers/sercom/sercom_interrupt.o
 .debug_frame   0x00000944       0xac src/ASF/sam0/drivers/sercom/usart/usart.o
 .debug_frame   0x000009f0      0x110 src/ASF/sam0/drivers/sercom/usart/usart_interrupt.o
 .debug_frame   0x00000b00      0x160 src/ASF/sam0/drivers/system/clock/clock_saml21/clock.o
 .debug_frame   0x00000c60      0x150 src/ASF/sam0/drivers/system/clock/clock_saml21/gclk.o
 .debug_frame   0x00000db0       0x98 src/ASF/sam0/drivers/system/pinmux/pinmux.o
 .debug_frame   0x00000e48       0x38 src/ASF/sam0/drivers/system/system.o
 .debug_frame   0x00000e80      0x35c src/ASF/sam0/drivers/usb/stack_interface/usb_device_udd.o
 .debug_frame   0x000011dc      0x3b8 src/ASF/sam0/drivers/usb/usb_sam_l/usb.o
 .debug_frame   0x00001594       0x38 src/ASF/sam0/utils/cmsis/saml21/source/gcc/startup_saml21.o
 .debug_frame   0x000015cc       0xac src/main.o
 .debug_frame   0x00001678       0x7c src/sam_ba_monitor.o
 .debug_frame   0x000016f4      0x19c src/usart_sam_ba.o
 .debug_frame   0x00001890       0x20 c:/program files (x86)/atmel/studio/7.0/toolchain/arm/arm-gnu-toolchain/bin/../lib/gcc/arm-none-eabi/6.3.1/thumb/v6-m\libgcc.a(_udivsi3.o)
 .debug_frame   0x000018b0       0x20 c:/program files (x86)/atmel/studio/7.0/toolchain/arm/arm-gnu-toolchain/bin/../lib/gcc/arm-none-eabi/6.3.1/thumb/v6-m\libgcc.a(_divsi3.o)
 .debug_frame   0x000018d0       0x34 c:/program files (x86)/atmel/studio/7.0/toolchain/arm/arm-gnu-toolchain/bin/../lib/gcc/arm-none-eabi/6.3.1/thumb/v6-m\libgcc.a(_muldi3.o)
 .debug_frame   0x00001904       0x2c c:/program files (x86)/atmel/studio/7.0/toolchain/arm/arm-gnu-toolchain/bin/../lib/gcc/arm-none-eabi/6.3.1/../../../../arm-none-eabi/lib/thumb/v6-m\libc_nano.a(lib_a-init.o)
 .debug_frame   0x00001930       0x28 c:/program files (x86)/atmel/studio/7.0/toolchain/arm/arm-gnu-toolchain/bin/../lib/gcc/arm-none-eabi/6.3.1/../../../../arm-none-eabi/lib/thumb/v6-m\libc_nano.a(lib_a-memcpy-stub.o)
 .debug_frame   0x00001958       0x20 c:/program files (x86)/atmel/studio/7.0/toolchain/arm/arm-gnu-toolchain/bin/../lib/gcc/arm-none-eabi/6.3.1/../../../../arm-none-eabi/lib/thumb/v6-m\libc_nano.a(lib_a-memset.o)
