Archive member included to satisfy reference by file (symbol)

c:/program files (x86)/atmel/studio/7.0/toolchain/arm/arm-gnu-toolchain/bin/../lib/gcc/arm-none-eabi/6.3.1/thumb/v6-m\libgcc.a(_udivsi3.o)
                              hpl/core/hpl_core_m0plus_base.o (__aeabi_uidiv)
c:/program files (x86)/atmel/studio/7.0/toolchain/arm/arm-gnu-toolchain/bin/../lib/gcc/arm-none-eabi/6.3.1/thumb/v6-m\libgcc.a(_dvmd_tls.o)
                              c:/program files (x86)/atmel/studio/7.0/toolchain/arm/arm-gnu-toolchain/bin/../lib/gcc/arm-none-eabi/6.3.1/thumb/v6-m\libgcc.a(_udivsi3.o) (__aeabi_idiv0)
c:/program files (x86)/atmel/studio/7.0/toolchain/arm/arm-gnu-toolchain/bin/../lib/gcc/arm-none-eabi/6.3.1/../../../../arm-none-eabi/lib/thumb/v6-m\libc_nano.a(lib_a-exit.o)
                              c:/program files (x86)/atmel/studio/7.0/toolchain/arm/arm-gnu-toolchain/bin/../lib/gcc/arm-none-eabi/6.3.1/../../../../arm-none-eabi/lib/thumb/v6-m/crt0.o (exit)
c:/program files (x86)/atmel/studio/7.0/toolchain/arm/arm-gnu-toolchain/bin/../lib/gcc/arm-none-eabi/6.3.1/../../../../arm-none-eabi/lib/thumb/v6-m\libc_nano.a(lib_a-impure.o)
                              c:/program files (x86)/atmel/studio/7.0/toolchain/arm/arm-gnu-toolchain/bin/../lib/gcc/arm-none-eabi/6.3.1/../../../../arm-none-eabi/lib/thumb/v6-m\libc_nano.a(lib_a-exit.o) (_global_impure_ptr)
c:/program files (x86)/atmel/studio/7.0/toolchain/arm/arm-gnu-toolchain/bin/../lib/gcc/arm-none-eabi/6.3.1/../../../../arm-none-eabi/lib/thumb/v6-m\libc_nano.a(lib_a-init.o)
                              c:/program files (x86)/atmel/studio/7.0/toolchain/arm/arm-gnu-toolchain/bin/../lib/gcc/arm-none-eabi/6.3.1/../../../../arm-none-eabi/lib/thumb/v6-m/crt0.o (__libc_init_array)
c:/program files (x86)/atmel/studio/7.0/toolchain/arm/arm-gnu-toolchain/bin/../lib/gcc/arm-none-eabi/6.3.1/../../../../arm-none-eabi/lib/thumb/v6-m\libc_nano.a(lib_a-memcpy-stub.o)
                              hpl/usb/hpl_usb.o (memcpy)
c:/program files (x86)/atmel/studio/7.0/toolchain/arm/arm-gnu-toolchain/bin/../lib/gcc/arm-none-eabi/6.3.1/../../../../arm-none-eabi/lib/thumb/v6-m\libc_nano.a(lib_a-memset.o)
                              c:/program files (x86)/atmel/studio/7.0/toolchain/arm/arm-gnu-toolchain/bin/../lib/gcc/arm-none-eabi/6.3.1/../../../../arm-none-eabi/lib/thumb/v6-m/crt0.o (memset)
c:/program files (x86)/atmel/studio/7.0/toolchain/arm/arm-gnu-toolchain/bin/../lib/gcc/arm-none-eabi/6.3.1/../../../../arm-none-eabi/lib/thumb/v6-m\libc_nano.a(lib_a-printf.o)
                              hal/utils/src/utils_syscalls.o (printf)
c:/program files (x86)/atmel/studio/7.0/toolchain/arm/arm-gnu-toolchain/bin/../lib/gcc/arm-none-eabi/6.3.1/../../../../arm-none-eabi/lib/thumb/v6-m\libc_nano.a(lib_a-findfp.o)
                              c:/program files (x86)/atmel/studio/7.0/toolchain/arm/arm-gnu-toolchain/bin/../lib/gcc/arm-none-eabi/6.3.1/../../../../arm-none-eabi/lib/thumb/v6-m\libc_nano.a(lib_a-printf.o) (__sinit)
c:/program files (x86)/atmel/studio/7.0/toolchain/arm/arm-gnu-toolchain/bin/../lib/gcc/arm-none-eabi/6.3.1/../../../../arm-none-eabi/lib/thumb/v6-m\libc_nano.a(lib_a-fwalk.o)
                              c:/program files (x86)/atmel/studio/7.0/toolchain/arm/arm-gnu-toolchain/bin/../lib/gcc/arm-none-eabi/6.3.1/../../../../arm-none-eabi/lib/thumb/v6-m\libc_nano.a(lib_a-findfp.o) (_fwalk)
c:/program files (x86)/atmel/studio/7.0/toolchain/arm/arm-gnu-toolchain/bin/../lib/gcc/arm-none-eabi/6.3.1/../../../../arm-none-eabi/lib/thumb/v6-m\libc_nano.a(lib_a-nano-mallocr.o)
                              c:/program files (x86)/atmel/studio/7.0/toolchain/arm/arm-gnu-toolchain/bin/../lib/gcc/arm-none-eabi/6.3.1/../../../../arm-none-eabi/lib/thumb/v6-m\libc_nano.a(lib_a-findfp.o) (_malloc_r)
c:/program files (x86)/atmel/studio/7.0/toolchain/arm/arm-gnu-toolchain/bin/../lib/gcc/arm-none-eabi/6.3.1/../../../../arm-none-eabi/lib/thumb/v6-m\libc_nano.a(lib_a-nano-vfprintf.o)
                              c:/program files (x86)/atmel/studio/7.0/toolchain/arm/arm-gnu-toolchain/bin/../lib/gcc/arm-none-eabi/6.3.1/../../../../arm-none-eabi/lib/thumb/v6-m\libc_nano.a(lib_a-printf.o) (_vfprintf_r)
c:/program files (x86)/atmel/studio/7.0/toolchain/arm/arm-gnu-toolchain/bin/../lib/gcc/arm-none-eabi/6.3.1/../../../../arm-none-eabi/lib/thumb/v6-m\libc_nano.a(lib_a-nano-vfprintf_i.o)
                              c:/program files (x86)/atmel/studio/7.0/toolchain/arm/arm-gnu-toolchain/bin/../lib/gcc/arm-none-eabi/6.3.1/../../../../arm-none-eabi/lib/thumb/v6-m\libc_nano.a(lib_a-nano-vfprintf.o) (_printf_i)
c:/program files (x86)/atmel/studio/7.0/toolchain/arm/arm-gnu-toolchain/bin/../lib/gcc/arm-none-eabi/6.3.1/../../../../arm-none-eabi/lib/thumb/v6-m\libc_nano.a(lib_a-sbrkr.o)
                              c:/program files (x86)/atmel/studio/7.0/toolchain/arm/arm-gnu-toolchain/bin/../lib/gcc/arm-none-eabi/6.3.1/../../../../arm-none-eabi/lib/thumb/v6-m\libc_nano.a(lib_a-nano-mallocr.o) (_sbrk_r)
[...]
Memory Configuration

Name             Origin             Length             Attributes
rom              0x00000000         0x00010000         xr
ram              0x20000000         0x00002000         xrw
lpram            0x30000000         0x00001000         xrw
*default*        0x00000000         0xffffffff

Linker script and memory map

LOAD c:/program files (x86)/atmel/studio/7.0/toolchain/arm/arm-gnu-toolchain/bin/../lib/gcc/arm-none-eabi/6.3.1/thumb/v6-m/crti.o
LOAD c:/program files (x86)/atmel/studio/7.0/toolchain/arm/arm-gnu-toolchain/bin/../lib/gcc/arm-none-eabi/6.3.1/thumb/v6-m/crtbegin.o
LOAD c:/program files (x86)/atmel/studio/7.0/toolchain/arm/arm-gnu-toolchain/bin/../lib/gcc/arm-none-eabi/6.3.1/../../../../arm-none-eabi/lib/thumb/v6-m/crt0.o
LOAD atmel_start.o
LOAD Device_Startup/startup_saml21.o
LOAD Device_Startup/system_saml21.o
LOAD driver_init.o
LOAD examples/driver_examples.o
LOAD hal/src/hal_atomic.o
LOAD hal/src/hal_delay.o
LOAD hal/src/hal_gpio.o
LOAD hal/src/hal_init.o
LOAD hal/src/hal_io.o
LOAD hal/src/hal_sleep.o
LOAD hal/src/hal_usb_device.o
LOAD hal/utils/src/utils_assert.o
LOAD hal/utils/src/utils_event.o
LOAD hal/utils/src/utils_list.o
LOAD hal/utils/src/utils_syscalls.o
LOAD hpl/core/hpl_core_m0plus_base.o
LOAD hpl/core/hpl_init.o
LOAD hpl/dmac/hpl_dmac.o
LOAD hpl/gclk/hpl_gclk.o
LOAD hpl/mclk/hpl_mclk.o
LOAD hpl/osc32kctrl/hpl_osc32kctrl.o
LOAD hpl/oscctrl/hpl_oscctrl.o
LOAD hpl/pm/hpl_pm.o
LOAD hpl/usb/hpl_usb.o
LOAD main.o
LOAD usb/class/cdc/device/cdcdf_acm.o
LOAD usb/device/usbdc.o
LOAD usb/usb_protocol.o
LOAD usb_start.o
START GROUP
LOAD c:/program files (x86)/atmel/studio/7.0/toolchain/arm/arm-gnu-toolchain/bin/../lib/gcc/arm-none-eabi/6.3.1/../../../../arm-none-eabi/lib/thumb/v6-m\libm.a
END GROUP
START GROUP
LOAD c:/program files (x86)/atmel/studio/7.0/toolchain/arm/arm-gnu-toolchain/bin/../lib/gcc/arm-none-eabi/6.3.1/thumb/v6-m\libgcc.a
LOAD c:/program files (x86)/atmel/studio/7.0/toolchain/arm/arm-gnu-toolchain/bin/../lib/gcc/arm-none-eabi/6.3.1/../../../../arm-none-eabi/lib/thumb/v6-m\libc_nano.a
END GROUP
START GROUP
LOAD c:/program files (x86)/atmel/studio/7.0/toolchain/arm/arm-gnu-toolchain/bin/../lib/gcc/arm-none-eabi/6.3.1/thumb/v6-m\libgcc.a
LOAD c:/program files (x86)/atmel/studio/7.0/toolchain/arm/arm-gnu-toolchain/bin/../lib/gcc/arm-none-eabi/6.3.1/../../../../arm-none-eabi/lib/thumb/v6-m\libc_nano.a
END GROUP
LOAD c:/program files (x86)/atmel/studio/7.0/toolchain/arm/arm-gnu-toolchain/bin/../lib/gcc/arm-none-eabi/6.3.1/thumb/v6-m/crtend.o
LOAD c:/program files (x86)/atmel/studio/7.0/toolchain/arm/arm-gnu-toolchain/bin/../lib/gcc/arm-none-eabi/6.3.1/thumb/v6-m/crtn.o
                0x00000800                STACK_SIZE = DEFINED (STACK_SIZE)?STACK_SIZE:DEFINED (__stack_size__)?__stack_size__:0x800

.text           0x00000000     0x2c4c
                0x00000000                . = ALIGN (0x4)
                0x00000000                _sfixed = .
 *(.vectors .vectors.*)
 .vectors       0x00000000       0xb4 Device_Startup/startup_saml21.o
                0x00000000                exception_table
 *(.text .text.* .gnu.linkonce.t.*)
 .text          0x000000b4       0x60 c:/program files (x86)/atmel/studio/7.0/toolchain/arm/arm-gnu-toolchain/bin/../lib/gcc/arm-none-eabi/6.3.1/thumb/v6-m/crtbegin.o
 .text.atmel_start_init
                0x00000114       0x14 atmel_start.o
                0x00000114                atmel_start_init
 .text.Dummy_Handler
                0x00000128        0x2 Device_Startup/startup_saml21.o
                0x00000128                SVCall_Handler
                0x00000128                DMAC_Handler
                0x00000128                TRNG_Handler
                0x00000128                HardFault_Handler
                0x00000128                TC2_Handler
                0x00000128                AC_Handler
                0x00000128                SysTick_Handler
                0x00000128                PendSV_Handler
                0x00000128                SERCOM1_Handler
                0x00000128                ADC_Handler
                0x00000128                NonMaskableInt_Handler
                0x00000128                TCC1_Handler
                0x00000128                SERCOM2_Handler
                0x00000128                TCC0_Handler
                0x00000128                RTC_Handler
                0x00000128                EIC_Handler
                0x00000128                WDT_Handler
                0x00000128                TC4_Handler
                0x00000128                TC1_Handler
                0x00000128                TC3_Handler
                0x00000128                Dummy_Handler
                0x00000128                SERCOM5_Handler
                0x00000128                TCC2_Handler
                0x00000128                EVSYS_Handler
                0x00000128                SERCOM3_Handler
                0x00000128                SERCOM4_Handler
                0x00000128                NVMCTRL_Handler
                0x00000128                SYSTEM_Handler
                0x00000128                SERCOM0_Handler
                0x00000128                DAC_Handler
                0x00000128                PTC_Handler
                0x00000128                TC0_Handler
                0x00000128                AES_Handler
 *fill*         0x0000012a        0x2 
 .text.Reset_Handler
                0x0000012c       0x98 Device_Startup/startup_saml21.o
                0x0000012c                Reset_Handler
 .text.USB_DEVICE_INSTANCE_PORT_init
                0x000001c4       0x88 driver_init.o
                0x000001c4                USB_DEVICE_INSTANCE_PORT_init
 .text.USB_DEVICE_INSTANCE_CLOCK_init
                0x0000024c       0x28 driver_init.o
                0x0000024c                USB_DEVICE_INSTANCE_CLOCK_init
 .text.USB_DEVICE_INSTANCE_init
                0x00000274       0x1c driver_init.o
                0x00000274                USB_DEVICE_INSTANCE_init
 .text.system_init
                0x00000290       0x14 driver_init.o
                0x00000290                system_init
 .text.atomic_enter_critical
                0x000002a4        0xe hal/src/hal_atomic.o
                0x000002a4                atomic_enter_critical
 .text.atomic_leave_critical
                0x000002b2        0xc hal/src/hal_atomic.o
                0x000002b2                atomic_leave_critical
 *fill*         0x000002be        0x2 
 .text.delay_ms
                0x000002c0       0x20 hal/src/hal_delay.o
                0x000002c0                delay_ms
 .text._usb_d_find_ep
                0x000002e0       0x44 hal/src/hal_usb_device.o
 .text.usb_d_dummy_cb_false
                0x00000324        0x4 hal/src/hal_usb_device.o
 .text.usb_d_cb_trans_more
                0x00000328       0x38 hal/src/hal_usb_device.o
 .text._usb_d_cb_trans_done
                0x00000360      0x160 hal/src/hal_usb_device.o
 .text.usb_d_cb_trans_setup
                0x000004c0       0x90 hal/src/hal_usb_device.o
 .text.usb_d_init
                0x00000550       0x64 hal/src/hal_usb_device.o
                0x00000550                usb_d_init
 .text.usb_d_register_callback
                0x000005b4        0xc hal/src/hal_usb_device.o
                0x000005b4                usb_d_register_callback
 .text.usb_d_enable
                0x000005c0        0xc hal/src/hal_usb_device.o
                0x000005c0                usb_d_enable
 .text.usb_d_attach
                0x000005cc        0xc hal/src/hal_usb_device.o
                0x000005cc                usb_d_attach
 .text.usb_d_set_address
                0x000005d8        0xc hal/src/hal_usb_device.o
                0x000005d8                usb_d_set_address
 .text.usb_d_ep_init
                0x000005e4       0x54 hal/src/hal_usb_device.o
                0x000005e4                usb_d_ep_init
 .text.usb_d_ep0_init
                0x00000638       0x14 hal/src/hal_usb_device.o
                0x00000638                usb_d_ep0_init
 .text.usb_d_ep_deinit
                0x0000064c       0x2c hal/src/hal_usb_device.o
                0x0000064c                usb_d_ep_deinit
 .text.usb_d_ep_enable
                0x00000678       0x4c hal/src/hal_usb_device.o
                0x00000678                usb_d_ep_enable
 .text.usb_d_ep_transfer
                0x000006c4      0x128 hal/src/hal_usb_device.o
                0x000006c4                usb_d_ep_transfer
 .text.usb_d_ep_halt
                0x000007ec       0x68 hal/src/hal_usb_device.o
                0x000007ec                usb_d_ep_halt
 .text.usb_d_ep_register_callback
                0x00000854       0x50 hal/src/hal_usb_device.o
                0x00000854                usb_d_ep_register_callback
 .text.assert   0x000008a4        0x8 hal/utils/src/utils_assert.o
                0x000008a4                assert
 .text.is_list_element
                0x000008ac       0x24 hal/utils/src/utils_list.o
                0x000008ac                is_list_element
 .text.list_insert_at_end
                0x000008d0       0x40 hal/utils/src/utils_list.o
                0x000008d0                list_insert_at_end
 .text._get_cycles_for_ms
                0x00000910       0x20 hpl/core/hpl_core_m0plus_base.o
                0x00000910                _get_cycles_for_ms
 .text._delay_cycles
                0x00000930        0x6 hpl/core/hpl_core_m0plus_base.o
                0x00000930                _delay_cycles
 *fill*         0x00000936        0x2 
 .text._init_chip
                0x00000938       0x44 hpl/core/hpl_init.o
                0x00000938                _init_chip
 .text._gclk_init_generators_by_fref
                0x0000097c       0x24 hpl/gclk/hpl_gclk.o
                0x0000097c                _gclk_init_generators_by_fref
 .text._mclk_init
                0x000009a0       0x14 hpl/mclk/hpl_mclk.o
                0x000009a0                _mclk_init
 .text._osc32kctrl_init_sources
                0x000009b4       0x18 hpl/osc32kctrl/hpl_osc32kctrl.o
                0x000009b4                _osc32kctrl_init_sources
 .text._oscctrl_init_sources
                0x000009cc       0x38 hpl/oscctrl/hpl_oscctrl.o
                0x000009cc                _oscctrl_init_sources
 .text._oscctrl_init_referenced_generators
                0x00000a04        0x2 hpl/oscctrl/hpl_oscctrl.o
                0x00000a04                _oscctrl_init_referenced_generators
 .text._set_performance_level
                0x00000a06       0x2a hpl/pm/hpl_pm.o
                0x00000a06                _set_performance_level
 .text._dummy_func_no_return
                0x00000a30        0x4 hpl/usb/hpl_usb.o
 .text._usb_d_dev_handle_setup
                0x00000a34       0x8c hpl/usb/hpl_usb.o
 .text._usb_d_dev_handle_stall
                0x00000ac0       0x30 hpl/usb/hpl_usb.o
 .text._usb_d_dev_trans_done
                0x00000af0       0x28 hpl/usb/hpl_usb.o
 .text._usb_d_dev_trans_stop
                0x00000b18       0x6c hpl/usb/hpl_usb.o
 .text._usb_d_dev_handle_trfail
                0x00000b84      0x100 hpl/usb/hpl_usb.o
 .text._usb_d_dev_reset_epts
                0x00000c84       0x44 hpl/usb/hpl_usb.o
 .text._usb_d_dev_in_next
                0x00000cc8      0x1a8 hpl/usb/hpl_usb.o
 .text._usb_d_dev_out_next
                0x00000e70      0x234 hpl/usb/hpl_usb.o
 .text._usb_d_dev_init
                0x000010a4       0xec hpl/usb/hpl_usb.o
                0x000010a4                _usb_d_dev_init
 .text._usb_d_dev_enable
                0x00001190       0x58 hpl/usb/hpl_usb.o
                0x00001190                _usb_d_dev_enable
 .text._usb_d_dev_attach
                0x000011e8        0xe hpl/usb/hpl_usb.o
                0x000011e8                _usb_d_dev_attach
 .text._usb_d_dev_set_address
                0x000011f6        0xc hpl/usb/hpl_usb.o
                0x000011f6                _usb_d_dev_set_address
 *fill*         0x00001202        0x2 
 .text._usb_d_dev_ep_init
                0x00001204      0x12c hpl/usb/hpl_usb.o
                0x00001204                _usb_d_dev_ep_init
 .text._usb_d_dev_ep_deinit
                0x00001330       0xd0 hpl/usb/hpl_usb.o
                0x00001330                _usb_d_dev_ep_deinit
 .text._usb_d_dev_ep_enable
                0x00001400      0x2e4 hpl/usb/hpl_usb.o
                0x00001400                _usb_d_dev_ep_enable
 .text._usb_d_dev_ep_stall
                0x000016e4      0x160 hpl/usb/hpl_usb.o
                0x000016e4                _usb_d_dev_ep_stall
 .text._usb_d_dev_ep_read_req
                0x00001844       0x6c hpl/usb/hpl_usb.o
                0x00001844                _usb_d_dev_ep_read_req
 .text._usb_d_dev_ep_trans
                0x000018b0      0x214 hpl/usb/hpl_usb.o
                0x000018b0                _usb_d_dev_ep_trans
 .text._usb_d_dev_register_callback
                0x00001ac4       0x24 hpl/usb/hpl_usb.o
                0x00001ac4                _usb_d_dev_register_callback
 .text._usb_d_dev_register_ep_callback
                0x00001ae8       0x30 hpl/usb/hpl_usb.o
                0x00001ae8                _usb_d_dev_register_ep_callback
 .text.USB_Handler
                0x00001b18      0x248 hpl/usb/hpl_usb.o
                0x00001b18                USB_Handler
 .text.main     0x00001d60       0x2c main.o
                0x00001d60                main
 .text.cdcdf_acm_req
                0x00001d8c      0x11c usb/class/cdc/device/cdcdf_acm.o
 .text.cdcdf_acm_ctrl
                0x00001ea8      0x17c usb/class/cdc/device/cdcdf_acm.o
 .text.cdcdf_acm_init
                0x00002024       0x44 usb/class/cdc/device/cdcdf_acm.o
                0x00002024                cdcdf_acm_init
 .text.cdcdf_acm_read
                0x00002068       0x2c usb/class/cdc/device/cdcdf_acm.o
                0x00002068                cdcdf_acm_read
 .text.cdcdf_acm_write
                0x00002094       0x2c usb/class/cdc/device/cdcdf_acm.o
                0x00002094                cdcdf_acm_write
 .text.cdcdf_acm_register_callback
                0x000020c0       0x50 usb/class/cdc/device/cdcdf_acm.o
                0x000020c0                cdcdf_acm_register_callback
 .text.cdcdf_acm_is_enabled
                0x00002110        0xc usb/class/cdc/device/cdcdf_acm.o
                0x00002110                cdcdf_acm_is_enabled
 .text.usbdc_unconfig
                0x0000211c       0x20 usb/device/usbdc.o
 .text.usbdc_change_notify
                0x0000213c       0x28 usb/device/usbdc.o
 .text.usbdc_request_handler
                0x00002164       0x44 usb/device/usbdc.o
 .text.usbd_sof_cb
                0x000021a8       0x20 usb/device/usbdc.o
 .text.usbdc_cb_ctl_done
                0x000021c8       0x7c usb/device/usbdc.o
 .text.usbdc_reset
                0x00002244       0x58 usb/device/usbdc.o
                0x00002244                usbdc_reset
 .text.usbd_event_cb
                0x0000229c       0x24 usb/device/usbdc.o
 .text.usbdc_xfer
                0x000022c0       0x1c usb/device/usbdc.o
                0x000022c0                usbdc_xfer
 .text.usbdc_cb_ctl_req
                0x000022dc      0x440 usb/device/usbdc.o
 .text.usbdc_register_handler
                0x0000271c       0x38 usb/device/usbdc.o
                0x0000271c                usbdc_register_handler
 .text.usbdc_init
                0x00002754       0x60 usb/device/usbdc.o
                0x00002754                usbdc_init
 .text.usbdc_register_function
                0x000027b4       0x18 usb/device/usbdc.o
                0x000027b4                usbdc_register_function
 .text.usbdc_start
                0x000027cc       0x38 usb/device/usbdc.o
                0x000027cc                usbdc_start
 .text.usbdc_attach
                0x00002804        0xc usb/device/usbdc.o
                0x00002804                usbdc_attach
 .text.usbdc_get_ctrl_buffer
                0x00002810        0xc usb/device/usbdc.o
                0x00002810                usbdc_get_ctrl_buffer
 .text.usbdc_get_state
                0x0000281c       0x10 usb/device/usbdc.o
                0x0000281c                usbdc_get_state
 .text.usb_find_desc
                0x0000282c       0x36 usb/usb_protocol.o
                0x0000282c                usb_find_desc
 .text.usb_find_ep_desc
                0x00002862       0x44 usb/usb_protocol.o
                0x00002862                usb_find_ep_desc
 *fill*         0x000028a6        0x2 
 .text.usb_find_cfg_desc
                0x000028a8       0x68 usb/usb_protocol.o
                0x000028a8                usb_find_cfg_desc
 .text.usb_find_str_desc
                0x00002910       0x3c usb/usb_protocol.o
                0x00002910                usb_find_str_desc
 .text.usb_device_cb_state_c
                0x0000294c       0x40 usb_start.o
 .text.usb_device_cb_bulk_in
                0x0000298c       0x18 usb_start.o
 .text.usb_device_cb_bulk_out
                0x000029a4       0x18 usb_start.o
 .text.cdc_device_acm_init
                0x000029bc       0x34 usb_start.o
                0x000029bc                cdc_device_acm_init
 .text.cdcd_acm_example
                0x000029f0       0x20 usb_start.o
                0x000029f0                cdcd_acm_example
 .text.usb_init
                0x00002a10        0xc usb_start.o
                0x00002a10                usb_init
 .text          0x00002a1c      0x114 c:/program files (x86)/atmel/studio/7.0/toolchain/arm/arm-gnu-toolchain/bin/../lib/gcc/arm-none-eabi/6.3.1/thumb/v6-m\libgcc.a(_udivsi3.o)
                0x00002a1c                __aeabi_uidiv
                0x00002a1c                __udivsi3
                0x00002b28                __aeabi_uidivmod
 .text          0x00002b30        0x4 c:/program files (x86)/atmel/studio/7.0/toolchain/arm/arm-gnu-toolchain/bin/../lib/gcc/arm-none-eabi/6.3.1/thumb/v6-m\libgcc.a(_dvmd_tls.o)
                0x00002b30                __aeabi_idiv0
                0x00002b30                __aeabi_ldiv0
 .text.__libc_init_array
                0x00002b34       0x48 c:/program files (x86)/atmel/studio/7.0/toolchain/arm/arm-gnu-toolchain/bin/../lib/gcc/arm-none-eabi/6.3.1/../../../../arm-none-eabi/lib/thumb/v6-m\libc_nano.a(lib_a-init.o)
                0x00002b34                __libc_init_array
 .text.memcpy   0x00002b7c       0x12 c:/program files (x86)/atmel/studio/7.0/toolchain/arm/arm-gnu-toolchain/bin/../lib/gcc/arm-none-eabi/6.3.1/../../../../arm-none-eabi/lib/thumb/v6-m\libc_nano.a(lib_a-memcpy-stub.o)
                0x00002b7c                memcpy
 .text.memset   0x00002b8e       0x10 c:/program files (x86)/atmel/studio/7.0/toolchain/arm/arm-gnu-toolchain/bin/../lib/gcc/arm-none-eabi/6.3.1/../../../../arm-none-eabi/lib/thumb/v6-m\libc_nano.a(lib_a-memset.o)
                0x00002b8e                memset
 *(.glue_7t)
 .glue_7t       0x00002b9e        0x0 linker stubs
 *(.glue_7)
 .glue_7        0x00002b9e        0x0 linker stubs
 *(.rodata .rodata* .gnu.linkonce.r.*)
 *fill*         0x00002b9e        0x2 
 .rodata.str1.4
                0x00002ba0       0x1e hal/utils/src/utils_list.o
 .rodata.cst2   0x00002bbe        0x2 hpl/usb/hpl_usb.o
 .rodata        0x00002bc0       0x24 hpl/usb/hpl_usb.o
 .rodata        0x00002be4       0x30 usb/device/usbdc.o
 .rodata.str1.4
                0x00002c14       0x18 usb/device/usbdc.o
                                 0x16 (size before relaxing)
 *(.ARM.extab* .gnu.linkonce.armextab.*)
                0x00002c2c                . = ALIGN (0x4)
 *(.init)
 .init          0x00002c2c        0x4 c:/program files (x86)/atmel/studio/7.0/toolchain/arm/arm-gnu-toolchain/bin/../lib/gcc/arm-none-eabi/6.3.1/thumb/v6-m/crti.o
                0x00002c2c                _init
 .init          0x00002c30        0x8 c:/program files (x86)/atmel/studio/7.0/toolchain/arm/arm-gnu-toolchain/bin/../lib/gcc/arm-none-eabi/6.3.1/thumb/v6-m/crtn.o
                0x00002c38                . = ALIGN (0x4)
                0x00002c38                __preinit_array_start = .
 *(.preinit_array)
                0x00002c38                __preinit_array_end = .
                0x00002c38                . = ALIGN (0x4)
                0x00002c38                __init_array_start = .
 *(SORT(.init_array.*))
 *(.init_array)
 .init_array    0x00002c38        0x4 c:/program files (x86)/atmel/studio/7.0/toolchain/arm/arm-gnu-toolchain/bin/../lib/gcc/arm-none-eabi/6.3.1/thumb/v6-m/crtbegin.o
                0x00002c3c                __init_array_end = .
                0x00002c3c                . = ALIGN (0x4)
 *crtbegin.o(.ctors)
 *(EXCLUDE_FILE(*crtend.o) .ctors)
 *(SORT(.ctors.*))
 *crtend.o(.ctors)
                0x00002c3c                . = ALIGN (0x4)
 *(.fini)
 .fini          0x00002c3c        0x4 c:/program files (x86)/atmel/studio/7.0/toolchain/arm/arm-gnu-toolchain/bin/../lib/gcc/arm-none-eabi/6.3.1/thumb/v6-m/crti.o
                0x00002c3c                _fini
 .fini          0x00002c40        0x8 c:/program files (x86)/atmel/studio/7.0/toolchain/arm/arm-gnu-toolchain/bin/../lib/gcc/arm-none-eabi/6.3.1/thumb/v6-m/crtn.o
                0x00002c48                . = ALIGN (0x4)
                0x00002c48                __fini_array_start = .
 *(.fini_array)
 .fini_array    0x00002c48        0x4 c:/program files (x86)/atmel/studio/7.0/toolchain/arm/arm-gnu-toolchain/bin/../lib/gcc/arm-none-eabi/6.3.1/thumb/v6-m/crtbegin.o
 *(SORT(.fini_array.*))
                0x00002c4c                __fini_array_end = .
 *crtbegin.o(.dtors)
 *(EXCLUDE_FILE(*crtend.o) .dtors)
 *(SORT(.dtors.*))
 *crtend.o(.dtors)
                0x00002c4c                . = ALIGN (0x4)
                0x00002c4c                _efixed = .
                [!provide]                PROVIDE (__exidx_start, .)

.vfp11_veneer   0x00002c4c        0x0
 .vfp11_veneer  0x00002c4c        0x0 linker stubs

.v4_bx          0x00002c4c        0x0
 .v4_bx         0x00002c4c        0x0 linker stubs

.iplt           0x00002c4c        0x0
 .iplt          0x00002c4c        0x0 c:/program files (x86)/atmel/studio/7.0/toolchain/arm/arm-gnu-toolchain/bin/../lib/gcc/arm-none-eabi/6.3.1/thumb/v6-m/crtbegin.o

.eh_frame       0x00002c4c        0x0
 .eh_frame      0x00002c4c        0x0 c:/program files (x86)/atmel/studio/7.0/toolchain/arm/arm-gnu-toolchain/bin/../lib/gcc/arm-none-eabi/6.3.1/thumb/v6-m/crtbegin.o

.rel.dyn        0x00002c4c        0x0
 .rel.iplt      0x00002c4c        0x0 c:/program files (x86)/atmel/studio/7.0/toolchain/arm/arm-gnu-toolchain/bin/../lib/gcc/arm-none-eabi/6.3.1/thumb/v6-m/crtbegin.o

.jcr            0x00002c4c        0x0
 .jcr           0x00002c4c        0x0 c:/program files (x86)/atmel/studio/7.0/toolchain/arm/arm-gnu-toolchain/bin/../lib/gcc/arm-none-eabi/6.3.1/thumb/v6-m/crtbegin.o

.igot.plt       0x00002c4c        0x0
 .igot.plt      0x00002c4c        0x0 c:/program files (x86)/atmel/studio/7.0/toolchain/arm/arm-gnu-toolchain/bin/../lib/gcc/arm-none-eabi/6.3.1/thumb/v6-m/crtbegin.o

.ARM.exidx
 *(.ARM.exidx* .gnu.linkonce.armexidx.*)
                [!provide]                PROVIDE (__exidx_end, .)
                0x00002c4c                . = ALIGN (0x4)
                0x00002c4c                _etext = .

.relocate       0x20000000       0x68 load address 0x00002c4c
                0x20000000                . = ALIGN (0x4)
                0x20000000                _srelocate = .
 *(.ramfunc .ramfunc.*)
 *(.data .data.*)
 .data          0x20000000        0x8 usb/class/cdc/device/cdcdf_acm.o
 .data          0x20000008       0x5d usb_start.o
                0x20000068                . = ALIGN (0x4)
 *fill*         0x20000065        0x3 
                0x20000068                _erelocate = .

.lpram          0x30000000        0x0
                0x30000000                . = ALIGN (0x8)
                0x30000000                _slpram = .
 *(.lpram .lpram.*)
                0x30000000                . = ALIGN (0x8)
                0x30000000                _elpram = .

.bss            0x20000068      0x34c load address 0x00002cb4
                0x20000068                . = ALIGN (0x4)
                0x20000068                _sbss = .
                0x20000068                _szero = .
 *(.bss .bss.*)
 .bss           0x20000068       0x1c c:/program files (x86)/atmel/studio/7.0/toolchain/arm/arm-gnu-toolchain/bin/../lib/gcc/arm-none-eabi/6.3.1/thumb/v6-m/crtbegin.o
 .bss           0x20000084        0x4 hal/src/hal_delay.o
 .bss           0x20000088       0x80 hal/src/hal_usb_device.o
 .bss           0x20000108      0x1e8 hpl/usb/hpl_usb.o
 .bss           0x200002f0       0x24 usb/class/cdc/device/cdcdf_acm.o
 .bss           0x20000314       0x20 usb/device/usbdc.o
 .bss           0x20000334       0x80 usb_start.o
 *(COMMON)
                0x200003b4                . = ALIGN (0x4)
                0x200003b4                _ebss = .
                0x200003b4                _ezero = .

.stack          0x200003b4      0x804 load address 0x00003000
                0x200003b8                . = ALIGN (0x8)
 *fill*         0x200003b4        0x4 
                0x200003b8                _sstack = .
                0x20000bb8                . = (. + STACK_SIZE)
 *fill*         0x200003b8      0x800 
                0x20000bb8                . = ALIGN (0x8)
                0x20000bb8                _estack = .
                0x20000bb8                . = ALIGN (0x4)
                0x20000bb8                _end = .
OUTPUT(My Project.elf elf32-littlearm)

.ARM.attributes
                0x00000000       0x28
 .ARM.attributes
                0x00000000       0x1e c:/program files (x86)/atmel/studio/7.0/toolchain/arm/arm-gnu-toolchain/bin/../lib/gcc/arm-none-eabi/6.3.1/thumb/v6-m/crti.o
 .ARM.attributes
                0x0000001e       0x2c c:/program files (x86)/atmel/studio/7.0/toolchain/arm/arm-gnu-toolchain/bin/../lib/gcc/arm-none-eabi/6.3.1/thumb/v6-m/crtbegin.o
 .ARM.attributes
                0x0000004a       0x32 atmel_start.o
 .ARM.attributes
                0x0000007c       0x32 Device_Startup/startup_saml21.o
 .ARM.attributes
                0x000000ae       0x32 driver_init.o
 .ARM.attributes
                0x000000e0       0x32 hal/src/hal_atomic.o
 .ARM.attributes
                0x00000112       0x32 hal/src/hal_delay.o
 .ARM.attributes
                0x00000144       0x32 hal/src/hal_usb_device.o
 .ARM.attributes
                0x00000176       0x32 hal/utils/src/utils_assert.o
 .ARM.attributes
                0x000001a8       0x32 hal/utils/src/utils_list.o
 .ARM.attributes
                0x000001da       0x32 hpl/core/hpl_core_m0plus_base.o
 .ARM.attributes
                0x0000020c       0x32 hpl/core/hpl_init.o
 .ARM.attributes
                0x0000023e       0x32 hpl/gclk/hpl_gclk.o
 .ARM.attributes
                0x00000270       0x32 hpl/mclk/hpl_mclk.o
 .ARM.attributes
                0x000002a2       0x32 hpl/osc32kctrl/hpl_osc32kctrl.o
 .ARM.attributes
                0x000002d4       0x32 hpl/oscctrl/hpl_oscctrl.o
 .ARM.attributes
                0x00000306       0x32 hpl/pm/hpl_pm.o
 .ARM.attributes
                0x00000338       0x32 hpl/usb/hpl_usb.o
 .ARM.attributes
                0x0000036a       0x32 main.o
 .ARM.attributes
                0x0000039c       0x32 usb/class/cdc/device/cdcdf_acm.o
 .ARM.attributes
                0x000003ce       0x32 usb/device/usbdc.o
 .ARM.attributes
                0x00000400       0x32 usb/usb_protocol.o
 .ARM.attributes
                0x00000432       0x32 usb_start.o
 .ARM.attributes
                0x00000464       0x1e c:/program files (x86)/atmel/studio/7.0/toolchain/arm/arm-gnu-toolchain/bin/../lib/gcc/arm-none-eabi/6.3.1/thumb/v6-m\libgcc.a(_udivsi3.o)
 .ARM.attributes
                0x00000482       0x1e c:/program files (x86)/atmel/studio/7.0/toolchain/arm/arm-gnu-toolchain/bin/../lib/gcc/arm-none-eabi/6.3.1/thumb/v6-m\libgcc.a(_dvmd_tls.o)
 .ARM.attributes
                0x000004a0       0x2c c:/program files (x86)/atmel/studio/7.0/toolchain/arm/arm-gnu-toolchain/bin/../lib/gcc/arm-none-eabi/6.3.1/../../../../arm-none-eabi/lib/thumb/v6-m\libc_nano.a(lib_a-init.o)
 .ARM.attributes
                0x000004cc       0x2c c:/program files (x86)/atmel/studio/7.0/toolchain/arm/arm-gnu-toolchain/bin/../lib/gcc/arm-none-eabi/6.3.1/../../../../arm-none-eabi/lib/thumb/v6-m\libc_nano.a(lib_a-memcpy-stub.o)
 .ARM.attributes
                0x000004f8       0x2c c:/program files (x86)/atmel/studio/7.0/toolchain/arm/arm-gnu-toolchain/bin/../lib/gcc/arm-none-eabi/6.3.1/../../../../arm-none-eabi/lib/thumb/v6-m\libc_nano.a(lib_a-memset.o)
 .ARM.attributes
                0x00000524       0x1e c:/program files (x86)/atmel/studio/7.0/toolchain/arm/arm-gnu-toolchain/bin/../lib/gcc/arm-none-eabi/6.3.1/thumb/v6-m/crtn.o

.comment        0x00000000       0x59
 .comment       0x00000000       0x59 atmel_start.o
                                 0x5a (size before relaxing)
 .comment       0x00000059       0x5a Device_Startup/startup_saml21.o
 .comment       0x00000059       0x5a driver_init.o
 .comment       0x00000059       0x5a hal/src/hal_atomic.o
 .comment       0x00000059       0x5a hal/src/hal_delay.o
 .comment       0x00000059       0x5a hal/src/hal_usb_device.o
 .comment       0x00000059       0x5a hal/utils/src/utils_assert.o
 .comment       0x00000059       0x5a hal/utils/src/utils_list.o
 .comment       0x00000059       0x5a hpl/core/hpl_core_m0plus_base.o
 .comment       0x00000059       0x5a hpl/core/hpl_init.o
 .comment       0x00000059       0x5a hpl/gclk/hpl_gclk.o
 .comment       0x00000059       0x5a hpl/mclk/hpl_mclk.o
 .comment       0x00000059       0x5a hpl/osc32kctrl/hpl_osc32kctrl.o
 .comment       0x00000059       0x5a hpl/oscctrl/hpl_oscctrl.o
 .comment       0x00000059       0x5a hpl/pm/hpl_pm.o
 .comment       0x00000059       0x5a hpl/usb/hpl_usb.o
 .comment       0x00000059       0x5a main.o
 .comment       0x00000059       0x5a usb/class/cdc/device/cdcdf_acm.o
 .comment       0x00000059       0x5a usb/device/usbdc.o
 .comment       0x00000059       0x5a usb/usb_protocol.o
 .comment       0x00000059       0x5a usb_start.o

.debug_info     0x00000000    0x17b43
 .debug_info    0x00000000      0x9ee atmel_start.o
 .debug_info    0x000009ee      0xa27 Device_Startup/startup_saml21.o
 .debug_info    0x00001415     0x1ec7 driver_init.o
 .debug_info    0x000032dc      0x1d1 hal/src/hal_atomic.o
 .debug_info    0x000034ad      0x1dc hal/src/hal_delay.o
 .debug_info    0x00003689     0x1e06 hal/src/hal_usb_device.o
 .debug_info    0x0000548f      0x107 hal/utils/src/utils_assert.o
 .debug_info    0x00005596      0x310 hal/utils/src/utils_list.o
 .debug_info    0x000058a6      0x859 hpl/core/hpl_core_m0plus_base.o
 .debug_info    0x000060ff      0x6d4 hpl/core/hpl_init.o
 .debug_info    0x000067d3      0x582 hpl/gclk/hpl_gclk.o
 .debug_info    0x00006d55      0xa0e hpl/mclk/hpl_mclk.o
 .debug_info    0x00007763      0x620 hpl/osc32kctrl/hpl_osc32kctrl.o
 .debug_info    0x00007d83      0xe4d hpl/oscctrl/hpl_oscctrl.o
 .debug_info    0x00008bd0      0xabc hpl/pm/hpl_pm.o
 .debug_info    0x0000968c     0x8148 hpl/usb/hpl_usb.o
 .debug_info    0x000117d4      0xa37 main.o
 .debug_info    0x0001220b     0x179f usb/class/cdc/device/cdcdf_acm.o
 .debug_info    0x000139aa     0x247a usb/device/usbdc.o
 .debug_info    0x00015e24      0xea8 usb/usb_protocol.o
 .debug_info    0x00016ccc      0xe77 usb_start.o

.debug_abbrev   0x00000000     0x3228
 .debug_abbrev  0x00000000      0x1ad atmel_start.o
 .debug_abbrev  0x000001ad      0x1e4 Device_Startup/startup_saml21.o
 .debug_abbrev  0x00000391      0x2c7 driver_init.o
 .debug_abbrev  0x00000658      0x144 hal/src/hal_atomic.o
 .debug_abbrev  0x0000079c       0xe1 hal/src/hal_delay.o
 .debug_abbrev  0x0000087d      0x485 hal/src/hal_usb_device.o
 .debug_abbrev  0x00000d02       0x86 hal/utils/src/utils_assert.o
 .debug_abbrev  0x00000d88      0x159 hal/utils/src/utils_list.o
 .debug_abbrev  0x00000ee1      0x2cd hpl/core/hpl_core_m0plus_base.o
 .debug_abbrev  0x000011ae      0x1d9 hpl/core/hpl_init.o
 .debug_abbrev  0x00001387      0x19a hpl/gclk/hpl_gclk.o
 .debug_abbrev  0x00001521      0x1b7 hpl/mclk/hpl_mclk.o
 .debug_abbrev  0x000016d8      0x1a2 hpl/osc32kctrl/hpl_osc32kctrl.o
 .debug_abbrev  0x0000187a      0x221 hpl/oscctrl/hpl_oscctrl.o
 .debug_abbrev  0x00001a9b      0x24c hpl/pm/hpl_pm.o
 .debug_abbrev  0x00001ce7      0x5d9 hpl/usb/hpl_usb.o
 .debug_abbrev  0x000022c0      0x1ed main.o
 .debug_abbrev  0x000024ad      0x422 usb/class/cdc/device/cdcdf_acm.o
 .debug_abbrev  0x000028cf      0x420 usb/device/usbdc.o
 .debug_abbrev  0x00002cef      0x2b8 usb/usb_protocol.o
 .debug_abbrev  0x00002fa7      0x281 usb_start.o

.debug_loc      0x00000000     0x8cf6
 .debug_loc     0x00000000       0x20 atmel_start.o
 .debug_loc     0x00000020       0x40 Device_Startup/startup_saml21.o
 .debug_loc     0x00000060      0x4b3 driver_init.o
 .debug_loc     0x00000513       0x13 hal/src/hal_atomic.o
 .debug_loc     0x00000526       0xc3 hal/src/hal_delay.o
 .debug_loc     0x000005e9     0x138a hal/src/hal_usb_device.o
 .debug_loc     0x00001973      0x271 hal/utils/src/utils_list.o
 .debug_loc     0x00001be4      0x1f7 hpl/core/hpl_core_m0plus_base.o
 .debug_loc     0x00001ddb       0x4c hpl/core/hpl_init.o
 .debug_loc     0x00001e27       0x72 hpl/gclk/hpl_gclk.o
 .debug_loc     0x00001e99       0x84 hpl/mclk/hpl_mclk.o
 .debug_loc     0x00001f1d       0x94 hpl/osc32kctrl/hpl_osc32kctrl.o
 .debug_loc     0x00001fb1       0x18 hpl/oscctrl/hpl_oscctrl.o
 .debug_loc     0x00001fc9      0x188 hpl/pm/hpl_pm.o
 .debug_loc     0x00002151     0x4575 hpl/usb/hpl_usb.o
 .debug_loc     0x000066c6       0x61 main.o
 .debug_loc     0x00006727      0x982 usb/class/cdc/device/cdcdf_acm.o
 .debug_loc     0x000070a9     0x156c usb/device/usbdc.o
 .debug_loc     0x00008615      0x54f usb/usb_protocol.o
 .debug_loc     0x00008b64      0x192 usb_start.o

.debug_aranges  0x00000000      0x6d8
 .debug_aranges
                0x00000000       0x20 atmel_start.o
 .debug_aranges
                0x00000020       0x28 Device_Startup/startup_saml21.o
 .debug_aranges
                0x00000048       0x38 driver_init.o
 .debug_aranges
                0x00000080       0x30 hal/src/hal_atomic.o
 .debug_aranges
                0x000000b0       0x38 hal/src/hal_delay.o
 .debug_aranges
                0x000000e8      0x100 hal/src/hal_usb_device.o
 .debug_aranges
                0x000001e8       0x20 hal/utils/src/utils_assert.o
 .debug_aranges
                0x00000208       0x48 hal/utils/src/utils_list.o
 .debug_aranges
                0x00000250       0x80 hpl/core/hpl_core_m0plus_base.o
 .debug_aranges
                0x000002d0       0x20 hpl/core/hpl_init.o
 .debug_aranges
                0x000002f0       0x28 hpl/gclk/hpl_gclk.o
 .debug_aranges
                0x00000318       0x20 hpl/mclk/hpl_mclk.o
 .debug_aranges
                0x00000338       0x20 hpl/osc32kctrl/hpl_osc32kctrl.o
 .debug_aranges
                0x00000358       0x28 hpl/oscctrl/hpl_oscctrl.o
 .debug_aranges
                0x00000380       0x30 hpl/pm/hpl_pm.o
 .debug_aranges
                0x000003b0      0x128 hpl/usb/hpl_usb.o
 .debug_aranges
                0x000004d8       0x20 main.o
 .debug_aranges
                0x000004f8       0x70 usb/class/cdc/device/cdcdf_acm.o
 .debug_aranges
                0x00000568       0xe0 usb/device/usbdc.o
 .debug_aranges
                0x00000648       0x48 usb/usb_protocol.o
 .debug_aranges
                0x00000690       0x48 usb_start.o

.debug_ranges   0x00000000      0xaa0
 .debug_ranges  0x00000000       0x10 atmel_start.o
 .debug_ranges  0x00000010       0x18 Device_Startup/startup_saml21.o
 .debug_ranges  0x00000028       0x28 driver_init.o
 .debug_ranges  0x00000050       0x20 hal/src/hal_atomic.o
 .debug_ranges  0x00000070       0x28 hal/src/hal_delay.o
 .debug_ranges  0x00000098      0x148 hal/src/hal_usb_device.o
 .debug_ranges  0x000001e0       0x10 hal/utils/src/utils_assert.o
 .debug_ranges  0x000001f0       0x58 hal/utils/src/utils_list.o
 .debug_ranges  0x00000248       0x70 hpl/core/hpl_core_m0plus_base.o
 .debug_ranges  0x000002b8       0x10 hpl/core/hpl_init.o
 .debug_ranges  0x000002c8       0x18 hpl/gclk/hpl_gclk.o
 .debug_ranges  0x000002e0       0x10 hpl/mclk/hpl_mclk.o
 .debug_ranges  0x000002f0       0x10 hpl/osc32kctrl/hpl_osc32kctrl.o
 .debug_ranges  0x00000300       0x30 hpl/oscctrl/hpl_oscctrl.o
 .debug_ranges  0x00000330       0x20 hpl/pm/hpl_pm.o
 .debug_ranges  0x00000350      0x400 hpl/usb/hpl_usb.o
 .debug_ranges  0x00000750       0x10 main.o
 .debug_ranges  0x00000760       0xa8 usb/class/cdc/device/cdcdf_acm.o
 .debug_ranges  0x00000808      0x1c8 usb/device/usbdc.o
 .debug_ranges  0x000009d0       0x98 usb/usb_protocol.o
 .debug_ranges  0x00000a68       0x38 usb_start.o

.debug_macro    0x00000000    0x1ce76
 .debug_macro   0x00000000      0x6ee atmel_start.o
 .debug_macro   0x000006ee      0x89e atmel_start.o
 .debug_macro   0x00000f8c      0x16d atmel_start.o
 .debug_macro   0x000010f9       0x22 atmel_start.o
 .debug_macro   0x0000111b       0x87 atmel_start.o
 .debug_macro   0x000011a2       0x51 atmel_start.o
 .debug_macro   0x000011f3       0xef atmel_start.o
 .debug_macro   0x000012e2       0x6a atmel_start.o
 .debug_macro   0x0000134c      0x1df atmel_start.o
 .debug_macro   0x0000152b       0x22 atmel_start.o
 .debug_macro   0x0000154d       0x3f atmel_start.o
 .debug_macro   0x0000158c       0x1c atmel_start.o
 .debug_macro   0x000015a8       0x22 atmel_start.o
 .debug_macro   0x000015ca       0xb5 atmel_start.o
 .debug_macro   0x0000167f      0x3ad atmel_start.o
 .debug_macro   0x00001a2c      0x714 atmel_start.o
 .debug_macro   0x00002140      0x8f0 atmel_start.o
 .debug_macro   0x00002a30      0x279 atmel_start.o
 .debug_macro   0x00002ca9      0x21e atmel_start.o
 .debug_macro   0x00002ec7      0x4c3 atmel_start.o
 .debug_macro   0x0000338a      0xe12 atmel_start.o
 .debug_macro   0x0000419c      0x5e7 atmel_start.o
 .debug_macro   0x00004783      0x5be atmel_start.o
 .debug_macro   0x00004d41      0x824 atmel_start.o
 .debug_macro   0x00005565      0x314 atmel_start.o
 .debug_macro   0x00005879      0x5c6 atmel_start.o
 .debug_macro   0x00005e3f      0x21c atmel_start.o
 .debug_macro   0x0000605b      0x729 atmel_start.o
 .debug_macro   0x00006784      0x16f atmel_start.o
 .debug_macro   0x000068f3      0x70f atmel_start.o
 .debug_macro   0x00007002      0x28c atmel_start.o
 .debug_macro   0x0000728e      0x6e1 atmel_start.o
 .debug_macro   0x0000796f      0x2c5 atmel_start.o
 .debug_macro   0x00007c34      0x3c1 atmel_start.o
 .debug_macro   0x00007ff5      0x1a0 atmel_start.o
 .debug_macro   0x00008195     0x1260 atmel_start.o
 .debug_macro   0x000093f5      0xf4d atmel_start.o
 .debug_macro   0x0000a342      0x866 atmel_start.o
 .debug_macro   0x0000aba8      0x8ae atmel_start.o
 .debug_macro   0x0000b456     0x19be atmel_start.o
 .debug_macro   0x0000ce14       0xe7 atmel_start.o
 .debug_macro   0x0000cefb     0x13e6 atmel_start.o
 .debug_macro   0x0000e2e1      0x36a atmel_start.o
 .debug_macro   0x0000e64b       0x7c atmel_start.o
 .debug_macro   0x0000e6c7       0xac atmel_start.o
 .debug_macro   0x0000e773       0xca atmel_start.o
 .debug_macro   0x0000e83d       0x4c atmel_start.o
 .debug_macro   0x0000e889       0x94 atmel_start.o
 .debug_macro   0x0000e91d       0xdc atmel_start.o
 .debug_macro   0x0000e9f9       0xb2 atmel_start.o
 .debug_macro   0x0000eaab       0x64 atmel_start.o
 .debug_macro   0x0000eb0f      0x5a4 atmel_start.o
 .debug_macro   0x0000f0b3      0x19d atmel_start.o
 .debug_macro   0x0000f250       0x70 atmel_start.o
 .debug_macro   0x0000f2c0       0xa0 atmel_start.o
 .debug_macro   0x0000f360       0xc4 atmel_start.o
 .debug_macro   0x0000f424       0x28 atmel_start.o
 .debug_macro   0x0000f44c       0xa0 atmel_start.o
 .debug_macro   0x0000f4ec       0x40 atmel_start.o
 .debug_macro   0x0000f52c       0x7c atmel_start.o
 .debug_macro   0x0000f5a8       0x40 atmel_start.o
 .debug_macro   0x0000f5e8      0x16c atmel_start.o
 .debug_macro   0x0000f754       0x10 atmel_start.o
 .debug_macro   0x0000f764       0x34 atmel_start.o
 .debug_macro   0x0000f798       0xee atmel_start.o
 .debug_macro   0x0000f886      0x12b atmel_start.o
 .debug_macro   0x0000f9b1      0x12b atmel_start.o
 .debug_macro   0x0000fadc      0x12b atmel_start.o
 .debug_macro   0x0000fc07      0x12b atmel_start.o
 .debug_macro   0x0000fd32      0x12b atmel_start.o
 .debug_macro   0x0000fe5d      0x12b atmel_start.o
 .debug_macro   0x0000ff88       0x5e atmel_start.o
 .debug_macro   0x0000ffe6       0xfa atmel_start.o
 .debug_macro   0x000100e0       0xfa atmel_start.o
 .debug_macro   0x000101da       0xfa atmel_start.o
 .debug_macro   0x000102d4       0xfa atmel_start.o
 .debug_macro   0x000103ce       0xfa atmel_start.o
 .debug_macro   0x000104c8      0x124 atmel_start.o
 .debug_macro   0x000105ec       0xfa atmel_start.o
 .debug_macro   0x000106e6       0xee atmel_start.o
 .debug_macro   0x000107d4       0x2e atmel_start.o
 .debug_macro   0x00010802      0x40f atmel_start.o
 .debug_macro   0x00010c11       0x3a atmel_start.o
 .debug_macro   0x00010c4b      0x42c atmel_start.o
 .debug_macro   0x00011077     0x23fb atmel_start.o
 .debug_macro   0x00013472       0x90 atmel_start.o
 .debug_macro   0x00013502       0x10 atmel_start.o
 .debug_macro   0x00013512       0x10 atmel_start.o
 .debug_macro   0x00013522       0x16 atmel_start.o
 .debug_macro   0x00013538       0x16 atmel_start.o
 .debug_macro   0x0001354e       0x16 atmel_start.o
 .debug_macro   0x00013564       0x16 atmel_start.o
 .debug_macro   0x0001357a       0x16 atmel_start.o
 .debug_macro   0x00013590       0x16 atmel_start.o
 .debug_macro   0x000135a6       0x16 atmel_start.o
 .debug_macro   0x000135bc       0x16 atmel_start.o
 .debug_macro   0x000135d2       0x16 atmel_start.o
 .debug_macro   0x000135e8       0x16 atmel_start.o
 .debug_macro   0x000135fe       0x16 atmel_start.o
 .debug_macro   0x00013614       0x16 atmel_start.o
 .debug_macro   0x0001362a       0x16 atmel_start.o
 .debug_macro   0x00013640       0x16 atmel_start.o
 .debug_macro   0x00013656       0x16 atmel_start.o
 .debug_macro   0x0001366c       0x16 atmel_start.o
 .debug_macro   0x00013682       0x16 atmel_start.o
 .debug_macro   0x00013698       0x16 atmel_start.o
 .debug_macro   0x000136ae       0x16 atmel_start.o
 .debug_macro   0x000136c4      0x2e0 atmel_start.o
 .debug_macro   0x000139a4       0x94 atmel_start.o
 .debug_macro   0x00013a38       0x16 atmel_start.o
 .debug_macro   0x00013a4e       0xbe atmel_start.o
 .debug_macro   0x00013b0c      0x28c atmel_start.o
 .debug_macro   0x00013d98       0x16 atmel_start.o
 .debug_macro   0x00013dae      0x4d8 atmel_start.o
 .debug_macro   0x00014286       0x16 atmel_start.o
 .debug_macro   0x0001429c       0xca atmel_start.o
 .debug_macro   0x00014366       0x1c atmel_start.o
 .debug_macro   0x00014382       0x16 atmel_start.o
 .debug_macro   0x00014398       0xcf atmel_start.o
 .debug_macro   0x00014467       0x46 atmel_start.o
 .debug_macro   0x000144ad       0xc9 atmel_start.o
 .debug_macro   0x00014576       0xcb atmel_start.o
 .debug_macro   0x00014641       0xee atmel_start.o
 .debug_macro   0x0001472f       0x58 atmel_start.o
 .debug_macro   0x00014787       0x35 atmel_start.o
 .debug_macro   0x000147bc       0x9c atmel_start.o
 .debug_macro   0x00014858       0x58 atmel_start.o
 .debug_macro   0x000148b0       0x1f atmel_start.o
 .debug_macro   0x000148cf       0x43 atmel_start.o
 .debug_macro   0x00014912       0x20 atmel_start.o
 .debug_macro   0x00014932      0x187 atmel_start.o
 .debug_macro   0x00014ab9      0x34d atmel_start.o
 .debug_macro   0x00014e06       0x10 atmel_start.o
 .debug_macro   0x00014e16       0x35 atmel_start.o
 .debug_macro   0x00014e4b       0x76 atmel_start.o
 .debug_macro   0x00014ec1      0x11b atmel_start.o
 .debug_macro   0x00014fdc      0x12b atmel_start.o
 .debug_macro   0x00015107      0x256 atmel_start.o
 .debug_macro   0x0001535d       0x4c atmel_start.o
 .debug_macro   0x000153a9      0x374 Device_Startup/startup_saml21.o
 .debug_macro   0x0001571d       0x39 Device_Startup/startup_saml21.o
 .debug_macro   0x00015756      0x5be driver_init.o
 .debug_macro   0x00015d14       0x1c driver_init.o
 .debug_macro   0x00015d30      0x4d8 hal/src/hal_atomic.o
 .debug_macro   0x00016208      0x50b hal/src/hal_delay.o
 .debug_macro   0x00016713      0x5ce hal/src/hal_usb_device.o
 .debug_macro   0x00016ce1      0x4e1 hal/utils/src/utils_assert.o
 .debug_macro   0x000171c2       0x10 hal/utils/src/utils_assert.o
 .debug_macro   0x000171d2      0x4e5 hal/utils/src/utils_list.o
 .debug_macro   0x000176b7      0x534 hpl/core/hpl_core_m0plus_base.o
 .debug_macro   0x00017beb      0x558 hpl/core/hpl_init.o
 .debug_macro   0x00018143       0x28 hpl/core/hpl_init.o
 .debug_macro   0x0001816b      0x772 hpl/core/hpl_init.o
 .debug_macro   0x000188dd      0x4ee hpl/gclk/hpl_gclk.o
 .debug_macro   0x00018dcb      0x1f4 hpl/gclk/hpl_gclk.o
 .debug_macro   0x00018fbf      0x4ea hpl/mclk/hpl_mclk.o
 .debug_macro   0x000194a9      0x4e5 hpl/osc32kctrl/hpl_osc32kctrl.o
 .debug_macro   0x0001998e       0xa4 hpl/osc32kctrl/hpl_osc32kctrl.o
 .debug_macro   0x00019a32      0x4e5 hpl/oscctrl/hpl_oscctrl.o
 .debug_macro   0x00019f17      0x18c hpl/oscctrl/hpl_oscctrl.o
 .debug_macro   0x0001a0a3      0x4f0 hpl/pm/hpl_pm.o
 .debug_macro   0x0001a593      0x759 hpl/usb/hpl_usb.o
 .debug_macro   0x0001acec      0x6ee main.o
 .debug_macro   0x0001b3da      0x636 usb/class/cdc/device/cdcdf_acm.o
 .debug_macro   0x0001ba10       0xaf usb/class/cdc/device/cdcdf_acm.o
 .debug_macro   0x0001babf       0xd1 usb/class/cdc/device/cdcdf_acm.o
 .debug_macro   0x0001bb90      0x615 usb/device/usbdc.o
 .debug_macro   0x0001c1a5      0x5de usb/usb_protocol.o
 .debug_macro   0x0001c783      0x6f3 usb_start.o

.debug_line     0x00000000     0xfc2e
 .debug_line    0x00000000      0xcdc atmel_start.o
 .debug_line    0x00000cdc      0x76a Device_Startup/startup_saml21.o
 .debug_line    0x00001446      0xc11 driver_init.o
 .debug_line    0x00002057      0xa5c hal/src/hal_atomic.o
 .debug_line    0x00002ab3      0xa87 hal/src/hal_delay.o
 .debug_line    0x0000353a      0xe15 hal/src/hal_usb_device.o
 .debug_line    0x0000434f      0xa26 hal/utils/src/utils_assert.o
 .debug_line    0x00004d75      0xaba hal/utils/src/utils_list.o
 .debug_line    0x0000582f      0xbf6 hpl/core/hpl_core_m0plus_base.o
 .debug_line    0x00006425      0xb06 hpl/core/hpl_init.o
 .debug_line    0x00006f2b      0xa78 hpl/gclk/hpl_gclk.o
 .debug_line    0x000079a3      0xa56 hpl/mclk/hpl_mclk.o
 .debug_line    0x000083f9      0xa63 hpl/osc32kctrl/hpl_osc32kctrl.o
 .debug_line    0x00008e5c      0xa91 hpl/oscctrl/hpl_oscctrl.o
 .debug_line    0x000098ed      0xa95 hpl/pm/hpl_pm.o
 .debug_line    0x0000a382     0x1602 hpl/usb/hpl_usb.o
 .debug_line    0x0000b984      0xce5 main.o
 .debug_line    0x0000c669      0xd54 usb/class/cdc/device/cdcdf_acm.o
 .debug_line    0x0000d3bd      0xedb usb/device/usbdc.o
 .debug_line    0x0000e298      0xc5d usb/usb_protocol.o
 .debug_line    0x0000eef5      0xd39 usb_start.o

.debug_str      0x00000000    0x91b38
 .debug_str     0x00000000    0x89eab atmel_start.o
                              0x8a3fd (size before relaxing)
 .debug_str     0x00089eab      0x51a Device_Startup/startup_saml21.o
                              0x7b7a0 (size before relaxing)
 .debug_str     0x0008a3c5      0x985 driver_init.o
                              0x852c0 (size before relaxing)
 .debug_str     0x0008ad4a       0xbe hal/src/hal_atomic.o
                              0x83132 (size before relaxing)
 .debug_str     0x0008ae08       0x9b hal/src/hal_delay.o
                              0x8319c (size before relaxing)
 .debug_str     0x0008aea3      0x884 hal/src/hal_usb_device.o
                              0x87333 (size before relaxing)
 .debug_str     0x0008b727       0x31 hal/utils/src/utils_assert.o
                              0x83142 (size before relaxing)
 .debug_str     0x0008b758       0x9c hal/utils/src/utils_list.o
                              0x831ec (size before relaxing)
 .debug_str     0x0008b7f4      0x324 hpl/core/hpl_core_m0plus_base.o
                              0x83ace (size before relaxing)
 .debug_str     0x0008bb18     0x19b7 hpl/core/hpl_init.o
                              0x855c6 (size before relaxing)
 .debug_str     0x0008d4cf      0x81b hpl/gclk/hpl_gclk.o
                              0x83a77 (size before relaxing)
 .debug_str     0x0008dcea       0xa5 hpl/mclk/hpl_mclk.o
                              0x8358d (size before relaxing)
 .debug_str     0x0008dd8f      0x482 hpl/osc32kctrl/hpl_osc32kctrl.o
                              0x83599 (size before relaxing)
 .debug_str     0x0008e211      0x8fc hpl/oscctrl/hpl_oscctrl.o
                              0x83a7c (size before relaxing)
 .debug_str     0x0008eb0d      0x367 hpl/pm/hpl_pm.o
                              0x834fa (size before relaxing)
 .debug_str     0x0008ee74     0x1db2 hpl/usb/hpl_usb.o
                              0x89343 (size before relaxing)
 .debug_str     0x00090c26       0x27 main.o
                              0x8a40a (size before relaxing)
 .debug_str     0x00090c4d      0x792 usb/class/cdc/device/cdcdf_acm.o
                              0x89729 (size before relaxing)
 .debug_str     0x000913df      0x546 usb/device/usbdc.o
                              0x88d92 (size before relaxing)
 .debug_str     0x00091925       0xe4 usb/usb_protocol.o
                              0x87346 (size before relaxing)
 .debug_str     0x00091a09      0x12f usb_start.o
                              0x8a716 (size before relaxing)

.debug_frame    0x00000000     0x1058
 .debug_frame   0x00000000       0x28 atmel_start.o
 .debug_frame   0x00000028       0x38 Device_Startup/startup_saml21.o
 .debug_frame   0x00000060       0x74 driver_init.o
 .debug_frame   0x000000d4       0x40 hal/src/hal_atomic.o
 .debug_frame   0x00000114       0x68 hal/src/hal_delay.o
 .debug_frame   0x0000017c      0x314 hal/src/hal_usb_device.o
 .debug_frame   0x00000490       0x20 hal/utils/src/utils_assert.o
 .debug_frame   0x000004b0       0x88 hal/utils/src/utils_list.o
 .debug_frame   0x00000538       0xfc hpl/core/hpl_core_m0plus_base.o
 .debug_frame   0x00000634       0x28 hpl/core/hpl_init.o
 .debug_frame   0x0000065c       0x30 hpl/gclk/hpl_gclk.o
 .debug_frame   0x0000068c       0x20 hpl/mclk/hpl_mclk.o
 .debug_frame   0x000006ac       0x20 hpl/osc32kctrl/hpl_osc32kctrl.o
 .debug_frame   0x000006cc       0x30 hpl/oscctrl/hpl_oscctrl.o
 .debug_frame   0x000006fc       0x40 hpl/pm/hpl_pm.o
 .debug_frame   0x0000073c      0x378 hpl/usb/hpl_usb.o
 .debug_frame   0x00000ab4       0x2c main.o
 .debug_frame   0x00000ae0      0x124 usb/class/cdc/device/cdcdf_acm.o
 .debug_frame   0x00000c04      0x274 usb/device/usbdc.o
 .debug_frame   0x00000e78       0xa8 usb/usb_protocol.o
 .debug_frame   0x00000f20       0xa4 usb_start.o
 .debug_frame   0x00000fc4       0x20 c:/program files (x86)/atmel/studio/7.0/toolchain/arm/arm-gnu-toolchain/bin/../lib/gcc/arm-none-eabi/6.3.1/thumb/v6-m\libgcc.a(_udivsi3.o)
 .debug_frame   0x00000fe4       0x2c c:/program files (x86)/atmel/studio/7.0/toolchain/arm/arm-gnu-toolchain/bin/../lib/gcc/arm-none-eabi/6.3.1/../../../../arm-none-eabi/lib/thumb/v6-m\libc_nano.a(lib_a-init.o)
 .debug_frame   0x00001010       0x28 c:/program files (x86)/atmel/studio/7.0/toolchain/arm/arm-gnu-toolchain/bin/../lib/gcc/arm-none-eabi/6.3.1/../../../../arm-none-eabi/lib/thumb/v6-m\libc_nano.a(lib_a-memcpy-stub.o)
 .debug_frame   0x00001038       0x20 c:/program files (x86)/atmel/studio/7.0/toolchain/arm/arm-gnu-toolchain/bin/../lib/gcc/arm-none-eabi/6.3.1/../../../../arm-none-eabi/lib/thumb/v6-m\libc_nano.a(lib_a-memset.o)
