Archive member included to satisfy reference by file (symbol)

c:/program files (x86)/atmel/studio/7.0/toolchain/arm/arm-gnu-toolchain/bin/../lib/gcc/arm-none-eabi/6.3.1/thumb/v6-m\libgcc.a(_udivsi3.o)
                              hpl/core/hpl_core_m0plus_base.o (__aeabi_uidiv)
c:/program files (x86)/atmel/studio/7.0/toolchain/arm/arm-gnu-toolchain/bin/../lib/gcc/arm-none-eabi/6.3.1/thumb/v6-m\libgcc.a(_dvmd_tls.o)
                              c:/program files (x86)/atmel/studio/7.0/toolchain/arm/arm-gnu-toolchain/bin/../lib/gcc/arm-none-eabi/6.3.1/thumb/v6-m\libgcc.a(_udivsi3.o) (__aeabi_idiv0)
c:/program files (x86)/atmel/studio/7.0/toolchain/arm/arm-gnu-toolchain/bin/../lib/gcc/arm-none-eabi/6.3.1/thumb/v6-m\libgcc.a(_aeabi_uldivmod.o)
                              hpl/sercom/hpl_sercom.o (__aeabi_uldivmod)
c:/program files (x86)/atmel/studio/7.0/toolchain/arm/arm-gnu-toolchain/bin/../lib/gcc/arm-none-eabi/6.3.1/thumb/v6-m\libgcc.a(_muldi3.o)
                              hpl/sercom/hpl_sercom.o (__aeabi_lmul)
c:/program files (x86)/atmel/studio/7.0/toolchain/arm/arm-gnu-toolchain/bin/../lib/gcc/arm-none-eabi/6.3.1/thumb/v6-m\libgcc.a(_ffssi2.o)
                              hpl/eic/hpl_eic.o (__ffssi2)
c:/program files (x86)/atmel/studio/7.0/toolchain/arm/arm-gnu-toolchain/bin/../lib/gcc/arm-none-eabi/6.3.1/thumb/v6-m\libgcc.a(_fixunsdfsi.o)
                              hpl/sercom/hpl_sercom.o (__aeabi_d2uiz)
c:/program files (x86)/atmel/studio/7.0/toolchain/arm/arm-gnu-toolchain/bin/../lib/gcc/arm-none-eabi/6.3.1/thumb/v6-m\libgcc.a(_udivmoddi4.o)
                              c:/program files (x86)/atmel/studio/7.0/toolchain/arm/arm-gnu-toolchain/bin/../lib/gcc/arm-none-eabi/6.3.1/thumb/v6-m\libgcc.a(_aeabi_uldivmod.o) (__udivmoddi4)
c:/program files (x86)/atmel/studio/7.0/toolchain/arm/arm-gnu-toolchain/bin/../lib/gcc/arm-none-eabi/6.3.1/thumb/v6-m\libgcc.a(divdf3.o)
                              hpl/sercom/hpl_sercom.o (__aeabi_ddiv)
c:/program files (x86)/atmel/studio/7.0/toolchain/arm/arm-gnu-toolchain/bin/../lib/gcc/arm-none-eabi/6.3.1/thumb/v6-m\libgcc.a(muldf3.o)
                              hpl/sercom/hpl_sercom.o (__aeabi_dmul)
c:/program files (x86)/atmel/studio/7.0/toolchain/arm/arm-gnu-toolchain/bin/../lib/gcc/arm-none-eabi/6.3.1/thumb/v6-m\libgcc.a(subdf3.o)
                              hpl/sercom/hpl_sercom.o (__aeabi_dsub)
c:/program files (x86)/atmel/studio/7.0/toolchain/arm/arm-gnu-toolchain/bin/../lib/gcc/arm-none-eabi/6.3.1/thumb/v6-m\libgcc.a(fixdfsi.o)
                              c:/program files (x86)/atmel/studio/7.0/toolchain/arm/arm-gnu-toolchain/bin/../lib/gcc/arm-none-eabi/6.3.1/thumb/v6-m\libgcc.a(_fixunsdfsi.o) (__aeabi_d2iz)
c:/program files (x86)/atmel/studio/7.0/toolchain/arm/arm-gnu-toolchain/bin/../lib/gcc/arm-none-eabi/6.3.1/thumb/v6-m\libgcc.a(floatsidf.o)
                              hpl/sercom/hpl_sercom.o (__aeabi_i2d)
c:/program files (x86)/atmel/studio/7.0/toolchain/arm/arm-gnu-toolchain/bin/../lib/gcc/arm-none-eabi/6.3.1/thumb/v6-m\libgcc.a(floatunsidf.o)
                              hpl/sercom/hpl_sercom.o (__aeabi_ui2d)
c:/program files (x86)/atmel/studio/7.0/toolchain/arm/arm-gnu-toolchain/bin/../lib/gcc/arm-none-eabi/6.3.1/thumb/v6-m\libgcc.a(_arm_cmpdf2.o)
                              c:/program files (x86)/atmel/studio/7.0/toolchain/arm/arm-gnu-toolchain/bin/../lib/gcc/arm-none-eabi/6.3.1/thumb/v6-m\libgcc.a(_fixunsdfsi.o) (__aeabi_dcmpge)
c:/program files (x86)/atmel/studio/7.0/toolchain/arm/arm-gnu-toolchain/bin/../lib/gcc/arm-none-eabi/6.3.1/thumb/v6-m\libgcc.a(_clzsi2.o)
                              c:/program files (x86)/atmel/studio/7.0/toolchain/arm/arm-gnu-toolchain/bin/../lib/gcc/arm-none-eabi/6.3.1/thumb/v6-m\libgcc.a(divdf3.o) (__clzsi2)
c:/program files (x86)/atmel/studio/7.0/toolchain/arm/arm-gnu-toolchain/bin/../lib/gcc/arm-none-eabi/6.3.1/thumb/v6-m\libgcc.a(_clzdi2.o)
                              c:/program files (x86)/atmel/studio/7.0/toolchain/arm/arm-gnu-toolchain/bin/../lib/gcc/arm-none-eabi/6.3.1/thumb/v6-m\libgcc.a(_udivmoddi4.o) (__clzdi2)
c:/program files (x86)/atmel/studio/7.0/toolchain/arm/arm-gnu-toolchain/bin/../lib/gcc/arm-none-eabi/6.3.1/thumb/v6-m\libgcc.a(_ctzsi2.o)
                              c:/program files (x86)/atmel/studio/7.0/toolchain/arm/arm-gnu-toolchain/bin/../lib/gcc/arm-none-eabi/6.3.1/thumb/v6-m\libgcc.a(_ffssi2.o) (__ctzsi2)
c:/program files (x86)/atmel/studio/7.0/toolchain/arm/arm-gnu-toolchain/bin/../lib/gcc/arm-none-eabi/6.3.1/thumb/v6-m\libgcc.a(eqdf2.o)
                              c:/program files (x86)/atmel/studio/7.0/toolchain/arm/arm-gnu-toolchain/bin/../lib/gcc/arm-none-eabi/6.3.1/thumb/v6-m\libgcc.a(_arm_cmpdf2.o) (__eqdf2)
c:/program files (x86)/atmel/studio/7.0/toolchain/arm/arm-gnu-toolchain/bin/../lib/gcc/arm-none-eabi/6.3.1/thumb/v6-m\libgcc.a(gedf2.o)
[...]
Memory Configuration

Name             Origin             Length             Attributes
rom              0x00000000         0x00040000         xr
ram              0x20000000         0x00008000         xrw
lpram            0x30000000         0x00002000         xrw
*default*        0x00000000         0xffffffff

Linker script and memory map

LOAD c:/program files (x86)/atmel/studio/7.0/toolchain/arm/arm-gnu-toolchain/bin/../lib/gcc/arm-none-eabi/6.3.1/thumb/v6-m/crti.o
LOAD c:/program files (x86)/atmel/studio/7.0/toolchain/arm/arm-gnu-toolchain/bin/../lib/gcc/arm-none-eabi/6.3.1/thumb/v6-m/crtbegin.o
LOAD c:/program files (x86)/atmel/studio/7.0/toolchain/arm/arm-gnu-toolchain/bin/../lib/gcc/arm-none-eabi/6.3.1/../../../../arm-none-eabi/lib/thumb/v6-m/crt0.o
LOAD atmel_start.o
LOAD Device_Startup/startup_saml21.o
LOAD Device_Startup/system_saml21.o
LOAD driver_init.o
LOAD examples/driver_examples.o
LOAD hal/src/hal_atomic.o
LOAD hal/src/hal_delay.o
LOAD hal/src/hal_ext_irq.o
LOAD hal/src/hal_gpio.o
LOAD hal/src/hal_i2c_m_sync.o
LOAD hal/src/hal_init.o
LOAD hal/src/hal_io.o
LOAD hal/src/hal_sleep.o
LOAD hal/utils/src/utils_assert.o
LOAD hal/utils/src/utils_event.o
LOAD hal/utils/src/utils_list.o
LOAD hal/utils/src/utils_syscalls.o
LOAD hpl/core/hpl_core_m0plus_base.o
LOAD hpl/core/hpl_init.o
LOAD hpl/dmac/hpl_dmac.o
LOAD hpl/eic/hpl_eic.o
LOAD hpl/gclk/hpl_gclk.o
LOAD hpl/mclk/hpl_mclk.o
LOAD hpl/osc32kctrl/hpl_osc32kctrl.o
LOAD hpl/oscctrl/hpl_oscctrl.o
LOAD hpl/pm/hpl_pm.o
LOAD hpl/sercom/hpl_sercom.o
LOAD main.o
LOAD sleep_manager/sleep_manager.o
LOAD sleep_manager_main.o
START GROUP
LOAD c:/program files (x86)/atmel/studio/7.0/toolchain/arm/arm-gnu-toolchain/bin/../lib/gcc/arm-none-eabi/6.3.1/../../../../arm-none-eabi/lib/thumb/v6-m\libm.a
END GROUP
START GROUP
LOAD c:/program files (x86)/atmel/studio/7.0/toolchain/arm/arm-gnu-toolchain/bin/../lib/gcc/arm-none-eabi/6.3.1/thumb/v6-m\libgcc.a
LOAD c:/program files (x86)/atmel/studio/7.0/toolchain/arm/arm-gnu-toolchain/bin/../lib/gcc/arm-none-eabi/6.3.1/../../../../arm-none-eabi/lib/thumb/v6-m\libc_nano.a
END GROUP
START GROUP
LOAD c:/program files (x86)/atmel/studio/7.0/toolchain/arm/arm-gnu-toolchain/bin/../lib/gcc/arm-none-eabi/6.3.1/thumb/v6-m\libgcc.a
LOAD c:/program files (x86)/atmel/studio/7.0/toolchain/arm/arm-gnu-toolchain/bin/../lib/gcc/arm-none-eabi/6.3.1/../../../../arm-none-eabi/lib/thumb/v6-m\libc_nano.a
END GROUP
LOAD c:/program files (x86)/atmel/studio/7.0/toolchain/arm/arm-gnu-toolchain/bin/../lib/gcc/arm-none-eabi/6.3.1/thumb/v6-m/crtend.o
LOAD c:/program files (x86)/atmel/studio/7.0/toolchain/arm/arm-gnu-toolchain/bin/../lib/gcc/arm-none-eabi/6.3.1/thumb/v6-m/crtn.o
                0x00002000                STACK_SIZE = DEFINED (STACK_SIZE)?STACK_SIZE:DEFINED (__stack_size__)?__stack_size__:0x2000

.text           0x00000000     0x1364
                0x00000000                . = ALIGN (0x4)
                0x00000000                _sfixed = .
 *(.vectors .vectors.*)
 .vectors       0x00000000       0xb4 Device_Startup/startup_saml21.o
                0x00000000                exception_table
 *(.text .text.* .gnu.linkonce.t.*)
 .text          0x000000b4       0x60 c:/program files (x86)/atmel/studio/7.0/toolchain/arm/arm-gnu-toolchain/bin/../lib/gcc/arm-none-eabi/6.3.1/thumb/v6-m/crtbegin.o
 .text.atmel_start_init
                0x00000114       0x14 atmel_start.o
                0x00000114                atmel_start_init
 .text.Dummy_Handler
                0x00000128        0x2 Device_Startup/startup_saml21.o
                0x00000128                SVCall_Handler
                0x00000128                DMAC_Handler
                0x00000128                TRNG_Handler
                0x00000128                HardFault_Handler
                0x00000128                TC2_Handler
                0x00000128                AC_Handler
                0x00000128                SysTick_Handler
                0x00000128                PendSV_Handler
                0x00000128                SERCOM1_Handler
                0x00000128                ADC_Handler
                0x00000128                NonMaskableInt_Handler
                0x00000128                TCC1_Handler
                0x00000128                SERCOM2_Handler
                0x00000128                TCC0_Handler
                0x00000128                RTC_Handler
                0x00000128                WDT_Handler
                0x00000128                TC4_Handler
                0x00000128                TC1_Handler
                0x00000128                USB_Handler
                0x00000128                TC3_Handler
                0x00000128                Dummy_Handler
                0x00000128                SERCOM5_Handler
                0x00000128                TCC2_Handler
                0x00000128                EVSYS_Handler
                0x00000128                SERCOM3_Handler
                0x00000128                SERCOM4_Handler
                0x00000128                NVMCTRL_Handler
                0x00000128                SYSTEM_Handler
                0x00000128                SERCOM0_Handler
                0x00000128                DAC_Handler
                0x00000128                PTC_Handler
                0x00000128                TC0_Handler
                0x00000128                AES_Handler
 *fill*         0x0000012a        0x2 
 .text.Reset_Handler
                0x0000012c       0x98 Device_Startup/startup_saml21.o
                0x0000012c                Reset_Handler
 .text.EXTERNAL_IRQ_0_init
                0x000001c4       0xe8 driver_init.o
                0x000001c4                EXTERNAL_IRQ_0_init
 .text.I2C_0_PORT_init
                0x000002ac       0x50 driver_init.o
                0x000002ac                I2C_0_PORT_init
 .text.I2C_0_CLOCK_init
                0x000002fc       0x24 driver_init.o
                0x000002fc                I2C_0_CLOCK_init
 .text.I2C_0_init
                0x00000320       0x28 driver_init.o
                0x00000320                I2C_0_init
 .text.system_init
                0x00000348       0xc8 driver_init.o
                0x00000348                system_init
 .text.delay_ms
                0x00000410       0x20 hal/src/hal_delay.o
                0x00000410                delay_ms
 .text.process_ext_irq
                0x00000430       0x54 hal/src/hal_ext_irq.o
 .text.ext_irq_init
                0x00000484       0x2c hal/src/hal_ext_irq.o
                0x00000484                ext_irq_init
 .text.i2c_m_sync_write
                0x000004b0       0x30 hal/src/hal_i2c_m_sync.o
 .text.i2c_m_sync_read
                0x000004e0       0x30 hal/src/hal_i2c_m_sync.o
 .text.i2c_m_sync_init
                0x00000510       0x40 hal/src/hal_i2c_m_sync.o
                0x00000510                i2c_m_sync_init
 .text.assert   0x00000550        0x8 hal/utils/src/utils_assert.o
                0x00000550                assert
 .text.event_subscribe
                0x00000558       0x88 hal/utils/src/utils_event.o
                0x00000558                event_subscribe
 .text.is_list_element
                0x000005e0       0x24 hal/utils/src/utils_list.o
                0x000005e0                is_list_element
 .text.list_insert_as_head
                0x00000604       0x2c hal/utils/src/utils_list.o
                0x00000604                list_insert_as_head
 .text._get_cycles_for_ms
                0x00000630       0x20 hpl/core/hpl_core_m0plus_base.o
                0x00000630                _get_cycles_for_ms
 .text._delay_cycles
                0x00000650        0x6 hpl/core/hpl_core_m0plus_base.o
                0x00000650                _delay_cycles
 *fill*         0x00000656        0x2 
 .text._init_chip
                0x00000658       0x44 hpl/core/hpl_init.o
                0x00000658                _init_chip
 .text._ext_irq_init
                0x0000069c       0xb8 hpl/eic/hpl_eic.o
                0x0000069c                _ext_irq_init
 .text.EIC_Handler
                0x00000754       0xe0 hpl/eic/hpl_eic.o
                0x00000754                EIC_Handler
 .text._gclk_init_generators_by_fref
                0x00000834       0x24 hpl/gclk/hpl_gclk.o
                0x00000834                _gclk_init_generators_by_fref
 .text._mclk_init
                0x00000858       0x14 hpl/mclk/hpl_mclk.o
                0x00000858                _mclk_init
 .text._osc32kctrl_init_sources
                0x0000086c       0x18 hpl/osc32kctrl/hpl_osc32kctrl.o
                0x0000086c                _osc32kctrl_init_sources
 .text._oscctrl_init_sources
                0x00000884       0x38 hpl/oscctrl/hpl_oscctrl.o
                0x00000884                _oscctrl_init_sources
 .text._oscctrl_init_referenced_generators
                0x000008bc        0x2 hpl/oscctrl/hpl_oscctrl.o
                0x000008bc                _oscctrl_init_referenced_generators
 .text._set_performance_level
                0x000008be       0x2a hpl/pm/hpl_pm.o
                0x000008be                _set_performance_level
 .text._get_i2cm_index
                0x000008e8       0x34 hpl/sercom/hpl_sercom.o
 .text._i2c_m_sync_init_impl
                0x0000091c       0xdc hpl/sercom/hpl_sercom.o
 .text._i2c_m_sync_init
                0x000009f8       0x30 hpl/sercom/hpl_sercom.o
                0x000009f8                _i2c_m_sync_init
 .text._i2c_m_sync_transfer
                0x00000a28      0x538 hpl/sercom/hpl_sercom.o
                0x00000a28                _i2c_m_sync_transfer
 .text.led_demo
                0x00000f60       0x40 main.o
                0x00000f60                led_demo
 .text.main     0x00000fa0       0x14 main.o
                0x00000fa0                main
 .text.sleepmgr_event_callback
                0x00000fb4       0x70 sleep_manager/sleep_manager.o
 .text.sleepmgr_init
                0x00001024       0x30 sleep_manager/sleep_manager.o
                0x00001024                sleepmgr_init
 .text.sleepmgr_register_ready_to_sleep_callback
                0x00001054       0x2c sleep_manager/sleep_manager.o
                0x00001054                sleepmgr_register_ready_to_sleep_callback
 .text.sleep_cb
                0x00001080        0x6 sleep_manager_main.o
 *fill*         0x00001086        0x2 
 .text.sleep_manager_init
                0x00001088       0x24 sleep_manager_main.o
                0x00001088                sleep_manager_init
 .text          0x000010ac      0x114 c:/program files (x86)/atmel/studio/7.0/toolchain/arm/arm-gnu-toolchain/bin/../lib/gcc/arm-none-eabi/6.3.1/thumb/v6-m\libgcc.a(_udivsi3.o)
                0x000010ac                __aeabi_uidiv
                0x000010ac                __udivsi3
                0x000011b8                __aeabi_uidivmod
 .text          0x000011c0        0x4 c:/program files (x86)/atmel/studio/7.0/toolchain/arm/arm-gnu-toolchain/bin/../lib/gcc/arm-none-eabi/6.3.1/thumb/v6-m\libgcc.a(_dvmd_tls.o)
                0x000011c0                __aeabi_idiv0
                0x000011c0                __aeabi_ldiv0
 .text          0x000011c4       0x14 c:/program files (x86)/atmel/studio/7.0/toolchain/arm/arm-gnu-toolchain/bin/../lib/gcc/arm-none-eabi/6.3.1/thumb/v6-m\libgcc.a(_ffssi2.o)
                0x000011c4                __ffssi2
 .text          0x000011d8       0x40 c:/program files (x86)/atmel/studio/7.0/toolchain/arm/arm-gnu-toolchain/bin/../lib/gcc/arm-none-eabi/6.3.1/thumb/v6-m\libgcc.a(_ctzsi2.o)
                0x000011d8                __ctzsi2
 .text.__libc_init_array
                0x00001218       0x48 c:/program files (x86)/atmel/studio/7.0/toolchain/arm/arm-gnu-toolchain/bin/../lib/gcc/arm-none-eabi/6.3.1/../../../../arm-none-eabi/lib/thumb/v6-m\libc_nano.a(lib_a-init.o)
                0x00001218                __libc_init_array
 *(.glue_7t)
 .glue_7t       0x00001260        0x0 linker stubs
 *(.glue_7)
 .glue_7        0x00001260        0x0 linker stubs
 *(.rodata .rodata* .gnu.linkonce.r.*)
 .rodata.str1.4
                0x00001260       0x1c hal/src/hal_i2c_m_sync.o
 .rodata.str1.4
                0x0000127c       0x1f hal/utils/src/utils_event.o
 *fill*         0x0000129b        0x1 
 .rodata.str1.4
                0x0000129c       0x1e hal/utils/src/utils_list.o
 *fill*         0x000012ba        0x2 
 .rodata        0x000012bc       0x18 hpl/eic/hpl_eic.o
 .rodata.str1.4
                0x000012d4       0x15 hpl/eic/hpl_eic.o
 *fill*         0x000012e9        0x3 
 .rodata        0x000012ec       0x18 hpl/sercom/hpl_sercom.o
 .rodata.str1.4
                0x00001304       0x1b hpl/sercom/hpl_sercom.o
 *fill*         0x0000131f        0x1 
 .rodata.str1.4
                0x00001320       0x24 sleep_manager/sleep_manager.o
                                 0x21 (size before relaxing)
 *(.ARM.extab* .gnu.linkonce.armextab.*)
                0x00001344                . = ALIGN (0x4)
 *(.init)
 .init          0x00001344        0x4 c:/program files (x86)/atmel/studio/7.0/toolchain/arm/arm-gnu-toolchain/bin/../lib/gcc/arm-none-eabi/6.3.1/thumb/v6-m/crti.o
                0x00001344                _init
 .init          0x00001348        0x8 c:/program files (x86)/atmel/studio/7.0/toolchain/arm/arm-gnu-toolchain/bin/../lib/gcc/arm-none-eabi/6.3.1/thumb/v6-m/crtn.o
                0x00001350                . = ALIGN (0x4)
                0x00001350                __preinit_array_start = .
 *(.preinit_array)
                0x00001350                __preinit_array_end = .
                0x00001350                . = ALIGN (0x4)
                0x00001350                __init_array_start = .
 *(SORT(.init_array.*))
 *(.init_array)
 .init_array    0x00001350        0x4 c:/program files (x86)/atmel/studio/7.0/toolchain/arm/arm-gnu-toolchain/bin/../lib/gcc/arm-none-eabi/6.3.1/thumb/v6-m/crtbegin.o
                0x00001354                __init_array_end = .
                0x00001354                . = ALIGN (0x4)
 *crtbegin.o(.ctors)
 *(EXCLUDE_FILE(*crtend.o) .ctors)
 *(SORT(.ctors.*))
 *crtend.o(.ctors)
                0x00001354                . = ALIGN (0x4)
 *(.fini)
 .fini          0x00001354        0x4 c:/program files (x86)/atmel/studio/7.0/toolchain/arm/arm-gnu-toolchain/bin/../lib/gcc/arm-none-eabi/6.3.1/thumb/v6-m/crti.o
                0x00001354                _fini
 .fini          0x00001358        0x8 c:/program files (x86)/atmel/studio/7.0/toolchain/arm/arm-gnu-toolchain/bin/../lib/gcc/arm-none-eabi/6.3.1/thumb/v6-m/crtn.o
                0x00001360                . = ALIGN (0x4)
                0x00001360                __fini_array_start = .
 *(.fini_array)
 .fini_array    0x00001360        0x4 c:/program files (x86)/atmel/studio/7.0/toolchain/arm/arm-gnu-toolchain/bin/../lib/gcc/arm-none-eabi/6.3.1/thumb/v6-m/crtbegin.o
 *(SORT(.fini_array.*))
                0x00001364                __fini_array_end = .
 *crtbegin.o(.dtors)
 *(EXCLUDE_FILE(*crtend.o) .dtors)
 *(SORT(.dtors.*))
 *crtend.o(.dtors)
                0x00001364                . = ALIGN (0x4)
                0x00001364                _efixed = .
                [!provide]                PROVIDE (__exidx_start, .)

.vfp11_veneer   0x00001364        0x0
 .vfp11_veneer  0x00001364        0x0 linker stubs

.v4_bx          0x00001364        0x0
 .v4_bx         0x00001364        0x0 linker stubs

.iplt           0x00001364        0x0
 .iplt          0x00001364        0x0 c:/program files (x86)/atmel/studio/7.0/toolchain/arm/arm-gnu-toolchain/bin/../lib/gcc/arm-none-eabi/6.3.1/thumb/v6-m/crtbegin.o

.eh_frame       0x00001364        0x0
 .eh_frame      0x00001364        0x0 c:/program files (x86)/atmel/studio/7.0/toolchain/arm/arm-gnu-toolchain/bin/../lib/gcc/arm-none-eabi/6.3.1/thumb/v6-m/crtbegin.o

.rel.dyn        0x00001364        0x0
 .rel.iplt      0x00001364        0x0 c:/program files (x86)/atmel/studio/7.0/toolchain/arm/arm-gnu-toolchain/bin/../lib/gcc/arm-none-eabi/6.3.1/thumb/v6-m/crtbegin.o

.jcr            0x00001364        0x0
 .jcr           0x00001364        0x0 c:/program files (x86)/atmel/studio/7.0/toolchain/arm/arm-gnu-toolchain/bin/../lib/gcc/arm-none-eabi/6.3.1/thumb/v6-m/crtbegin.o

.igot.plt       0x00001364        0x0
 .igot.plt      0x00001364        0x0 c:/program files (x86)/atmel/studio/7.0/toolchain/arm/arm-gnu-toolchain/bin/../lib/gcc/arm-none-eabi/6.3.1/thumb/v6-m/crtbegin.o

.ARM.exidx
 *(.ARM.exidx* .gnu.linkonce.armexidx.*)
                [!provide]                PROVIDE (__exidx_end, .)
                0x00001364                . = ALIGN (0x4)
                0x00001364                _etext = .

.relocate       0x20000000        0x0 load address 0x00001364
                0x20000000                . = ALIGN (0x4)
                0x20000000                _srelocate = .
 *(.ramfunc .ramfunc.*)
 *(.data .data.*)
                0x20000000                . = ALIGN (0x4)
                0x20000000                _erelocate = .

.lpram          0x30000000        0x0
                0x30000000                . = ALIGN (0x8)
                0x30000000                _slpram = .
 *(.lpram .lpram.*)
                0x30000000                . = ALIGN (0x8)
                0x30000000                _elpram = .

.bss            0x20000000       0x84
                0x20000000                . = ALIGN (0x4)
                0x20000000                _sbss = .
                0x20000000                _szero = .
 *(.bss .bss.*)
 .bss           0x20000000       0x1c c:/program files (x86)/atmel/studio/7.0/toolchain/arm/arm-gnu-toolchain/bin/../lib/gcc/arm-none-eabi/6.3.1/thumb/v6-m/crtbegin.o
 .bss           0x2000001c        0x4 hal/src/hal_delay.o
 .bss           0x20000020       0x18 hal/src/hal_ext_irq.o
 .bss           0x20000038        0x5 hal/utils/src/utils_event.o
 *fill*         0x2000003d        0x3 
 .bss           0x20000040        0x4 hpl/eic/hpl_eic.o
 .bss           0x20000044       0x18 sleep_manager/sleep_manager.o
 .bss           0x2000005c        0x8 sleep_manager_main.o
 *(COMMON)
 COMMON         0x20000064       0x20 driver_init.o
                0x20000064                I2C_0
                0x20000084                . = ALIGN (0x4)
                0x20000084                _ebss = .
                0x20000084                _ezero = .

.stack          0x20000084     0x2004
                0x20000088                . = ALIGN (0x8)
 *fill*         0x20000084        0x4 
                0x20000088                _sstack = .
                0x20002088                . = (. + STACK_SIZE)
 *fill*         0x20000088     0x2000 
                0x20002088                . = ALIGN (0x8)
                0x20002088                _estack = .
                0x20002088                . = ALIGN (0x4)
                0x20002088                _end = .
OUTPUT(i2c_test3.elf elf32-littlearm)

.ARM.attributes
                0x00000000       0x28
 .ARM.attributes
                0x00000000       0x1e c:/program files (x86)/atmel/studio/7.0/toolchain/arm/arm-gnu-toolchain/bin/../lib/gcc/arm-none-eabi/6.3.1/thumb/v6-m/crti.o
 .ARM.attributes
                0x0000001e       0x2c c:/program files (x86)/atmel/studio/7.0/toolchain/arm/arm-gnu-toolchain/bin/../lib/gcc/arm-none-eabi/6.3.1/thumb/v6-m/crtbegin.o
 .ARM.attributes
                0x0000004a       0x32 atmel_start.o
 .ARM.attributes
                0x0000007c       0x32 Device_Startup/startup_saml21.o
 .ARM.attributes
                0x000000ae       0x32 driver_init.o
 .ARM.attributes
                0x000000e0       0x32 hal/src/hal_delay.o
 .ARM.attributes
                0x00000112       0x32 hal/src/hal_ext_irq.o
 .ARM.attributes
                0x00000144       0x32 hal/src/hal_i2c_m_sync.o
 .ARM.attributes
                0x00000176       0x32 hal/utils/src/utils_assert.o
 .ARM.attributes
                0x000001a8       0x32 hal/utils/src/utils_event.o
 .ARM.attributes
                0x000001da       0x32 hal/utils/src/utils_list.o
 .ARM.attributes
                0x0000020c       0x32 hpl/core/hpl_core_m0plus_base.o
 .ARM.attributes
                0x0000023e       0x32 hpl/core/hpl_init.o
 .ARM.attributes
                0x00000270       0x32 hpl/eic/hpl_eic.o
 .ARM.attributes
                0x000002a2       0x32 hpl/gclk/hpl_gclk.o
 .ARM.attributes
                0x000002d4       0x32 hpl/mclk/hpl_mclk.o
 .ARM.attributes
                0x00000306       0x32 hpl/osc32kctrl/hpl_osc32kctrl.o
 .ARM.attributes
                0x00000338       0x32 hpl/oscctrl/hpl_oscctrl.o
 .ARM.attributes
                0x0000036a       0x32 hpl/pm/hpl_pm.o
 .ARM.attributes
                0x0000039c       0x32 hpl/sercom/hpl_sercom.o
 .ARM.attributes
                0x000003ce       0x32 main.o
 .ARM.attributes
                0x00000400       0x32 sleep_manager/sleep_manager.o
 .ARM.attributes
                0x00000432       0x32 sleep_manager_main.o
 .ARM.attributes
                0x00000464       0x1e c:/program files (x86)/atmel/studio/7.0/toolchain/arm/arm-gnu-toolchain/bin/../lib/gcc/arm-none-eabi/6.3.1/thumb/v6-m\libgcc.a(_udivsi3.o)
 .ARM.attributes
                0x00000482       0x1e c:/program files (x86)/atmel/studio/7.0/toolchain/arm/arm-gnu-toolchain/bin/../lib/gcc/arm-none-eabi/6.3.1/thumb/v6-m\libgcc.a(_dvmd_tls.o)
 .ARM.attributes
                0x000004a0       0x2c c:/program files (x86)/atmel/studio/7.0/toolchain/arm/arm-gnu-toolchain/bin/../lib/gcc/arm-none-eabi/6.3.1/thumb/v6-m\libgcc.a(_ffssi2.o)
 .ARM.attributes
                0x000004cc       0x1e c:/program files (x86)/atmel/studio/7.0/toolchain/arm/arm-gnu-toolchain/bin/../lib/gcc/arm-none-eabi/6.3.1/thumb/v6-m\libgcc.a(_ctzsi2.o)
 .ARM.attributes
                0x000004ea       0x2c c:/program files (x86)/atmel/studio/7.0/toolchain/arm/arm-gnu-toolchain/bin/../lib/gcc/arm-none-eabi/6.3.1/../../../../arm-none-eabi/lib/thumb/v6-m\libc_nano.a(lib_a-init.o)
 .ARM.attributes
                0x00000516       0x1e c:/program files (x86)/atmel/studio/7.0/toolchain/arm/arm-gnu-toolchain/bin/../lib/gcc/arm-none-eabi/6.3.1/thumb/v6-m/crtn.o

.comment        0x00000000       0x59
 .comment       0x00000000       0x59 atmel_start.o
                                 0x5a (size before relaxing)
 .comment       0x00000059       0x5a Device_Startup/startup_saml21.o
 .comment       0x00000059       0x5a driver_init.o
 .comment       0x00000059       0x5a hal/src/hal_delay.o
 .comment       0x00000059       0x5a hal/src/hal_ext_irq.o
 .comment       0x00000059       0x5a hal/src/hal_i2c_m_sync.o
 .comment       0x00000059       0x5a hal/utils/src/utils_assert.o
 .comment       0x00000059       0x5a hal/utils/src/utils_event.o
 .comment       0x00000059       0x5a hal/utils/src/utils_list.o
 .comment       0x00000059       0x5a hpl/core/hpl_core_m0plus_base.o
 .comment       0x00000059       0x5a hpl/core/hpl_init.o
 .comment       0x00000059       0x5a hpl/eic/hpl_eic.o
 .comment       0x00000059       0x5a hpl/gclk/hpl_gclk.o
 .comment       0x00000059       0x5a hpl/mclk/hpl_mclk.o
 .comment       0x00000059       0x5a hpl/osc32kctrl/hpl_osc32kctrl.o
 .comment       0x00000059       0x5a hpl/oscctrl/hpl_oscctrl.o
 .comment       0x00000059       0x5a hpl/pm/hpl_pm.o
 .comment       0x00000059       0x5a hpl/sercom/hpl_sercom.o
 .comment       0x00000059       0x5a main.o
 .comment       0x00000059       0x5a sleep_manager/sleep_manager.o
 .comment       0x00000059       0x5a sleep_manager_main.o

.debug_info     0x00000000    0x19c7f
 .debug_info    0x00000000      0x2c6 atmel_start.o
 .debug_info    0x000002c6      0xa27 Device_Startup/startup_saml21.o
 .debug_info    0x00000ced     0x4c50 driver_init.o
 .debug_info    0x0000593d      0x1dc hal/src/hal_delay.o
 .debug_info    0x00005b19      0x36d hal/src/hal_ext_irq.o
 .debug_info    0x00005e86      0x878 hal/src/hal_i2c_m_sync.o
 .debug_info    0x000066fe      0x107 hal/utils/src/utils_assert.o
 .debug_info    0x00006805      0xded hal/utils/src/utils_event.o
 .debug_info    0x000075f2      0x310 hal/utils/src/utils_list.o
 .debug_info    0x00007902      0x859 hpl/core/hpl_core_m0plus_base.o
 .debug_info    0x0000815b      0x6d4 hpl/core/hpl_init.o
 .debug_info    0x0000882f     0x1a91 hpl/eic/hpl_eic.o
 .debug_info    0x0000a2c0      0x582 hpl/gclk/hpl_gclk.o
 .debug_info    0x0000a842      0xa0e hpl/mclk/hpl_mclk.o
 .debug_info    0x0000b250      0x620 hpl/osc32kctrl/hpl_osc32kctrl.o
 .debug_info    0x0000b870      0xe4d hpl/oscctrl/hpl_oscctrl.o
 .debug_info    0x0000c6bd      0xabc hpl/pm/hpl_pm.o
 .debug_info    0x0000d179     0xb20f hpl/sercom/hpl_sercom.o
 .debug_info    0x00018388      0xd38 main.o
 .debug_info    0x000190c0      0x803 sleep_manager/sleep_manager.o
 .debug_info    0x000198c3      0x3bc sleep_manager_main.o

.debug_abbrev   0x00000000     0x2c0e
 .debug_abbrev  0x00000000       0xe1 atmel_start.o
 .debug_abbrev  0x000000e1      0x1e4 Device_Startup/startup_saml21.o
 .debug_abbrev  0x000002c5      0x33a driver_init.o
 .debug_abbrev  0x000005ff       0xe1 hal/src/hal_delay.o
 .debug_abbrev  0x000006e0      0x168 hal/src/hal_ext_irq.o
 .debug_abbrev  0x00000848      0x1a6 hal/src/hal_i2c_m_sync.o
 .debug_abbrev  0x000009ee       0x86 hal/utils/src/utils_assert.o
 .debug_abbrev  0x00000a74      0x275 hal/utils/src/utils_event.o
 .debug_abbrev  0x00000ce9      0x159 hal/utils/src/utils_list.o
 .debug_abbrev  0x00000e42      0x2cd hpl/core/hpl_core_m0plus_base.o
 .debug_abbrev  0x0000110f      0x1d9 hpl/core/hpl_init.o
 .debug_abbrev  0x000012e8      0x417 hpl/eic/hpl_eic.o
 .debug_abbrev  0x000016ff      0x19a hpl/gclk/hpl_gclk.o
 .debug_abbrev  0x00001899      0x1b7 hpl/mclk/hpl_mclk.o
 .debug_abbrev  0x00001a50      0x1a2 hpl/osc32kctrl/hpl_osc32kctrl.o
 .debug_abbrev  0x00001bf2      0x221 hpl/oscctrl/hpl_oscctrl.o
 .debug_abbrev  0x00001e13      0x24c hpl/pm/hpl_pm.o
 .debug_abbrev  0x0000205f      0x5a0 hpl/sercom/hpl_sercom.o
 .debug_abbrev  0x000025ff      0x2e0 main.o
 .debug_abbrev  0x000028df      0x1f8 sleep_manager/sleep_manager.o
 .debug_abbrev  0x00002ad7      0x137 sleep_manager_main.o

.debug_loc      0x00000000     0xb17c
 .debug_loc     0x00000000       0x20 atmel_start.o
 .debug_loc     0x00000020       0x40 Device_Startup/startup_saml21.o
 .debug_loc     0x00000060      0xfea driver_init.o
 .debug_loc     0x0000104a       0xc3 hal/src/hal_delay.o
 .debug_loc     0x0000110d      0x3e6 hal/src/hal_ext_irq.o
 .debug_loc     0x000014f3      0x6df hal/src/hal_i2c_m_sync.o
 .debug_loc     0x00001bd2      0x398 hal/utils/src/utils_event.o
 .debug_loc     0x00001f6a      0x271 hal/utils/src/utils_list.o
 .debug_loc     0x000021db      0x1f7 hpl/core/hpl_core_m0plus_base.o
 .debug_loc     0x000023d2       0x4c hpl/core/hpl_init.o
 .debug_loc     0x0000241e      0x681 hpl/eic/hpl_eic.o
 .debug_loc     0x00002a9f       0x72 hpl/gclk/hpl_gclk.o
 .debug_loc     0x00002b11       0x84 hpl/mclk/hpl_mclk.o
 .debug_loc     0x00002b95       0x94 hpl/osc32kctrl/hpl_osc32kctrl.o
 .debug_loc     0x00002c29       0x18 hpl/oscctrl/hpl_oscctrl.o
 .debug_loc     0x00002c41      0x188 hpl/pm/hpl_pm.o
 .debug_loc     0x00002dc9     0x7e8f hpl/sercom/hpl_sercom.o
 .debug_loc     0x0000ac58      0x170 main.o
 .debug_loc     0x0000adc8      0x394 sleep_manager/sleep_manager.o
 .debug_loc     0x0000b15c       0x20 sleep_manager_main.o

.debug_aranges  0x00000000      0x940
 .debug_aranges
                0x00000000       0x20 atmel_start.o
 .debug_aranges
                0x00000020       0x28 Device_Startup/startup_saml21.o
 .debug_aranges
                0x00000048       0x40 driver_init.o
 .debug_aranges
                0x00000088       0x38 hal/src/hal_delay.o
 .debug_aranges
                0x000000c0       0x50 hal/src/hal_ext_irq.o
 .debug_aranges
                0x00000110       0x88 hal/src/hal_i2c_m_sync.o
 .debug_aranges
                0x00000198       0x20 hal/utils/src/utils_assert.o
 .debug_aranges
                0x000001b8       0x30 hal/utils/src/utils_event.o
 .debug_aranges
                0x000001e8       0x48 hal/utils/src/utils_list.o
 .debug_aranges
                0x00000230       0x80 hpl/core/hpl_core_m0plus_base.o
 .debug_aranges
                0x000002b0       0x20 hpl/core/hpl_init.o
 .debug_aranges
                0x000002d0       0x38 hpl/eic/hpl_eic.o
 .debug_aranges
                0x00000308       0x28 hpl/gclk/hpl_gclk.o
 .debug_aranges
                0x00000330       0x20 hpl/mclk/hpl_mclk.o
 .debug_aranges
                0x00000350       0x20 hpl/osc32kctrl/hpl_osc32kctrl.o
 .debug_aranges
                0x00000370       0x28 hpl/oscctrl/hpl_oscctrl.o
 .debug_aranges
                0x00000398       0x30 hpl/pm/hpl_pm.o
 .debug_aranges
                0x000003c8      0x4d0 hpl/sercom/hpl_sercom.o
 .debug_aranges
                0x00000898       0x28 main.o
 .debug_aranges
                0x000008c0       0x58 sleep_manager/sleep_manager.o
 .debug_aranges
                0x00000918       0x28 sleep_manager_main.o

.debug_ranges   0x00000000      0xdd8
 .debug_ranges  0x00000000       0x10 atmel_start.o
 .debug_ranges  0x00000010       0x18 Device_Startup/startup_saml21.o
 .debug_ranges  0x00000028       0x30 driver_init.o
 .debug_ranges  0x00000058       0x28 hal/src/hal_delay.o
 .debug_ranges  0x00000080       0x60 hal/src/hal_ext_irq.o
 .debug_ranges  0x000000e0       0x78 hal/src/hal_i2c_m_sync.o
 .debug_ranges  0x00000158       0x10 hal/utils/src/utils_assert.o
 .debug_ranges  0x00000168       0x20 hal/utils/src/utils_event.o
 .debug_ranges  0x00000188       0x58 hal/utils/src/utils_list.o
 .debug_ranges  0x000001e0       0x70 hpl/core/hpl_core_m0plus_base.o
 .debug_ranges  0x00000250       0x10 hpl/core/hpl_init.o
 .debug_ranges  0x00000260       0x48 hpl/eic/hpl_eic.o
 .debug_ranges  0x000002a8       0x18 hpl/gclk/hpl_gclk.o
 .debug_ranges  0x000002c0       0x10 hpl/mclk/hpl_mclk.o
 .debug_ranges  0x000002d0       0x10 hpl/osc32kctrl/hpl_osc32kctrl.o
 .debug_ranges  0x000002e0       0x30 hpl/oscctrl/hpl_oscctrl.o
 .debug_ranges  0x00000310       0x20 hpl/pm/hpl_pm.o
 .debug_ranges  0x00000330      0xa18 hpl/sercom/hpl_sercom.o
 .debug_ranges  0x00000d48       0x30 main.o
 .debug_ranges  0x00000d78       0x48 sleep_manager/sleep_manager.o
 .debug_ranges  0x00000dc0       0x18 sleep_manager_main.o

.debug_macro    0x00000000    0x1c535
 .debug_macro   0x00000000      0x5fb atmel_start.o
 .debug_macro   0x000005fb      0x89e atmel_start.o
 .debug_macro   0x00000e99      0x16d atmel_start.o
 .debug_macro   0x00001006       0x22 atmel_start.o
 .debug_macro   0x00001028       0x87 atmel_start.o
 .debug_macro   0x000010af       0x51 atmel_start.o
 .debug_macro   0x00001100       0xef atmel_start.o
 .debug_macro   0x000011ef       0x6a atmel_start.o
 .debug_macro   0x00001259      0x1df atmel_start.o
 .debug_macro   0x00001438       0x22 atmel_start.o
 .debug_macro   0x0000145a       0x3f atmel_start.o
 .debug_macro   0x00001499       0x1c atmel_start.o
 .debug_macro   0x000014b5       0x22 atmel_start.o
 .debug_macro   0x000014d7       0xb5 atmel_start.o
 .debug_macro   0x0000158c      0x3ad atmel_start.o
 .debug_macro   0x00001939      0x714 atmel_start.o
 .debug_macro   0x0000204d      0x8f0 atmel_start.o
 .debug_macro   0x0000293d      0x279 atmel_start.o
 .debug_macro   0x00002bb6      0x21e atmel_start.o
 .debug_macro   0x00002dd4      0x4c3 atmel_start.o
 .debug_macro   0x00003297      0xe12 atmel_start.o
 .debug_macro   0x000040a9      0x5e7 atmel_start.o
 .debug_macro   0x00004690      0x5be atmel_start.o
 .debug_macro   0x00004c4e      0x824 atmel_start.o
 .debug_macro   0x00005472      0x314 atmel_start.o
 .debug_macro   0x00005786      0x5c6 atmel_start.o
 .debug_macro   0x00005d4c      0x21c atmel_start.o
 .debug_macro   0x00005f68      0x729 atmel_start.o
 .debug_macro   0x00006691      0x16f atmel_start.o
 .debug_macro   0x00006800      0x70f atmel_start.o
 .debug_macro   0x00006f0f      0x28c atmel_start.o
 .debug_macro   0x0000719b      0x6e1 atmel_start.o
 .debug_macro   0x0000787c      0x2c5 atmel_start.o
 .debug_macro   0x00007b41      0x3c1 atmel_start.o
 .debug_macro   0x00007f02      0x1a0 atmel_start.o
 .debug_macro   0x000080a2     0x1260 atmel_start.o
 .debug_macro   0x00009302      0xf4d atmel_start.o
 .debug_macro   0x0000a24f      0x866 atmel_start.o
 .debug_macro   0x0000aab5      0x8ae atmel_start.o
 .debug_macro   0x0000b363     0x19be atmel_start.o
 .debug_macro   0x0000cd21       0xe7 atmel_start.o
 .debug_macro   0x0000ce08     0x13e6 atmel_start.o
 .debug_macro   0x0000e1ee      0x36a atmel_start.o
 .debug_macro   0x0000e558       0x7c atmel_start.o
 .debug_macro   0x0000e5d4       0xac atmel_start.o
 .debug_macro   0x0000e680       0xca atmel_start.o
 .debug_macro   0x0000e74a       0x4c atmel_start.o
 .debug_macro   0x0000e796       0x94 atmel_start.o
 .debug_macro   0x0000e82a       0xdc atmel_start.o
 .debug_macro   0x0000e906       0xb2 atmel_start.o
 .debug_macro   0x0000e9b8       0x64 atmel_start.o
 .debug_macro   0x0000ea1c      0x5a4 atmel_start.o
 .debug_macro   0x0000efc0      0x19d atmel_start.o
 .debug_macro   0x0000f15d       0x70 atmel_start.o
 .debug_macro   0x0000f1cd       0xa0 atmel_start.o
 .debug_macro   0x0000f26d       0xc4 atmel_start.o
 .debug_macro   0x0000f331       0x28 atmel_start.o
 .debug_macro   0x0000f359       0xa0 atmel_start.o
 .debug_macro   0x0000f3f9       0x40 atmel_start.o
 .debug_macro   0x0000f439       0x7c atmel_start.o
 .debug_macro   0x0000f4b5       0x40 atmel_start.o
 .debug_macro   0x0000f4f5      0x16c atmel_start.o
 .debug_macro   0x0000f661       0x10 atmel_start.o
 .debug_macro   0x0000f671       0x34 atmel_start.o
 .debug_macro   0x0000f6a5       0xee atmel_start.o
 .debug_macro   0x0000f793      0x12b atmel_start.o
 .debug_macro   0x0000f8be      0x12b atmel_start.o
 .debug_macro   0x0000f9e9      0x12b atmel_start.o
 .debug_macro   0x0000fb14      0x12b atmel_start.o
 .debug_macro   0x0000fc3f      0x12b atmel_start.o
 .debug_macro   0x0000fd6a      0x12b atmel_start.o
 .debug_macro   0x0000fe95       0x5e atmel_start.o
 .debug_macro   0x0000fef3       0xfa atmel_start.o
 .debug_macro   0x0000ffed       0xfa atmel_start.o
 .debug_macro   0x000100e7       0xfa atmel_start.o
 .debug_macro   0x000101e1       0xfa atmel_start.o
 .debug_macro   0x000102db       0xfa atmel_start.o
 .debug_macro   0x000103d5      0x124 atmel_start.o
 .debug_macro   0x000104f9       0xfa atmel_start.o
 .debug_macro   0x000105f3       0xee atmel_start.o
 .debug_macro   0x000106e1       0x2e atmel_start.o
 .debug_macro   0x0001070f      0x40f atmel_start.o
 .debug_macro   0x00010b1e       0x3a atmel_start.o
 .debug_macro   0x00010b58      0x42c atmel_start.o
 .debug_macro   0x00010f84     0x23fb atmel_start.o
 .debug_macro   0x0001337f       0x90 atmel_start.o
 .debug_macro   0x0001340f       0x10 atmel_start.o
 .debug_macro   0x0001341f       0x10 atmel_start.o
 .debug_macro   0x0001342f       0x16 atmel_start.o
 .debug_macro   0x00013445       0x16 atmel_start.o
 .debug_macro   0x0001345b       0x16 atmel_start.o
 .debug_macro   0x00013471       0x16 atmel_start.o
 .debug_macro   0x00013487       0x16 atmel_start.o
 .debug_macro   0x0001349d       0x16 atmel_start.o
 .debug_macro   0x000134b3       0x16 atmel_start.o
 .debug_macro   0x000134c9       0x16 atmel_start.o
 .debug_macro   0x000134df       0x16 atmel_start.o
 .debug_macro   0x000134f5       0x16 atmel_start.o
 .debug_macro   0x0001350b       0x16 atmel_start.o
 .debug_macro   0x00013521       0x16 atmel_start.o
 .debug_macro   0x00013537       0x16 atmel_start.o
 .debug_macro   0x0001354d       0x16 atmel_start.o
 .debug_macro   0x00013563       0x16 atmel_start.o
 .debug_macro   0x00013579       0x16 atmel_start.o
 .debug_macro   0x0001358f       0x16 atmel_start.o
 .debug_macro   0x000135a5       0x16 atmel_start.o
 .debug_macro   0x000135bb       0x16 atmel_start.o
 .debug_macro   0x000135d1      0x2e0 atmel_start.o
 .debug_macro   0x000138b1       0x94 atmel_start.o
 .debug_macro   0x00013945       0x16 atmel_start.o
 .debug_macro   0x0001395b       0xbe atmel_start.o
 .debug_macro   0x00013a19      0x28c atmel_start.o
 .debug_macro   0x00013ca5       0x16 atmel_start.o
 .debug_macro   0x00013cbb      0x4d8 atmel_start.o
 .debug_macro   0x00014193       0x16 atmel_start.o
 .debug_macro   0x000141a9       0xca atmel_start.o
 .debug_macro   0x00014273       0x1c atmel_start.o
 .debug_macro   0x0001428f       0x16 atmel_start.o
 .debug_macro   0x000142a5       0xcf atmel_start.o
 .debug_macro   0x00014374       0x76 atmel_start.o
 .debug_macro   0x000143ea       0x70 atmel_start.o
 .debug_macro   0x0001445a       0xc9 atmel_start.o
 .debug_macro   0x00014523       0x1c atmel_start.o
 .debug_macro   0x0001453f       0x10 atmel_start.o
 .debug_macro   0x0001454f      0x374 Device_Startup/startup_saml21.o
 .debug_macro   0x000148c3       0x39 Device_Startup/startup_saml21.o
 .debug_macro   0x000148fc      0x5bf driver_init.o
 .debug_macro   0x00014ebb       0x34 driver_init.o
 .debug_macro   0x00014eef      0x50b hal/src/hal_delay.o
 .debug_macro   0x000153fa      0x4f2 hal/src/hal_ext_irq.o
 .debug_macro   0x000158ec      0x514 hal/src/hal_i2c_m_sync.o
 .debug_macro   0x00015e00       0x6a hal/src/hal_i2c_m_sync.o
 .debug_macro   0x00015e6a      0x4e1 hal/utils/src/utils_assert.o
 .debug_macro   0x0001634b       0x10 hal/utils/src/utils_assert.o
 .debug_macro   0x0001635b      0x5cd hal/utils/src/utils_event.o
 .debug_macro   0x00016928       0x58 hal/utils/src/utils_event.o
 .debug_macro   0x00016980       0x35 hal/utils/src/utils_event.o
 .debug_macro   0x000169b5       0x9c hal/utils/src/utils_event.o
 .debug_macro   0x00016a51       0x58 hal/utils/src/utils_event.o
 .debug_macro   0x00016aa9       0x1f hal/utils/src/utils_event.o
 .debug_macro   0x00016ac8       0x43 hal/utils/src/utils_event.o
 .debug_macro   0x00016b0b       0x20 hal/utils/src/utils_event.o
 .debug_macro   0x00016b2b      0x187 hal/utils/src/utils_event.o
 .debug_macro   0x00016cb2      0x34d hal/utils/src/utils_event.o
 .debug_macro   0x00016fff       0x10 hal/utils/src/utils_event.o
 .debug_macro   0x0001700f       0x35 hal/utils/src/utils_event.o
 .debug_macro   0x00017044      0x4e5 hal/utils/src/utils_list.o
 .debug_macro   0x00017529      0x534 hpl/core/hpl_core_m0plus_base.o
 .debug_macro   0x00017a5d      0x558 hpl/core/hpl_init.o
 .debug_macro   0x00017fb5       0x28 hpl/core/hpl_init.o
 .debug_macro   0x00017fdd      0x772 hpl/core/hpl_init.o
 .debug_macro   0x0001874f      0x5c9 hpl/eic/hpl_eic.o
 .debug_macro   0x00018d18      0x256 hpl/eic/hpl_eic.o
 .debug_macro   0x00018f6e      0x4ee hpl/gclk/hpl_gclk.o
 .debug_macro   0x0001945c      0x1f4 hpl/gclk/hpl_gclk.o
 .debug_macro   0x00019650      0x4ea hpl/mclk/hpl_mclk.o
 .debug_macro   0x00019b3a      0x4e5 hpl/osc32kctrl/hpl_osc32kctrl.o
 .debug_macro   0x0001a01f       0xa4 hpl/osc32kctrl/hpl_osc32kctrl.o
 .debug_macro   0x0001a0c3      0x4e5 hpl/oscctrl/hpl_oscctrl.o
 .debug_macro   0x0001a5a8      0x18c hpl/oscctrl/hpl_oscctrl.o
 .debug_macro   0x0001a734      0x4f0 hpl/pm/hpl_pm.o
 .debug_macro   0x0001ac24      0x736 hpl/sercom/hpl_sercom.o
 .debug_macro   0x0001b35a       0x5f hpl/sercom/hpl_sercom.o
 .debug_macro   0x0001b3b9       0x10 hpl/sercom/hpl_sercom.o
 .debug_macro   0x0001b3c9       0x1c hpl/sercom/hpl_sercom.o
 .debug_macro   0x0001b3e5       0x22 hpl/sercom/hpl_sercom.o
 .debug_macro   0x0001b407       0x10 hpl/sercom/hpl_sercom.o
 .debug_macro   0x0001b417      0x5fb main.o
 .debug_macro   0x0001ba12      0x528 sleep_manager/sleep_manager.o
 .debug_macro   0x0001bf3a      0x5fb sleep_manager_main.o

.debug_line     0x00000000    0x1050a
 .debug_line    0x00000000      0xbe4 atmel_start.o
 .debug_line    0x00000be4      0x76a Device_Startup/startup_saml21.o
 .debug_line    0x0000134e      0xcc2 driver_init.o
 .debug_line    0x00002010      0xa87 hal/src/hal_delay.o
 .debug_line    0x00002a97      0xadf hal/src/hal_ext_irq.o
 .debug_line    0x00003576      0xb77 hal/src/hal_i2c_m_sync.o
 .debug_line    0x000040ed      0xa26 hal/utils/src/utils_assert.o
 .debug_line    0x00004b13      0xb7a hal/utils/src/utils_event.o
 .debug_line    0x0000568d      0xaba hal/utils/src/utils_list.o
 .debug_line    0x00006147      0xbf6 hpl/core/hpl_core_m0plus_base.o
 .debug_line    0x00006d3d      0xb06 hpl/core/hpl_init.o
 .debug_line    0x00007843      0xc1a hpl/eic/hpl_eic.o
 .debug_line    0x0000845d      0xa78 hpl/gclk/hpl_gclk.o
 .debug_line    0x00008ed5      0xa56 hpl/mclk/hpl_mclk.o
 .debug_line    0x0000992b      0xa63 hpl/osc32kctrl/hpl_osc32kctrl.o
 .debug_line    0x0000a38e      0xa91 hpl/oscctrl/hpl_oscctrl.o
 .debug_line    0x0000ae1f      0xa95 hpl/pm/hpl_pm.o
 .debug_line    0x0000b8b4     0x28d3 hpl/sercom/hpl_sercom.o
 .debug_line    0x0000e187      0xc2d main.o
 .debug_line    0x0000edb4      0xb63 sleep_manager/sleep_manager.o
 .debug_line    0x0000f917      0xbf3 sleep_manager_main.o

.debug_str      0x00000000    0x915fd
 .debug_str     0x00000000    0x83fb6 atmel_start.o
                              0x844f3 (size before relaxing)
 .debug_str     0x00083fb6      0x524 Device_Startup/startup_saml21.o
                              0x7b79f (size before relaxing)
 .debug_str     0x000844da     0x102d driver_init.o
                              0x854fc (size before relaxing)
 .debug_str     0x00085507       0xb6 hal/src/hal_delay.o
                              0x8319b (size before relaxing)
 .debug_str     0x000855bd       0xcc hal/src/hal_ext_irq.o
                              0x831f6 (size before relaxing)
 .debug_str     0x00085689      0x177 hal/src/hal_i2c_m_sync.o
                              0x83a34 (size before relaxing)
 .debug_str     0x00085800       0x2a hal/utils/src/utils_assert.o
                              0x83141 (size before relaxing)
 .debug_str     0x0008582a     0x2d6a hal/utils/src/utils_event.o
                              0x864ba (size before relaxing)
 .debug_str     0x00088594       0x54 hal/utils/src/utils_list.o
                              0x831eb (size before relaxing)
 .debug_str     0x000885e8      0x2fd hpl/core/hpl_core_m0plus_base.o
                              0x83b8a (size before relaxing)
 .debug_str     0x000888e5     0x19b7 hpl/core/hpl_init.o
                              0x85682 (size before relaxing)
 .debug_str     0x0008a29c      0xd66 hpl/eic/hpl_eic.o
                              0x87306 (size before relaxing)
 .debug_str     0x0008b002      0x81b hpl/gclk/hpl_gclk.o
                              0x83a76 (size before relaxing)
 .debug_str     0x0008b81d       0xa5 hpl/mclk/hpl_mclk.o
                              0x83649 (size before relaxing)
 .debug_str     0x0008b8c2      0x488 hpl/osc32kctrl/hpl_osc32kctrl.o
                              0x83598 (size before relaxing)
 .debug_str     0x0008bd4a      0x8e8 hpl/oscctrl/hpl_oscctrl.o
                              0x83a7b (size before relaxing)
 .debug_str     0x0008c632      0x367 hpl/pm/hpl_pm.o
                              0x834f9 (size before relaxing)
 .debug_str     0x0008c999     0x4994 hpl/sercom/hpl_sercom.o
                              0x88d3d (size before relaxing)
 .debug_str     0x0009132d       0x15 main.o
                              0x84797 (size before relaxing)
 .debug_str     0x00091342      0x295 sleep_manager/sleep_manager.o
                              0x83a62 (size before relaxing)
 .debug_str     0x000915d7       0x26 sleep_manager_main.o
                              0x845b7 (size before relaxing)

.debug_frame    0x00000000     0x16fc
 .debug_frame   0x00000000       0x28 atmel_start.o
 .debug_frame   0x00000028       0x38 Device_Startup/startup_saml21.o
 .debug_frame   0x00000060       0xa0 driver_init.o
 .debug_frame   0x00000100       0x68 hal/src/hal_delay.o
 .debug_frame   0x00000168       0xcc hal/src/hal_ext_irq.o
 .debug_frame   0x00000234      0x164 hal/src/hal_i2c_m_sync.o
 .debug_frame   0x00000398       0x20 hal/utils/src/utils_assert.o
 .debug_frame   0x000003b8       0x70 hal/utils/src/utils_event.o
 .debug_frame   0x00000428       0x88 hal/utils/src/utils_list.o
 .debug_frame   0x000004b0       0xfc hpl/core/hpl_core_m0plus_base.o
 .debug_frame   0x000005ac       0x28 hpl/core/hpl_init.o
 .debug_frame   0x000005d4       0x68 hpl/eic/hpl_eic.o
 .debug_frame   0x0000063c       0x30 hpl/gclk/hpl_gclk.o
 .debug_frame   0x0000066c       0x20 hpl/mclk/hpl_mclk.o
 .debug_frame   0x0000068c       0x20 hpl/osc32kctrl/hpl_osc32kctrl.o
 .debug_frame   0x000006ac       0x30 hpl/oscctrl/hpl_oscctrl.o
 .debug_frame   0x000006dc       0x40 hpl/pm/hpl_pm.o
 .debug_frame   0x0000071c      0xe04 hpl/sercom/hpl_sercom.o
 .debug_frame   0x00001520       0x50 main.o
 .debug_frame   0x00001570       0xe0 sleep_manager/sleep_manager.o
 .debug_frame   0x00001650       0x38 sleep_manager_main.o
 .debug_frame   0x00001688       0x20 c:/program files (x86)/atmel/studio/7.0/toolchain/arm/arm-gnu-toolchain/bin/../lib/gcc/arm-none-eabi/6.3.1/thumb/v6-m\libgcc.a(_udivsi3.o)
 .debug_frame   0x000016a8       0x28 c:/program files (x86)/atmel/studio/7.0/toolchain/arm/arm-gnu-toolchain/bin/../lib/gcc/arm-none-eabi/6.3.1/thumb/v6-m\libgcc.a(_ffssi2.o)
 .debug_frame   0x000016d0       0x2c c:/program files (x86)/atmel/studio/7.0/toolchain/arm/arm-gnu-toolchain/bin/../lib/gcc/arm-none-eabi/6.3.1/../../../../arm-none-eabi/lib/thumb/v6-m\libc_nano.a(lib_a-init.o)
